---
source: tests/fixtures.rs
assertion_line: 1422
expression: transcript
---
fixture: tests/fixtures/diagnostics/types/generic_variant_payload_pattern_mismatch.ml

compile:
status: failure(1)
stdout:
<empty>
stderr:
Error: stage0::source

  × match pattern has incompatible type
   ╭─[tests/fixtures/diagnostics/types/generic_variant_payload_pattern_mismatch.ml:5:10]
 4 │   match value {
 5 │     Some("one") -> "one",
   ·          ──┬──
   ·            ╰── pattern has type `String`, but the matched value has type `i64`
 6 │     _ -> "other"
   ╰────
  help: use patterns with the same type as the matched value
