---
source: tests/fixtures.rs
expression: transcript
---
fixture: tests/fixtures/programs/basic/compiler_like_actor_message_constraints.ml

compile:
status: success
stdout:
<empty>
stderr:
<empty>

run:
status: success
stdout:
refined:ActorId<box<i64>>
heterogeneous:ActorId<Unknown>
stderr:
<empty>
