{
  "initial": {
    "entry": [
      {
        "binding": {
          "expr": {
            "call": {
              "arguments": [
                {
                  "kind": "literal",
                  "literal": {
                    "kind": "string",
                    "value": "raml"
                  }
                },
                {
                  "kind": "literal",
                  "literal": {
                    "kind": "int",
                    "value": 5
                  }
                }
              ],
              "callee": {
                "kind": "direct",
                "name": "raml_tuple_make_2"
              }
            },
            "kind": "call"
          },
          "name": "pair"
        },
        "kind": "binding"
      },
      {
        "expr": {
          "kind": "let",
          "let": {
            "bindings": [
              {
                "expr": {
                  "kind": "symbol",
                  "name": "pair"
                },
                "name": "__raml_tuple_8"
              }
            ],
            "body": {
              "kind": "let",
              "let": {
                "bindings": [
                  {
                    "expr": {
                      "call": {
                        "arguments": [
                          {
                            "kind": "symbol",
                            "name": "__raml_tuple_8"
                          },
                          {
                            "kind": "literal",
                            "literal": {
                              "kind": "int",
                              "value": 0
                            }
                          }
                        ],
                        "callee": {
                          "kind": "direct",
                          "name": "raml_tuple_get"
                        }
                      },
                      "kind": "call"
                    },
                    "name": "name"
                  }
                ],
                "body": {
                  "kind": "let",
                  "let": {
                    "bindings": [
                      {
                        "expr": {
                          "call": {
                            "arguments": [
                              {
                                "kind": "symbol",
                                "name": "__raml_tuple_8"
                              },
                              {
                                "kind": "literal",
                                "literal": {
                                  "kind": "int",
                                  "value": 1
                                }
                              }
                            ],
                            "callee": {
                              "kind": "direct",
                              "name": "raml_tuple_get"
                            }
                          },
                          "kind": "call"
                        },
                        "name": "n"
                      }
                    ],
                    "body": {
                      "kind": "let",
                      "let": {
                        "bindings": [
                          {
                            "expr": {
                              "call": {
                                "arguments": [
                                  {
                                    "kind": "symbol",
                                    "name": "pair"
                                  }
                                ],
                                "callee": {
                                  "kind": "direct",
                                  "name": "swap"
                                }
                              },
                              "kind": "call"
                            },
                            "name": "__raml_tuple_11"
                          }
                        ],
                        "body": {
                          "kind": "let",
                          "let": {
                            "bindings": [
                              {
                                "expr": {
                                  "call": {
                                    "arguments": [
                                      {
                                        "kind": "symbol",
                                        "name": "__raml_tuple_11"
                                      },
                                      {
                                        "kind": "literal",
                                        "literal": {
                                          "kind": "int",
                                          "value": 0
                                        }
                                      }
                                    ],
                                    "callee": {
                                      "kind": "direct",
                                      "name": "raml_tuple_get"
                                    }
                                  },
                                  "kind": "call"
                                },
                                "name": "n2"
                              }
                            ],
                            "body": {
                              "kind": "let",
                              "let": {
                                "bindings": [
                                  {
                                    "expr": {
                                      "call": {
                                        "arguments": [
                                          {
                                            "kind": "symbol",
                                            "name": "__raml_tuple_11"
                                          },
                                          {
                                            "kind": "literal",
                                            "literal": {
                                              "kind": "int",
                                              "value": 1
                                            }
                                          }
                                        ],
                                        "callee": {
                                          "kind": "direct",
                                          "name": "raml_tuple_get"
                                        }
                                      },
                                      "kind": "call"
                                    },
                                    "name": "name2"
                                  }
                                ],
                                "body": {
                                  "call": {
                                    "arguments": [
                                      {
                                        "kind": "literal",
                                        "literal": {
                                          "kind": "string",
                                          "value": "%s %d %d %s\\n"
                                        }
                                      },
                                      {
                                        "kind": "symbol",
                                        "name": "name"
                                      },
                                      {
                                        "kind": "symbol",
                                        "name": "n"
                                      },
                                      {
                                        "kind": "symbol",
                                        "name": "n2"
                                      },
                                      {
                                        "kind": "symbol",
                                        "name": "name2"
                                      }
                                    ],
                                    "callee": {
                                      "kind": "direct",
                                      "name": "Printf.printf"
                                    }
                                  },
                                  "kind": "call"
                                }
                              }
                            }
                          }
                        }
                      }
                    }
                  }
                }
              }
            }
          }
        },
        "kind": "eval"
      }
    ],
    "exports": [
      {
        "name": "pair",
        "symbol": "pair"
      },
      {
        "name": "swap",
        "symbol": "swap"
      }
    ],
    "functions": [
      {
        "body": {
          "kind": "let",
          "let": {
            "bindings": [
              {
                "expr": {
                  "kind": "symbol",
                  "name": "__raml_param_6_0"
                },
                "name": "__raml_tuple_4"
              }
            ],
            "body": {
              "kind": "let",
              "let": {
                "bindings": [
                  {
                    "expr": {
                      "call": {
                        "arguments": [
                          {
                            "kind": "symbol",
                            "name": "__raml_tuple_4"
                          },
                          {
                            "kind": "literal",
                            "literal": {
                              "kind": "int",
                              "value": 0
                            }
                          }
                        ],
                        "callee": {
                          "kind": "direct",
                          "name": "raml_tuple_get"
                        }
                      },
                      "kind": "call"
                    },
                    "name": "a"
                  }
                ],
                "body": {
                  "kind": "let",
                  "let": {
                    "bindings": [
                      {
                        "expr": {
                          "call": {
                            "arguments": [
                              {
                                "kind": "symbol",
                                "name": "__raml_tuple_4"
                              },
                              {
                                "kind": "literal",
                                "literal": {
                                  "kind": "int",
                                  "value": 1
                                }
                              }
                            ],
                            "callee": {
                              "kind": "direct",
                              "name": "raml_tuple_get"
                            }
                          },
                          "kind": "call"
                        },
                        "name": "b"
                      }
                    ],
                    "body": {
                      "call": {
                        "arguments": [
                          {
                            "kind": "symbol",
                            "name": "b"
                          },
                          {
                            "kind": "symbol",
                            "name": "a"
                          }
                        ],
                        "callee": {
                          "kind": "direct",
                          "name": "raml_tuple_make_2"
                        }
                      },
                      "kind": "call"
                    }
                  }
                }
              }
            }
          }
        },
        "name": "swap",
        "params": [
          "__raml_param_6_0"
        ]
      }
    ],
    "imports": [
      {
        "linkage": "runtime",
        "symbol": "raml_tuple_get"
      },
      {
        "linkage": "runtime",
        "symbol": "raml_tuple_make_2"
      }
    ],
    "module_name": "Tuples_and_patterns",
    "runtime_helpers": [
      {
        "name": "raml_tuple_get",
        "symbol": "raml_tuple_get"
      },
      {
        "name": "raml_tuple_make_2",
        "symbol": "raml_tuple_make_2"
      }
    ]
  },
  "passes": {
    "normalize": {
      "entry": [
        {
          "binding": {
            "expr": {
              "call": {
                "arguments": [
                  {
                    "kind": "literal",
                    "literal": {
                      "kind": "string",
                      "value": "raml"
                    }
                  },
                  {
                    "kind": "literal",
                    "literal": {
                      "kind": "int",
                      "value": 5
                    }
                  }
                ],
                "callee": {
                  "kind": "direct",
                  "name": "raml_tuple_make_2"
                }
              },
              "kind": "call"
            },
            "name": "pair"
          },
          "kind": "binding"
        },
        {
          "expr": {
            "kind": "let",
            "let": {
              "bindings": [
                {
                  "expr": {
                    "kind": "symbol",
                    "name": "pair"
                  },
                  "name": "__raml_tuple_8"
                }
              ],
              "body": {
                "kind": "let",
                "let": {
                  "bindings": [
                    {
                      "expr": {
                        "call": {
                          "arguments": [
                            {
                              "kind": "symbol",
                              "name": "__raml_tuple_8"
                            },
                            {
                              "kind": "literal",
                              "literal": {
                                "kind": "int",
                                "value": 0
                              }
                            }
                          ],
                          "callee": {
                            "kind": "direct",
                            "name": "raml_tuple_get"
                          }
                        },
                        "kind": "call"
                      },
                      "name": "name"
                    }
                  ],
                  "body": {
                    "kind": "let",
                    "let": {
                      "bindings": [
                        {
                          "expr": {
                            "call": {
                              "arguments": [
                                {
                                  "kind": "symbol",
                                  "name": "__raml_tuple_8"
                                },
                                {
                                  "kind": "literal",
                                  "literal": {
                                    "kind": "int",
                                    "value": 1
                                  }
                                }
                              ],
                              "callee": {
                                "kind": "direct",
                                "name": "raml_tuple_get"
                              }
                            },
                            "kind": "call"
                          },
                          "name": "n"
                        }
                      ],
                      "body": {
                        "kind": "let",
                        "let": {
                          "bindings": [
                            {
                              "expr": {
                                "call": {
                                  "arguments": [
                                    {
                                      "kind": "symbol",
                                      "name": "pair"
                                    }
                                  ],
                                  "callee": {
                                    "kind": "direct",
                                    "name": "swap"
                                  }
                                },
                                "kind": "call"
                              },
                              "name": "__raml_tuple_11"
                            }
                          ],
                          "body": {
                            "kind": "let",
                            "let": {
                              "bindings": [
                                {
                                  "expr": {
                                    "call": {
                                      "arguments": [
                                        {
                                          "kind": "symbol",
                                          "name": "__raml_tuple_11"
                                        },
                                        {
                                          "kind": "literal",
                                          "literal": {
                                            "kind": "int",
                                            "value": 0
                                          }
                                        }
                                      ],
                                      "callee": {
                                        "kind": "direct",
                                        "name": "raml_tuple_get"
                                      }
                                    },
                                    "kind": "call"
                                  },
                                  "name": "n2"
                                }
                              ],
                              "body": {
                                "kind": "let",
                                "let": {
                                  "bindings": [
                                    {
                                      "expr": {
                                        "call": {
                                          "arguments": [
                                            {
                                              "kind": "symbol",
                                              "name": "__raml_tuple_11"
                                            },
                                            {
                                              "kind": "literal",
                                              "literal": {
                                                "kind": "int",
                                                "value": 1
                                              }
                                            }
                                          ],
                                          "callee": {
                                            "kind": "direct",
                                            "name": "raml_tuple_get"
                                          }
                                        },
                                        "kind": "call"
                                      },
                                      "name": "name2"
                                    }
                                  ],
                                  "body": {
                                    "call": {
                                      "arguments": [
                                        {
                                          "kind": "literal",
                                          "literal": {
                                            "kind": "string",
                                            "value": "%s %d %d %s\\n"
                                          }
                                        },
                                        {
                                          "kind": "symbol",
                                          "name": "name"
                                        },
                                        {
                                          "kind": "symbol",
                                          "name": "n"
                                        },
                                        {
                                          "kind": "symbol",
                                          "name": "n2"
                                        },
                                        {
                                          "kind": "symbol",
                                          "name": "name2"
                                        }
                                      ],
                                      "callee": {
                                        "kind": "direct",
                                        "name": "Printf.printf"
                                      }
                                    },
                                    "kind": "call"
                                  }
                                }
                              }
                            }
                          }
                        }
                      }
                    }
                  }
                }
              }
            }
          },
          "kind": "eval"
        }
      ],
      "exports": [
        {
          "name": "pair",
          "symbol": "pair"
        },
        {
          "name": "swap",
          "symbol": "swap"
        }
      ],
      "functions": [
        {
          "body": {
            "kind": "let",
            "let": {
              "bindings": [
                {
                  "expr": {
                    "kind": "symbol",
                    "name": "__raml_param_6_0"
                  },
                  "name": "__raml_tuple_4"
                }
              ],
              "body": {
                "kind": "let",
                "let": {
                  "bindings": [
                    {
                      "expr": {
                        "call": {
                          "arguments": [
                            {
                              "kind": "symbol",
                              "name": "__raml_tuple_4"
                            },
                            {
                              "kind": "literal",
                              "literal": {
                                "kind": "int",
                                "value": 0
                              }
                            }
                          ],
                          "callee": {
                            "kind": "direct",
                            "name": "raml_tuple_get"
                          }
                        },
                        "kind": "call"
                      },
                      "name": "a"
                    }
                  ],
                  "body": {
                    "kind": "let",
                    "let": {
                      "bindings": [
                        {
                          "expr": {
                            "call": {
                              "arguments": [
                                {
                                  "kind": "symbol",
                                  "name": "__raml_tuple_4"
                                },
                                {
                                  "kind": "literal",
                                  "literal": {
                                    "kind": "int",
                                    "value": 1
                                  }
                                }
                              ],
                              "callee": {
                                "kind": "direct",
                                "name": "raml_tuple_get"
                              }
                            },
                            "kind": "call"
                          },
                          "name": "b"
                        }
                      ],
                      "body": {
                        "call": {
                          "arguments": [
                            {
                              "kind": "symbol",
                              "name": "b"
                            },
                            {
                              "kind": "symbol",
                              "name": "a"
                            }
                          ],
                          "callee": {
                            "kind": "direct",
                            "name": "raml_tuple_make_2"
                          }
                        },
                        "kind": "call"
                      }
                    }
                  }
                }
              }
            }
          },
          "name": "swap",
          "params": [
            "__raml_param_6_0"
          ]
        }
      ],
      "imports": [
        {
          "linkage": "runtime",
          "symbol": "raml_tuple_get"
        },
        {
          "linkage": "runtime",
          "symbol": "raml_tuple_make_2"
        }
      ],
      "module_name": "Tuples_and_patterns",
      "runtime_helpers": [
        {
          "name": "raml_tuple_get",
          "symbol": "raml_tuple_get"
        },
        {
          "name": "raml_tuple_make_2",
          "symbol": "raml_tuple_make_2"
        }
      ]
    },
    "simplify": {
      "entry": [
        {
          "binding": {
            "expr": {
              "call": {
                "arguments": [
                  {
                    "kind": "literal",
                    "literal": {
                      "kind": "string",
                      "value": "raml"
                    }
                  },
                  {
                    "kind": "literal",
                    "literal": {
                      "kind": "int",
                      "value": 5
                    }
                  }
                ],
                "callee": {
                  "kind": "direct",
                  "name": "raml_tuple_make_2"
                }
              },
              "kind": "call"
            },
            "name": "pair"
          },
          "kind": "binding"
        },
        {
          "expr": {
            "kind": "let",
            "let": {
              "bindings": [
                {
                  "expr": {
                    "kind": "symbol",
                    "name": "pair"
                  },
                  "name": "__raml_tuple_8"
                }
              ],
              "body": {
                "kind": "let",
                "let": {
                  "bindings": [
                    {
                      "expr": {
                        "call": {
                          "arguments": [
                            {
                              "kind": "symbol",
                              "name": "__raml_tuple_8"
                            },
                            {
                              "kind": "literal",
                              "literal": {
                                "kind": "int",
                                "value": 0
                              }
                            }
                          ],
                          "callee": {
                            "kind": "direct",
                            "name": "raml_tuple_get"
                          }
                        },
                        "kind": "call"
                      },
                      "name": "name"
                    }
                  ],
                  "body": {
                    "kind": "let",
                    "let": {
                      "bindings": [
                        {
                          "expr": {
                            "call": {
                              "arguments": [
                                {
                                  "kind": "symbol",
                                  "name": "__raml_tuple_8"
                                },
                                {
                                  "kind": "literal",
                                  "literal": {
                                    "kind": "int",
                                    "value": 1
                                  }
                                }
                              ],
                              "callee": {
                                "kind": "direct",
                                "name": "raml_tuple_get"
                              }
                            },
                            "kind": "call"
                          },
                          "name": "n"
                        }
                      ],
                      "body": {
                        "kind": "let",
                        "let": {
                          "bindings": [
                            {
                              "expr": {
                                "call": {
                                  "arguments": [
                                    {
                                      "kind": "symbol",
                                      "name": "pair"
                                    }
                                  ],
                                  "callee": {
                                    "kind": "direct",
                                    "name": "swap"
                                  }
                                },
                                "kind": "call"
                              },
                              "name": "__raml_tuple_11"
                            }
                          ],
                          "body": {
                            "kind": "let",
                            "let": {
                              "bindings": [
                                {
                                  "expr": {
                                    "call": {
                                      "arguments": [
                                        {
                                          "kind": "symbol",
                                          "name": "__raml_tuple_11"
                                        },
                                        {
                                          "kind": "literal",
                                          "literal": {
                                            "kind": "int",
                                            "value": 0
                                          }
                                        }
                                      ],
                                      "callee": {
                                        "kind": "direct",
                                        "name": "raml_tuple_get"
                                      }
                                    },
                                    "kind": "call"
                                  },
                                  "name": "n2"
                                }
                              ],
                              "body": {
                                "kind": "let",
                                "let": {
                                  "bindings": [
                                    {
                                      "expr": {
                                        "call": {
                                          "arguments": [
                                            {
                                              "kind": "symbol",
                                              "name": "__raml_tuple_11"
                                            },
                                            {
                                              "kind": "literal",
                                              "literal": {
                                                "kind": "int",
                                                "value": 1
                                              }
                                            }
                                          ],
                                          "callee": {
                                            "kind": "direct",
                                            "name": "raml_tuple_get"
                                          }
                                        },
                                        "kind": "call"
                                      },
                                      "name": "name2"
                                    }
                                  ],
                                  "body": {
                                    "call": {
                                      "arguments": [
                                        {
                                          "kind": "literal",
                                          "literal": {
                                            "kind": "string",
                                            "value": "%s %d %d %s\\n"
                                          }
                                        },
                                        {
                                          "kind": "symbol",
                                          "name": "name"
                                        },
                                        {
                                          "kind": "symbol",
                                          "name": "n"
                                        },
                                        {
                                          "kind": "symbol",
                                          "name": "n2"
                                        },
                                        {
                                          "kind": "symbol",
                                          "name": "name2"
                                        }
                                      ],
                                      "callee": {
                                        "kind": "direct",
                                        "name": "Printf.printf"
                                      }
                                    },
                                    "kind": "call"
                                  }
                                }
                              }
                            }
                          }
                        }
                      }
                    }
                  }
                }
              }
            }
          },
          "kind": "eval"
        }
      ],
      "exports": [
        {
          "name": "pair",
          "symbol": "pair"
        },
        {
          "name": "swap",
          "symbol": "swap"
        }
      ],
      "functions": [
        {
          "body": {
            "kind": "let",
            "let": {
              "bindings": [
                {
                  "expr": {
                    "kind": "symbol",
                    "name": "__raml_param_6_0"
                  },
                  "name": "__raml_tuple_4"
                }
              ],
              "body": {
                "kind": "let",
                "let": {
                  "bindings": [
                    {
                      "expr": {
                        "call": {
                          "arguments": [
                            {
                              "kind": "symbol",
                              "name": "__raml_tuple_4"
                            },
                            {
                              "kind": "literal",
                              "literal": {
                                "kind": "int",
                                "value": 0
                              }
                            }
                          ],
                          "callee": {
                            "kind": "direct",
                            "name": "raml_tuple_get"
                          }
                        },
                        "kind": "call"
                      },
                      "name": "a"
                    }
                  ],
                  "body": {
                    "kind": "let",
                    "let": {
                      "bindings": [
                        {
                          "expr": {
                            "call": {
                              "arguments": [
                                {
                                  "kind": "symbol",
                                  "name": "__raml_tuple_4"
                                },
                                {
                                  "kind": "literal",
                                  "literal": {
                                    "kind": "int",
                                    "value": 1
                                  }
                                }
                              ],
                              "callee": {
                                "kind": "direct",
                                "name": "raml_tuple_get"
                              }
                            },
                            "kind": "call"
                          },
                          "name": "b"
                        }
                      ],
                      "body": {
                        "call": {
                          "arguments": [
                            {
                              "kind": "symbol",
                              "name": "b"
                            },
                            {
                              "kind": "symbol",
                              "name": "a"
                            }
                          ],
                          "callee": {
                            "kind": "direct",
                            "name": "raml_tuple_make_2"
                          }
                        },
                        "kind": "call"
                      }
                    }
                  }
                }
              }
            }
          },
          "name": "swap",
          "params": [
            "__raml_param_6_0"
          ]
        }
      ],
      "imports": [
        {
          "linkage": "runtime",
          "symbol": "raml_tuple_get"
        },
        {
          "linkage": "runtime",
          "symbol": "raml_tuple_make_2"
        }
      ],
      "module_name": "Tuples_and_patterns",
      "runtime_helpers": [
        {
          "name": "raml_tuple_get",
          "symbol": "raml_tuple_get"
        },
        {
          "name": "raml_tuple_make_2",
          "symbol": "raml_tuple_make_2"
        }
      ]
    }
  },
  "program": {
    "entry": [
      {
        "binding": {
          "expr": {
            "call": {
              "arguments": [
                {
                  "kind": "literal",
                  "literal": {
                    "kind": "string",
                    "value": "raml"
                  }
                },
                {
                  "kind": "literal",
                  "literal": {
                    "kind": "int",
                    "value": 5
                  }
                }
              ],
              "callee": {
                "kind": "direct",
                "name": "raml_tuple_make_2"
              }
            },
            "kind": "call"
          },
          "name": "pair"
        },
        "kind": "binding"
      },
      {
        "expr": {
          "kind": "let",
          "let": {
            "bindings": [
              {
                "expr": {
                  "kind": "symbol",
                  "name": "pair"
                },
                "name": "__raml_tuple_8"
              }
            ],
            "body": {
              "kind": "let",
              "let": {
                "bindings": [
                  {
                    "expr": {
                      "call": {
                        "arguments": [
                          {
                            "kind": "symbol",
                            "name": "__raml_tuple_8"
                          },
                          {
                            "kind": "literal",
                            "literal": {
                              "kind": "int",
                              "value": 0
                            }
                          }
                        ],
                        "callee": {
                          "kind": "direct",
                          "name": "raml_tuple_get"
                        }
                      },
                      "kind": "call"
                    },
                    "name": "name"
                  }
                ],
                "body": {
                  "kind": "let",
                  "let": {
                    "bindings": [
                      {
                        "expr": {
                          "call": {
                            "arguments": [
                              {
                                "kind": "symbol",
                                "name": "__raml_tuple_8"
                              },
                              {
                                "kind": "literal",
                                "literal": {
                                  "kind": "int",
                                  "value": 1
                                }
                              }
                            ],
                            "callee": {
                              "kind": "direct",
                              "name": "raml_tuple_get"
                            }
                          },
                          "kind": "call"
                        },
                        "name": "n"
                      }
                    ],
                    "body": {
                      "kind": "let",
                      "let": {
                        "bindings": [
                          {
                            "expr": {
                              "call": {
                                "arguments": [
                                  {
                                    "kind": "symbol",
                                    "name": "pair"
                                  }
                                ],
                                "callee": {
                                  "kind": "direct",
                                  "name": "swap"
                                }
                              },
                              "kind": "call"
                            },
                            "name": "__raml_tuple_11"
                          }
                        ],
                        "body": {
                          "kind": "let",
                          "let": {
                            "bindings": [
                              {
                                "expr": {
                                  "call": {
                                    "arguments": [
                                      {
                                        "kind": "symbol",
                                        "name": "__raml_tuple_11"
                                      },
                                      {
                                        "kind": "literal",
                                        "literal": {
                                          "kind": "int",
                                          "value": 0
                                        }
                                      }
                                    ],
                                    "callee": {
                                      "kind": "direct",
                                      "name": "raml_tuple_get"
                                    }
                                  },
                                  "kind": "call"
                                },
                                "name": "n2"
                              }
                            ],
                            "body": {
                              "kind": "let",
                              "let": {
                                "bindings": [
                                  {
                                    "expr": {
                                      "call": {
                                        "arguments": [
                                          {
                                            "kind": "symbol",
                                            "name": "__raml_tuple_11"
                                          },
                                          {
                                            "kind": "literal",
                                            "literal": {
                                              "kind": "int",
                                              "value": 1
                                            }
                                          }
                                        ],
                                        "callee": {
                                          "kind": "direct",
                                          "name": "raml_tuple_get"
                                        }
                                      },
                                      "kind": "call"
                                    },
                                    "name": "name2"
                                  }
                                ],
                                "body": {
                                  "call": {
                                    "arguments": [
                                      {
                                        "kind": "literal",
                                        "literal": {
                                          "kind": "string",
                                          "value": "%s %d %d %s\\n"
                                        }
                                      },
                                      {
                                        "kind": "symbol",
                                        "name": "name"
                                      },
                                      {
                                        "kind": "symbol",
                                        "name": "n"
                                      },
                                      {
                                        "kind": "symbol",
                                        "name": "n2"
                                      },
                                      {
                                        "kind": "symbol",
                                        "name": "name2"
                                      }
                                    ],
                                    "callee": {
                                      "kind": "direct",
                                      "name": "Printf.printf"
                                    }
                                  },
                                  "kind": "call"
                                }
                              }
                            }
                          }
                        }
                      }
                    }
                  }
                }
              }
            }
          }
        },
        "kind": "eval"
      }
    ],
    "exports": [
      {
        "name": "pair",
        "symbol": "pair"
      },
      {
        "name": "swap",
        "symbol": "swap"
      }
    ],
    "functions": [
      {
        "body": {
          "kind": "let",
          "let": {
            "bindings": [
              {
                "expr": {
                  "kind": "symbol",
                  "name": "__raml_param_6_0"
                },
                "name": "__raml_tuple_4"
              }
            ],
            "body": {
              "kind": "let",
              "let": {
                "bindings": [
                  {
                    "expr": {
                      "call": {
                        "arguments": [
                          {
                            "kind": "symbol",
                            "name": "__raml_tuple_4"
                          },
                          {
                            "kind": "literal",
                            "literal": {
                              "kind": "int",
                              "value": 0
                            }
                          }
                        ],
                        "callee": {
                          "kind": "direct",
                          "name": "raml_tuple_get"
                        }
                      },
                      "kind": "call"
                    },
                    "name": "a"
                  }
                ],
                "body": {
                  "kind": "let",
                  "let": {
                    "bindings": [
                      {
                        "expr": {
                          "call": {
                            "arguments": [
                              {
                                "kind": "symbol",
                                "name": "__raml_tuple_4"
                              },
                              {
                                "kind": "literal",
                                "literal": {
                                  "kind": "int",
                                  "value": 1
                                }
                              }
                            ],
                            "callee": {
                              "kind": "direct",
                              "name": "raml_tuple_get"
                            }
                          },
                          "kind": "call"
                        },
                        "name": "b"
                      }
                    ],
                    "body": {
                      "call": {
                        "arguments": [
                          {
                            "kind": "symbol",
                            "name": "b"
                          },
                          {
                            "kind": "symbol",
                            "name": "a"
                          }
                        ],
                        "callee": {
                          "kind": "direct",
                          "name": "raml_tuple_make_2"
                        }
                      },
                      "kind": "call"
                    }
                  }
                }
              }
            }
          }
        },
        "name": "swap",
        "params": [
          "__raml_param_6_0"
        ]
      }
    ],
    "imports": [
      {
        "linkage": "runtime",
        "symbol": "raml_tuple_get"
      },
      {
        "linkage": "runtime",
        "symbol": "raml_tuple_make_2"
      }
    ],
    "module_name": "Tuples_and_patterns",
    "runtime_helpers": [
      {
        "name": "raml_tuple_get",
        "symbol": "raml_tuple_get"
      },
      {
        "name": "raml_tuple_make_2",
        "symbol": "raml_tuple_make_2"
      }
    ]
  },
  "status": "ok"
}