{
  "exports": [
    {
      "name": "pair",
      "symbol": "pair"
    },
    {
      "name": "swap",
      "symbol": "swap"
    }
  ],
  "module_name": "Tuples_and_patterns",
  "procedures": [
    {
      "body": [
        {
          "dst": "t0",
          "kind": "move",
          "src": {
            "kind": "register",
            "name": "__raml_param_6_0"
          }
        },
        {
          "dst": "t1",
          "kind": "move",
          "src": {
            "kind": "literal",
            "literal": {
              "kind": "int",
              "value": 0
            }
          }
        },
        {
          "arguments": [
            {
              "kind": "register",
              "name": "t0"
            },
            {
              "kind": "register",
              "name": "t1"
            }
          ],
          "callee": {
            "kind": "direct",
            "name": "raml_tuple_get"
          },
          "dst": "t2",
          "kind": "call"
        },
        {
          "dst": "t3",
          "kind": "move",
          "src": {
            "kind": "register",
            "name": "t2"
          }
        },
        {
          "dst": "t4",
          "kind": "move",
          "src": {
            "kind": "literal",
            "literal": {
              "kind": "int",
              "value": 1
            }
          }
        },
        {
          "arguments": [
            {
              "kind": "register",
              "name": "t0"
            },
            {
              "kind": "register",
              "name": "t4"
            }
          ],
          "callee": {
            "kind": "direct",
            "name": "raml_tuple_get"
          },
          "dst": "t5",
          "kind": "call"
        },
        {
          "dst": "t6",
          "kind": "move",
          "src": {
            "kind": "register",
            "name": "t5"
          }
        },
        {
          "arguments": [
            {
              "kind": "register",
              "name": "t6"
            },
            {
              "kind": "register",
              "name": "t3"
            }
          ],
          "callee": {
            "kind": "direct",
            "name": "raml_tuple_make_2"
          },
          "dst": "t7",
          "kind": "call"
        },
        {
          "kind": "return",
          "operand": {
            "kind": "register",
            "name": "t7"
          }
        }
      ],
      "kind": "function",
      "name": "swap",
      "params": [
        "__raml_param_6_0"
      ]
    },
    {
      "body": [
        {
          "dst": "t0",
          "kind": "move",
          "src": {
            "kind": "literal",
            "literal": {
              "kind": "string",
              "value": "raml"
            }
          }
        },
        {
          "dst": "t1",
          "kind": "move",
          "src": {
            "kind": "literal",
            "literal": {
              "kind": "int",
              "value": 5
            }
          }
        },
        {
          "arguments": [
            {
              "kind": "register",
              "name": "t0"
            },
            {
              "kind": "register",
              "name": "t1"
            }
          ],
          "callee": {
            "kind": "direct",
            "name": "raml_tuple_make_2"
          },
          "dst": "t2",
          "kind": "call"
        },
        {
          "kind": "store_global",
          "src": {
            "kind": "register",
            "name": "t2"
          },
          "symbol": "pair"
        },
        {
          "dst": "t3",
          "kind": "move",
          "src": {
            "kind": "global",
            "name": "pair"
          }
        },
        {
          "dst": "t4",
          "kind": "move",
          "src": {
            "kind": "literal",
            "literal": {
              "kind": "int",
              "value": 0
            }
          }
        },
        {
          "arguments": [
            {
              "kind": "register",
              "name": "t3"
            },
            {
              "kind": "register",
              "name": "t4"
            }
          ],
          "callee": {
            "kind": "direct",
            "name": "raml_tuple_get"
          },
          "dst": "t5",
          "kind": "call"
        },
        {
          "dst": "t6",
          "kind": "move",
          "src": {
            "kind": "register",
            "name": "t5"
          }
        },
        {
          "dst": "t7",
          "kind": "move",
          "src": {
            "kind": "literal",
            "literal": {
              "kind": "int",
              "value": 1
            }
          }
        },
        {
          "arguments": [
            {
              "kind": "register",
              "name": "t3"
            },
            {
              "kind": "register",
              "name": "t7"
            }
          ],
          "callee": {
            "kind": "direct",
            "name": "raml_tuple_get"
          },
          "dst": "t8",
          "kind": "call"
        },
        {
          "dst": "t9",
          "kind": "move",
          "src": {
            "kind": "register",
            "name": "t8"
          }
        },
        {
          "arguments": [
            {
              "kind": "global",
              "name": "pair"
            }
          ],
          "callee": {
            "kind": "direct",
            "name": "swap"
          },
          "dst": "t10",
          "kind": "call"
        },
        {
          "dst": "t11",
          "kind": "move",
          "src": {
            "kind": "register",
            "name": "t10"
          }
        },
        {
          "dst": "t12",
          "kind": "move",
          "src": {
            "kind": "literal",
            "literal": {
              "kind": "int",
              "value": 0
            }
          }
        },
        {
          "arguments": [
            {
              "kind": "register",
              "name": "t11"
            },
            {
              "kind": "register",
              "name": "t12"
            }
          ],
          "callee": {
            "kind": "direct",
            "name": "raml_tuple_get"
          },
          "dst": "t13",
          "kind": "call"
        },
        {
          "dst": "t14",
          "kind": "move",
          "src": {
            "kind": "register",
            "name": "t13"
          }
        },
        {
          "dst": "t15",
          "kind": "move",
          "src": {
            "kind": "literal",
            "literal": {
              "kind": "int",
              "value": 1
            }
          }
        },
        {
          "arguments": [
            {
              "kind": "register",
              "name": "t11"
            },
            {
              "kind": "register",
              "name": "t15"
            }
          ],
          "callee": {
            "kind": "direct",
            "name": "raml_tuple_get"
          },
          "dst": "t16",
          "kind": "call"
        },
        {
          "dst": "t17",
          "kind": "move",
          "src": {
            "kind": "register",
            "name": "t16"
          }
        },
        {
          "dst": "t18",
          "kind": "move",
          "src": {
            "kind": "literal",
            "literal": {
              "kind": "string",
              "value": "%s %d %d %s\\n"
            }
          }
        },
        {
          "arguments": [
            {
              "kind": "register",
              "name": "t18"
            },
            {
              "kind": "register",
              "name": "t6"
            },
            {
              "kind": "register",
              "name": "t9"
            },
            {
              "kind": "register",
              "name": "t14"
            },
            {
              "kind": "register",
              "name": "t17"
            }
          ],
          "callee": {
            "kind": "direct",
            "name": "Printf.printf"
          },
          "dst": "t19",
          "kind": "call"
        }
      ],
      "kind": "entry",
      "name": "__entry__",
      "params": []
    }
  ]
}