{
  "blocked_on": "core_ir",
  "errors": [
    {
      "diagnostic": {
        "id": "TYP2001",
        "message": "unbound name: print_string",
        "name": "unbound-name",
        "name_text": "print_string",
        "reference_span": {
          "end": 71,
          "start": 56
        },
        "severity": "error"
      },
      "stage": "typing"
    },
    {
      "diagnostic": {
        "id": "TYP2001",
        "message": "unbound name: print_char",
        "name": "unbound-name",
        "name_text": "print_char",
        "reference_span": {
          "end": 91,
          "start": 78
        },
        "severity": "error"
      },
      "stage": "typing"
    },
    {
      "diagnostic": {
        "id": "TYP2001",
        "message": "unbound name: print_int",
        "name": "unbound-name",
        "name_text": "print_int",
        "reference_span": {
          "end": 108,
          "start": 96
        },
        "severity": "error"
      },
      "stage": "typing"
    },
    {
      "diagnostic": {
        "id": "TYP2001",
        "message": "unbound name: print_char",
        "name": "unbound-name",
        "name_text": "print_char",
        "reference_span": {
          "end": 124,
          "start": 111
        },
        "severity": "error"
      },
      "stage": "typing"
    },
    {
      "diagnostic": {
        "id": "TYP2001",
        "message": "unbound name: print_newline",
        "name": "unbound-name",
        "name_text": "print_newline",
        "reference_span": {
          "end": 234,
          "start": 218
        },
        "severity": "error"
      },
      "stage": "typing"
    }
  ],
  "status": "blocked"
}