.section __TEXT, __cstring, cstring_literals
.p2align 0
L__raml_str_0:
.asciz "left"
.p2align 0
L__raml_str_1:
.asciz "right"

.data
.globl _selected
.p2align 3
_selected:
.quad 0

.text
.p2align 2
_raml_poll:
ret

.globl _choose__local_decide_0
.p2align 2
_choose__local_decide_0:
mov x11, x0
mov x13, x1
mov x12, x2
mov x9, x11
cbz x9, L__raml_else_0
mov x9, x13
mov x11, x9
b L__raml_endif_1
L__raml_else_0:
mov x9, x12
mov x11, x9
L__raml_endif_1:
mov x0, x11
ret

.globl _choose
.p2align 2
_choose:
stp x29, x30, [sp, #-16]!
mov x29, sp
sub sp, sp, #16
str x19, [sp, #0]
mov x19, x0
bl _raml_poll
mov x0, x19
adrp x1, L__raml_str_0@PAGE
add x1, x1, L__raml_str_0@PAGEOFF
adrp x2, L__raml_str_1@PAGE
add x2, x2, L__raml_str_1@PAGEOFF
bl _choose__local_decide_0
mov x11, x0
mov x0, x11
ldr x19, [sp, #0]
add sp, sp, #16
ldp x29, x30, [sp], #16
ret

.globl _main
.p2align 2
_main:
stp x29, x30, [sp, #-16]!
mov x29, sp
bl _raml_poll
movz x0, #1, lsl #0
bl _choose
mov x11, x0
mov x9, x11
adrp x10, _selected@PAGE
add x10, x10, _selected@PAGEOFF
str x9, [x10, #0]
movz x0, #0, lsl #0
ldp x29, x30, [sp], #16
ret
