{
  "initial": {
    "exports": [],
    "module_name": "Effect_position_local_let",
    "procedures": [
      {
        "body": [
          {
            "kind": "label",
            "name": "__entry__"
          },
          {
            "dst": "t0",
            "kind": "move",
            "src": {
              "kind": "literal",
              "literal": {
                "kind": "string",
                "value": "flattened"
              }
            }
          },
          {
            "dst": "t1",
            "kind": "move",
            "src": {
              "kind": "register",
              "name": "t0"
            }
          },
          {
            "arguments": [
              {
                "kind": "register",
                "name": "t1"
              }
            ],
            "callee": {
              "kind": "direct",
              "name": "print_endline"
            },
            "dst": "t2",
            "kind": "call"
          }
        ],
        "frame": {
          "frame_size": 0,
          "slots": []
        },
        "kind": "entry",
        "name": "__entry__",
        "params": []
      }
    ]
  },
  "passes": {
    "layout_frames": {
      "exports": [],
      "module_name": "Effect_position_local_let",
      "procedures": [
        {
          "body": [
            {
              "kind": "label",
              "name": "__entry__"
            },
            {
              "dst": "t0",
              "kind": "move",
              "src": {
                "kind": "literal",
                "literal": {
                  "kind": "string",
                  "value": "flattened"
                }
              }
            },
            {
              "dst": "t1",
              "kind": "move",
              "src": {
                "kind": "register",
                "name": "t0"
              }
            },
            {
              "arguments": [
                {
                  "kind": "register",
                  "name": "t1"
                }
              ],
              "callee": {
                "kind": "direct",
                "name": "print_endline"
              },
              "dst": "t2",
              "kind": "call"
            }
          ],
          "frame": {
            "frame_size": 32,
            "slots": [
              {
                "name": "t0",
                "offset": 0
              },
              {
                "name": "t1",
                "offset": 8
              },
              {
                "name": "t2",
                "offset": 16
              }
            ]
          },
          "kind": "entry",
          "name": "__entry__",
          "params": []
        }
      ]
    },
    "schedule": {
      "exports": [],
      "module_name": "Effect_position_local_let",
      "procedures": [
        {
          "body": [
            {
              "kind": "label",
              "name": "__entry__"
            },
            {
              "dst": "t0",
              "kind": "move",
              "src": {
                "kind": "literal",
                "literal": {
                  "kind": "string",
                  "value": "flattened"
                }
              }
            },
            {
              "dst": "t1",
              "kind": "move",
              "src": {
                "kind": "register",
                "name": "t0"
              }
            },
            {
              "arguments": [
                {
                  "kind": "register",
                  "name": "t1"
                }
              ],
              "callee": {
                "kind": "direct",
                "name": "print_endline"
              },
              "dst": "t2",
              "kind": "call"
            }
          ],
          "frame": {
            "frame_size": 32,
            "slots": [
              {
                "name": "t0",
                "offset": 0
              },
              {
                "name": "t1",
                "offset": 8
              },
              {
                "name": "t2",
                "offset": 16
              }
            ]
          },
          "kind": "entry",
          "name": "__entry__",
          "params": []
        }
      ]
    }
  },
  "program": {
    "exports": [],
    "module_name": "Effect_position_local_let",
    "procedures": [
      {
        "body": [
          {
            "kind": "label",
            "name": "__entry__"
          },
          {
            "dst": "t0",
            "kind": "move",
            "src": {
              "kind": "literal",
              "literal": {
                "kind": "string",
                "value": "flattened"
              }
            }
          },
          {
            "dst": "t1",
            "kind": "move",
            "src": {
              "kind": "register",
              "name": "t0"
            }
          },
          {
            "arguments": [
              {
                "kind": "register",
                "name": "t1"
              }
            ],
            "callee": {
              "kind": "direct",
              "name": "print_endline"
            },
            "dst": "t2",
            "kind": "call"
          }
        ],
        "frame": {
          "frame_size": 32,
          "slots": [
            {
              "name": "t0",
              "offset": 0
            },
            {
              "name": "t1",
              "offset": 8
            },
            {
              "name": "t2",
              "offset": 16
            }
          ]
        },
        "kind": "entry",
        "name": "__entry__",
        "params": []
      }
    ]
  },
  "status": "ok"
}