{
  "status": "blocked",
  "blocked_on": "native_codegen",
  "native_codegen": {
    "status": "blocked",
    "blocked_on": "lir",
    "errors": [
      {
        "stage": "typing",
        "diagnostic": {
          "id": "TYP2001",
          "name": "unbound-name",
          "message": "unbound name: Printf.printf",
          "severity": "error",
          "reference_span": {
            "start": 8,
            "end": 22
          },
          "name_text": "Printf.printf"
        }
      },
      {
        "stage": "typing",
        "diagnostic": {
          "id": "TYP2001",
          "name": "unbound-name",
          "message": "unbound name: print_endline",
          "severity": "error",
          "reference_span": {
            "start": 42,
            "end": 56
          },
          "name_text": "print_endline"
        }
      }
    ]
  }
}