{
  "blocked_on": "mir",
  "errors": [
    {
      "diagnostic": {
        "id": "TYP2001",
        "message": "unbound name: print_char",
        "name": "unbound-name",
        "name_text": "print_char",
        "reference_span": {
          "end": 19,
          "start": 8
        },
        "severity": "error"
      },
      "stage": "typing"
    }
  ],
  "status": "blocked"
}