{
  "exports": [
    {
      "name": "loop",
      "symbol": "loop"
    },
    {
      "name": "apply",
      "symbol": "apply"
    },
    {
      "name": "inc",
      "symbol": "inc"
    },
    {
      "name": "answer",
      "symbol": "answer"
    }
  ],
  "module_name": "Functions",
  "procedures": [
    {
      "body": [
        {
          "arguments": [
            {
              "kind": "register",
              "name": "value"
            }
          ],
          "callee": {
            "kind": "direct",
            "name": "loop"
          },
          "dst": "t0",
          "kind": "call"
        },
        {
          "kind": "return",
          "operand": {
            "kind": "register",
            "name": "t0"
          }
        }
      ],
      "kind": "function",
      "name": "loop",
      "params": [
        "value"
      ]
    },
    {
      "body": [
        {
          "arguments": [
            {
              "kind": "register",
              "name": "value"
            }
          ],
          "callee": {
            "kind": "indirect",
            "operand": {
              "kind": "register",
              "name": "f"
            }
          },
          "dst": "t0",
          "kind": "call"
        },
        {
          "kind": "return",
          "operand": {
            "kind": "register",
            "name": "t0"
          }
        }
      ],
      "kind": "function",
      "name": "apply",
      "params": [
        "f",
        "value"
      ]
    },
    {
      "body": [
        {
          "arguments": [
            {
              "kind": "register",
              "name": "value"
            }
          ],
          "callee": {
            "kind": "direct",
            "name": "succ"
          },
          "dst": "t0",
          "kind": "call"
        },
        {
          "kind": "return",
          "operand": {
            "kind": "register",
            "name": "t0"
          }
        }
      ],
      "kind": "function",
      "name": "inc",
      "params": [
        "value"
      ]
    },
    {
      "body": [
        {
          "dst": "t0",
          "kind": "move",
          "src": {
            "kind": "literal",
            "literal": {
              "kind": "int",
              "value": 41
            }
          }
        },
        {
          "arguments": [
            {
              "kind": "register",
              "name": "t0"
            }
          ],
          "callee": {
            "kind": "direct",
            "name": "inc"
          },
          "dst": "t1",
          "kind": "call"
        },
        {
          "kind": "store_global",
          "src": {
            "kind": "register",
            "name": "t1"
          },
          "symbol": "answer"
        }
      ],
      "kind": "entry",
      "name": "__entry__",
      "params": []
    }
  ]
}