{
  "exports": [
    {
      "name": "a",
      "symbol": {
        "binding_id": {
          "kind": "local",
          "name": "a",
          "stamp": 0
        },
        "kind": "resolved",
        "surface_path": "a"
      }
    },
    {
      "name": "b",
      "symbol": {
        "binding_id": {
          "kind": "local",
          "name": "b",
          "stamp": 1
        },
        "kind": "resolved",
        "surface_path": "b"
      }
    },
    {
      "name": "c",
      "symbol": {
        "binding_id": {
          "kind": "local",
          "name": "c",
          "stamp": 2
        },
        "kind": "resolved",
        "surface_path": "c"
      }
    },
    {
      "name": "d",
      "symbol": {
        "binding_id": {
          "kind": "local",
          "name": "d",
          "stamp": 3
        },
        "kind": "resolved",
        "surface_path": "d"
      }
    }
  ],
  "init": [
    {
      "exports": [
        {
          "name": "a",
          "symbol": {
            "binding_id": {
              "kind": "local",
              "name": "a",
              "stamp": 0
            },
            "kind": "resolved",
            "surface_path": "a"
          }
        }
      ],
      "items": [
        {
          "binding": {
            "entity_id": {
              "binding_id": {
                "kind": "local",
                "name": "a",
                "stamp": 0
              },
              "kind": "resolved",
              "surface_path": "a"
            },
            "expr": {
              "apply": {
                "arguments": [
                  {
                    "constant": {
                      "kind": "int",
                      "value": 40
                    },
                    "kind": "constant"
                  },
                  {
                    "constant": {
                      "kind": "int",
                      "value": 2
                    },
                    "kind": "constant"
                  }
                ],
                "callee": {
                  "function": {
                    "kind": "unresolved",
                    "surface_path": "+"
                  },
                  "kind": "direct"
                }
              },
              "kind": "apply"
            },
            "name": "a"
          },
          "kind": "binding"
        }
      ],
      "rec_flag": "nonrecursive"
    },
    {
      "exports": [
        {
          "name": "b",
          "symbol": {
            "binding_id": {
              "kind": "local",
              "name": "b",
              "stamp": 1
            },
            "kind": "resolved",
            "surface_path": "b"
          }
        }
      ],
      "items": [
        {
          "binding": {
            "entity_id": {
              "binding_id": {
                "kind": "local",
                "name": "b",
                "stamp": 1
              },
              "kind": "resolved",
              "surface_path": "b"
            },
            "expr": {
              "apply": {
                "arguments": [
                  {
                    "apply": {
                      "arguments": [
                        {
                          "kind": "var",
                          "name": {
                            "binding_id": {
                              "kind": "local",
                              "name": "a",
                              "stamp": 0
                            },
                            "kind": "resolved",
                            "surface_path": "a"
                          }
                        },
                        {
                          "constant": {
                            "kind": "int",
                            "value": 3
                          },
                          "kind": "constant"
                        }
                      ],
                      "callee": {
                        "function": {
                          "kind": "unresolved",
                          "surface_path": "*"
                        },
                        "kind": "direct"
                      }
                    },
                    "kind": "apply"
                  },
                  {
                    "constant": {
                      "kind": "int",
                      "value": 5
                    },
                    "kind": "constant"
                  }
                ],
                "callee": {
                  "function": {
                    "kind": "unresolved",
                    "surface_path": "-"
                  },
                  "kind": "direct"
                }
              },
              "kind": "apply"
            },
            "name": "b"
          },
          "kind": "binding"
        }
      ],
      "rec_flag": "nonrecursive"
    },
    {
      "exports": [
        {
          "name": "c",
          "symbol": {
            "binding_id": {
              "kind": "local",
              "name": "c",
              "stamp": 2
            },
            "kind": "resolved",
            "surface_path": "c"
          }
        }
      ],
      "items": [
        {
          "binding": {
            "entity_id": {
              "binding_id": {
                "kind": "local",
                "name": "c",
                "stamp": 2
              },
              "kind": "resolved",
              "surface_path": "c"
            },
            "expr": {
              "apply": {
                "arguments": [
                  {
                    "kind": "var",
                    "name": {
                      "binding_id": {
                        "kind": "local",
                        "name": "b",
                        "stamp": 1
                      },
                      "kind": "resolved",
                      "surface_path": "b"
                    }
                  },
                  {
                    "constant": {
                      "kind": "int",
                      "value": 7
                    },
                    "kind": "constant"
                  }
                ],
                "callee": {
                  "function": {
                    "kind": "unresolved",
                    "surface_path": "/"
                  },
                  "kind": "direct"
                }
              },
              "kind": "apply"
            },
            "name": "c"
          },
          "kind": "binding"
        }
      ],
      "rec_flag": "nonrecursive"
    },
    {
      "exports": [
        {
          "name": "d",
          "symbol": {
            "binding_id": {
              "kind": "local",
              "name": "d",
              "stamp": 3
            },
            "kind": "resolved",
            "surface_path": "d"
          }
        }
      ],
      "items": [
        {
          "binding": {
            "entity_id": {
              "binding_id": {
                "kind": "local",
                "name": "d",
                "stamp": 3
              },
              "kind": "resolved",
              "surface_path": "d"
            },
            "expr": {
              "apply": {
                "arguments": [
                  {
                    "kind": "var",
                    "name": {
                      "binding_id": {
                        "kind": "local",
                        "name": "b",
                        "stamp": 1
                      },
                      "kind": "resolved",
                      "surface_path": "b"
                    }
                  },
                  {
                    "constant": {
                      "kind": "int",
                      "value": 7
                    },
                    "kind": "constant"
                  }
                ],
                "callee": {
                  "function": {
                    "kind": "unresolved",
                    "surface_path": "mod"
                  },
                  "kind": "direct"
                }
              },
              "kind": "apply"
            },
            "name": "d"
          },
          "kind": "binding"
        }
      ],
      "rec_flag": "nonrecursive"
    },
    {
      "exports": [],
      "items": [
        {
          "expr": {
            "apply": {
              "arguments": [
                {
                  "constant": {
                    "kind": "string",
                    "value": "%d %d %d %d\\n"
                  },
                  "kind": "constant"
                },
                {
                  "kind": "var",
                  "name": {
                    "binding_id": {
                      "kind": "local",
                      "name": "a",
                      "stamp": 0
                    },
                    "kind": "resolved",
                    "surface_path": "a"
                  }
                },
                {
                  "kind": "var",
                  "name": {
                    "binding_id": {
                      "kind": "local",
                      "name": "b",
                      "stamp": 1
                    },
                    "kind": "resolved",
                    "surface_path": "b"
                  }
                },
                {
                  "kind": "var",
                  "name": {
                    "binding_id": {
                      "kind": "local",
                      "name": "c",
                      "stamp": 2
                    },
                    "kind": "resolved",
                    "surface_path": "c"
                  }
                },
                {
                  "kind": "var",
                  "name": {
                    "binding_id": {
                      "kind": "local",
                      "name": "d",
                      "stamp": 3
                    },
                    "kind": "resolved",
                    "surface_path": "d"
                  }
                }
              ],
              "callee": {
                "function": {
                  "kind": "unresolved",
                  "surface_path": "Printf.printf"
                },
                "kind": "direct"
              }
            },
            "kind": "apply"
          },
          "kind": "eval"
        }
      ],
      "rec_flag": "nonrecursive"
    }
  ],
  "unit_id": {
    "kind": "implementation",
    "relpath": "corpus/integer_arithmetic.ml",
    "unit_name": "Integer_arithmetic"
  }
}