{
  "body": [
    {
      "declaration": {
        "binder": {
          "binding_id": {
            "kind": "local",
            "name": "x",
            "stamp": 0
          },
          "name": "x"
        },
        "init": {
          "binary": {
            "left": {
              "kind": "literal",
              "literal": {
                "kind": "number",
                "number": {
                  "kind": "float",
                  "value": 3.0
                }
              }
            },
            "operator": "add",
            "right": {
              "binary": {
                "left": {
                  "kind": "literal",
                  "literal": {
                    "kind": "number",
                    "number": {
                      "kind": "float",
                      "value": 4.0
                    }
                  }
                },
                "operator": "multiply",
                "right": {
                  "kind": "literal",
                  "literal": {
                    "kind": "number",
                    "number": {
                      "kind": "float",
                      "value": 0.5
                    }
                  }
                }
              },
              "kind": "binary"
            }
          },
          "kind": "binary"
        },
        "kind": "const"
      },
      "kind": "declaration"
    },
    {
      "declaration": {
        "binder": {
          "binding_id": {
            "kind": "local",
            "name": "y",
            "stamp": 1
          },
          "name": "y"
        },
        "init": {
          "call": {
            "arguments": [
              {
                "binary": {
                  "left": {
                    "binary": {
                      "left": {
                        "entity_id": {
                          "binding_id": {
                            "kind": "local",
                            "name": "x",
                            "stamp": 0
                          },
                          "kind": "resolved",
                          "surface_path": "x"
                        },
                        "kind": "identifier"
                      },
                      "operator": "multiply",
                      "right": {
                        "entity_id": {
                          "binding_id": {
                            "kind": "local",
                            "name": "x",
                            "stamp": 0
                          },
                          "kind": "resolved",
                          "surface_path": "x"
                        },
                        "kind": "identifier"
                      }
                    },
                    "kind": "binary"
                  },
                  "operator": "add",
                  "right": {
                    "kind": "literal",
                    "literal": {
                      "kind": "number",
                      "number": {
                        "kind": "float",
                        "value": 5.0
                      }
                    }
                  }
                },
                "kind": "binary"
              }
            ],
            "callee": {
              "entity_id": {
                "kind": "unresolved",
                "surface_path": "sqrt"
              },
              "kind": "identifier"
            }
          },
          "kind": "call"
        },
        "kind": "const"
      },
      "kind": "declaration"
    },
    {
      "expression": {
        "call": {
          "arguments": [
            {
              "kind": "literal",
              "literal": {
                "kind": "string",
                "value": "%.4f %.4f\\n"
              }
            },
            {
              "entity_id": {
                "binding_id": {
                  "kind": "local",
                  "name": "x",
                  "stamp": 0
                },
                "kind": "resolved",
                "surface_path": "x"
              },
              "kind": "identifier"
            },
            {
              "entity_id": {
                "binding_id": {
                  "kind": "local",
                  "name": "y",
                  "stamp": 1
                },
                "kind": "resolved",
                "surface_path": "y"
              },
              "kind": "identifier"
            }
          ],
          "callee": {
            "kind": "member",
            "member": {
              "object": {
                "entity_id": {
                  "binding_id": {
                    "kind": "persistent",
                    "surface_path": "__raml_js.import.module.Printf.Printf"
                  },
                  "kind": "resolved",
                  "surface_path": "Printf"
                },
                "kind": "identifier"
              },
              "property": "printf"
            }
          }
        },
        "kind": "call"
      },
      "kind": "expression"
    }
  ],
  "exports": [
    {
      "local": {
        "binding_id": {
          "kind": "local",
          "name": "x",
          "stamp": 0
        },
        "kind": "resolved",
        "surface_path": "x"
      },
      "name": "x"
    },
    {
      "local": {
        "binding_id": {
          "kind": "local",
          "name": "y",
          "stamp": 1
        },
        "kind": "resolved",
        "surface_path": "y"
      },
      "name": "y"
    }
  ],
  "imports": [
    {
      "from": "./Printf.js",
      "imported": null,
      "local": {
        "binding_id": {
          "kind": "persistent",
          "surface_path": "__raml_js.import.module.Printf.Printf"
        },
        "name": "Printf"
      },
      "namespace": true
    }
  ],
  "module_name": "Float_arithmetic"
}