{
  "exports": [
    {
      "name": "safe_div",
      "symbol": {
        "binding_id": {
          "kind": "local",
          "name": "safe_div",
          "stamp": 0
        },
        "kind": "resolved",
        "surface_path": "safe_div"
      }
    },
    {
      "name": "result",
      "symbol": {
        "binding_id": {
          "kind": "local",
          "name": "result",
          "stamp": 1
        },
        "kind": "resolved",
        "surface_path": "result"
      }
    }
  ],
  "init": [
    {
      "exports": [
        {
          "name": "safe_div",
          "symbol": {
            "binding_id": {
              "kind": "local",
              "name": "safe_div",
              "stamp": 0
            },
            "kind": "resolved",
            "surface_path": "safe_div"
          }
        }
      ],
      "items": [
        {
          "binding": {
            "entity_id": {
              "binding_id": {
                "kind": "local",
                "name": "safe_div",
                "stamp": 0
              },
              "kind": "resolved",
              "surface_path": "safe_div"
            },
            "expr": {
              "kind": "lambda",
              "lambda": {
                "body": {
                  "if_then_else": {
                    "condition": {
                      "apply": {
                        "arguments": [
                          {
                            "kind": "var",
                            "name": {
                              "binding_id": {
                                "kind": "local",
                                "name": "b",
                                "stamp": -386
                              },
                              "kind": "resolved",
                              "surface_path": "b"
                            }
                          },
                          {
                            "constant": {
                              "kind": "int",
                              "value": 0
                            },
                            "kind": "constant"
                          }
                        ],
                        "callee": {
                          "function": {
                            "kind": "unresolved",
                            "surface_path": "="
                          },
                          "kind": "direct"
                        }
                      },
                      "kind": "apply"
                    },
                    "else": {
                      "kind": "tuple",
                      "tuple": {
                        "elements": [
                          {
                            "constant": {
                              "kind": "int",
                              "value": 1
                            },
                            "kind": "constant"
                          },
                          {
                            "apply": {
                              "arguments": [
                                {
                                  "kind": "var",
                                  "name": {
                                    "binding_id": {
                                      "kind": "local",
                                      "name": "a",
                                      "stamp": -385
                                    },
                                    "kind": "resolved",
                                    "surface_path": "a"
                                  }
                                },
                                {
                                  "kind": "var",
                                  "name": {
                                    "binding_id": {
                                      "kind": "local",
                                      "name": "b",
                                      "stamp": -386
                                    },
                                    "kind": "resolved",
                                    "surface_path": "b"
                                  }
                                }
                              ],
                              "callee": {
                                "function": {
                                  "kind": "unresolved",
                                  "surface_path": "/"
                                },
                                "kind": "direct"
                              }
                            },
                            "kind": "apply"
                          }
                        ]
                      }
                    },
                    "then": {
                      "kind": "tuple",
                      "tuple": {
                        "elements": [
                          {
                            "constant": {
                              "kind": "int",
                              "value": 0
                            },
                            "kind": "constant"
                          }
                        ]
                      }
                    }
                  },
                  "kind": "if_then_else"
                },
                "params": [
                  {
                    "entity_id": {
                      "binding_id": {
                        "kind": "local",
                        "name": "a",
                        "stamp": -385
                      },
                      "kind": "resolved",
                      "surface_path": "a"
                    },
                    "name": "a"
                  },
                  {
                    "entity_id": {
                      "binding_id": {
                        "kind": "local",
                        "name": "b",
                        "stamp": -386
                      },
                      "kind": "resolved",
                      "surface_path": "b"
                    },
                    "name": "b"
                  }
                ]
              }
            },
            "name": "safe_div"
          },
          "kind": "binding"
        }
      ],
      "rec_flag": "nonrecursive"
    },
    {
      "exports": [
        {
          "name": "result",
          "symbol": {
            "binding_id": {
              "kind": "local",
              "name": "result",
              "stamp": 1
            },
            "kind": "resolved",
            "surface_path": "result"
          }
        }
      ],
      "items": [
        {
          "binding": {
            "entity_id": {
              "binding_id": {
                "kind": "local",
                "name": "result",
                "stamp": 1
              },
              "kind": "resolved",
              "surface_path": "result"
            },
            "expr": {
              "kind": "let",
              "let": {
                "bindings": [
                  {
                    "entity_id": {
                      "binding_id": {
                        "kind": "local",
                        "name": "__raml_match_22",
                        "stamp": -721
                      },
                      "kind": "resolved",
                      "surface_path": "__raml_match_22"
                    },
                    "expr": {
                      "apply": {
                        "arguments": [
                          {
                            "constant": {
                              "kind": "int",
                              "value": 84
                            },
                            "kind": "constant"
                          },
                          {
                            "constant": {
                              "kind": "int",
                              "value": 2
                            },
                            "kind": "constant"
                          }
                        ],
                        "callee": {
                          "function": {
                            "binding_id": {
                              "kind": "local",
                              "name": "safe_div",
                              "stamp": 0
                            },
                            "kind": "resolved",
                            "surface_path": "safe_div"
                          },
                          "kind": "direct"
                        }
                      },
                      "kind": "apply"
                    },
                    "name": "__raml_match_22"
                  }
                ],
                "body": {
                  "if_then_else": {
                    "condition": {
                      "kind": "primitive",
                      "primitive": {
                        "arguments": [
                          {
                            "kind": "tuple_get",
                            "tuple_get": {
                              "index": 0,
                              "tuple": {
                                "kind": "var",
                                "name": {
                                  "binding_id": {
                                    "kind": "local",
                                    "name": "__raml_match_22",
                                    "stamp": -721
                                  },
                                  "kind": "resolved",
                                  "surface_path": "__raml_match_22"
                                }
                              }
                            }
                          },
                          {
                            "constant": {
                              "kind": "int",
                              "value": 0
                            },
                            "kind": "constant"
                          }
                        ],
                        "name": "%eq"
                      }
                    },
                    "else": {
                      "kind": "let",
                      "let": {
                        "bindings": [
                          {
                            "entity_id": {
                              "binding_id": {
                                "kind": "local",
                                "name": "x",
                                "stamp": -1000160
                              },
                              "kind": "resolved",
                              "surface_path": "x"
                            },
                            "expr": {
                              "kind": "tuple_get",
                              "tuple_get": {
                                "index": 1,
                                "tuple": {
                                  "kind": "var",
                                  "name": {
                                    "binding_id": {
                                      "kind": "local",
                                      "name": "__raml_match_22",
                                      "stamp": -721
                                    },
                                    "kind": "resolved",
                                    "surface_path": "__raml_match_22"
                                  }
                                }
                              }
                            },
                            "name": "x"
                          }
                        ],
                        "body": {
                          "apply": {
                            "arguments": [
                              {
                                "kind": "var",
                                "name": {
                                  "binding_id": {
                                    "kind": "local",
                                    "name": "x",
                                    "stamp": -1000160
                                  },
                                  "kind": "resolved",
                                  "surface_path": "x"
                                }
                              },
                              {
                                "constant": {
                                  "kind": "int",
                                  "value": 3
                                },
                                "kind": "constant"
                              }
                            ],
                            "callee": {
                              "function": {
                                "binding_id": {
                                  "kind": "local",
                                  "name": "safe_div",
                                  "stamp": 0
                                },
                                "kind": "resolved",
                                "surface_path": "safe_div"
                              },
                              "kind": "direct"
                            }
                          },
                          "kind": "apply"
                        },
                        "rec_flag": "nonrecursive"
                      }
                    },
                    "then": {
                      "kind": "tuple",
                      "tuple": {
                        "elements": [
                          {
                            "constant": {
                              "kind": "int",
                              "value": 0
                            },
                            "kind": "constant"
                          }
                        ]
                      }
                    }
                  },
                  "kind": "if_then_else"
                },
                "rec_flag": "nonrecursive"
              }
            },
            "name": "result"
          },
          "kind": "binding"
        }
      ],
      "rec_flag": "nonrecursive"
    },
    {
      "exports": [],
      "items": [
        {
          "expr": {
            "kind": "let",
            "let": {
              "bindings": [
                {
                  "entity_id": {
                    "binding_id": {
                      "kind": "local",
                      "name": "__raml_match_31",
                      "stamp": -1009
                    },
                    "kind": "resolved",
                    "surface_path": "__raml_match_31"
                  },
                  "expr": {
                    "kind": "var",
                    "name": {
                      "binding_id": {
                        "kind": "local",
                        "name": "result",
                        "stamp": 1
                      },
                      "kind": "resolved",
                      "surface_path": "result"
                    }
                  },
                  "name": "__raml_match_31"
                }
              ],
              "body": {
                "if_then_else": {
                  "condition": {
                    "kind": "primitive",
                    "primitive": {
                      "arguments": [
                        {
                          "kind": "tuple_get",
                          "tuple_get": {
                            "index": 0,
                            "tuple": {
                              "kind": "var",
                              "name": {
                                "binding_id": {
                                  "kind": "local",
                                  "name": "__raml_match_31",
                                  "stamp": -1009
                                },
                                "kind": "resolved",
                                "surface_path": "__raml_match_31"
                              }
                            }
                          }
                        },
                        {
                          "constant": {
                            "kind": "int",
                            "value": 1
                          },
                          "kind": "constant"
                        }
                      ],
                      "name": "%eq"
                    }
                  },
                  "else": {
                    "apply": {
                      "arguments": [
                        {
                          "constant": {
                            "kind": "string",
                            "value": "none"
                          },
                          "kind": "constant"
                        }
                      ],
                      "callee": {
                        "function": {
                          "kind": "unresolved",
                          "surface_path": "print_endline"
                        },
                        "kind": "direct"
                      }
                    },
                    "kind": "apply"
                  },
                  "then": {
                    "kind": "let",
                    "let": {
                      "bindings": [
                        {
                          "entity_id": {
                            "binding_id": {
                              "kind": "local",
                              "name": "n",
                              "stamp": -1000256
                            },
                            "kind": "resolved",
                            "surface_path": "n"
                          },
                          "expr": {
                            "kind": "tuple_get",
                            "tuple_get": {
                              "index": 1,
                              "tuple": {
                                "kind": "var",
                                "name": {
                                  "binding_id": {
                                    "kind": "local",
                                    "name": "__raml_match_31",
                                    "stamp": -1009
                                  },
                                  "kind": "resolved",
                                  "surface_path": "__raml_match_31"
                                }
                              }
                            }
                          },
                          "name": "n"
                        }
                      ],
                      "body": {
                        "apply": {
                          "arguments": [
                            {
                              "constant": {
                                "kind": "string",
                                "value": "%d\\n"
                              },
                              "kind": "constant"
                            },
                            {
                              "kind": "var",
                              "name": {
                                "binding_id": {
                                  "kind": "local",
                                  "name": "n",
                                  "stamp": -1000256
                                },
                                "kind": "resolved",
                                "surface_path": "n"
                              }
                            }
                          ],
                          "callee": {
                            "function": {
                              "kind": "unresolved",
                              "surface_path": "Printf.printf"
                            },
                            "kind": "direct"
                          }
                        },
                        "kind": "apply"
                      },
                      "rec_flag": "nonrecursive"
                    }
                  }
                },
                "kind": "if_then_else"
              },
              "rec_flag": "nonrecursive"
            }
          },
          "kind": "eval"
        }
      ],
      "rec_flag": "nonrecursive"
    }
  ],
  "unit_id": {
    "kind": "implementation",
    "relpath": "corpus/option_pipeline.ml",
    "unit_name": "Option_pipeline"
  }
}