{
  "js": "import { makeCurried as __makeCurried } from \"./riot-runtime.js\";\n\nconst choose = __makeCurried((function(flag, when_true, when_false) {\n  if (flag) {\n    return when_true;\n  } else {\n    return when_false;\n  }\n}), 3);\n\nconst selected = choose(true, \"left\", \"right\");\n\nexport {\n  choose,\n  selected\n};\n",
  "jst": {
    "items": [
      {
        "import": {
          "default": null,
          "from": {
            "import_path": "./riot-runtime.js",
            "kind": "runtime",
            "namespace": [
              "runtime_module",
              "riot-runtime"
            ],
            "unit_name": "riot-runtime"
          },
          "names": [
            {
              "imported": "makeCurried",
              "local": {
                "binding_id": {
                  "kind": "persistent",
                  "surface_path": "__raml_js.runtime.__makeCurried"
                },
                "name": "__makeCurried"
              }
            }
          ]
        },
        "kind": "import"
      },
      {
        "kind": "statement",
        "statement": {
          "declaration": {
            "binder": {
              "binding_id": {
                "kind": "local",
                "name": "choose",
                "stamp": 0
              },
              "name": "choose"
            },
            "init": {
              "call": {
                "arguments": [
                  {
                    "function": {
                      "body": [
                        {
                          "if": {
                            "condition": {
                              "entity_id": {
                                "binding_id": {
                                  "kind": "local",
                                  "name": "flag",
                                  "stamp": -129
                                },
                                "kind": "resolved",
                                "surface_path": "flag"
                              },
                              "kind": "identifier"
                            },
                            "else": [
                              {
                                "expression": {
                                  "entity_id": {
                                    "binding_id": {
                                      "kind": "local",
                                      "name": "when_false",
                                      "stamp": -131
                                    },
                                    "kind": "resolved",
                                    "surface_path": "when_false"
                                  },
                                  "kind": "identifier"
                                },
                                "kind": "return"
                              }
                            ],
                            "then": [
                              {
                                "expression": {
                                  "entity_id": {
                                    "binding_id": {
                                      "kind": "local",
                                      "name": "when_true",
                                      "stamp": -130
                                    },
                                    "kind": "resolved",
                                    "surface_path": "when_true"
                                  },
                                  "kind": "identifier"
                                },
                                "kind": "return"
                              }
                            ]
                          },
                          "kind": "if"
                        }
                      ],
                      "params": [
                        {
                          "binding_id": {
                            "kind": "local",
                            "name": "flag",
                            "stamp": -129
                          },
                          "name": "flag"
                        },
                        {
                          "binding_id": {
                            "kind": "local",
                            "name": "when_true",
                            "stamp": -130
                          },
                          "name": "when_true"
                        },
                        {
                          "binding_id": {
                            "kind": "local",
                            "name": "when_false",
                            "stamp": -131
                          },
                          "name": "when_false"
                        }
                      ]
                    },
                    "kind": "function"
                  },
                  {
                    "kind": "literal",
                    "literal": {
                      "kind": "number",
                      "number": {
                        "kind": "int",
                        "value": 3
                      }
                    }
                  }
                ],
                "callee": {
                  "entity_id": {
                    "binding_id": {
                      "kind": "persistent",
                      "surface_path": "__raml_js.runtime.__makeCurried"
                    },
                    "kind": "resolved",
                    "surface_path": "__makeCurried"
                  },
                  "kind": "identifier"
                }
              },
              "kind": "call"
            },
            "kind": "const"
          },
          "kind": "declaration"
        }
      },
      {
        "kind": "statement",
        "statement": {
          "declaration": {
            "binder": {
              "binding_id": {
                "kind": "local",
                "name": "selected",
                "stamp": 1
              },
              "name": "selected"
            },
            "init": {
              "call": {
                "arguments": [
                  {
                    "kind": "literal",
                    "literal": {
                      "kind": "bool",
                      "value": true
                    }
                  },
                  {
                    "kind": "literal",
                    "literal": {
                      "kind": "string",
                      "value": "left"
                    }
                  },
                  {
                    "kind": "literal",
                    "literal": {
                      "kind": "string",
                      "value": "right"
                    }
                  }
                ],
                "callee": {
                  "entity_id": {
                    "binding_id": {
                      "kind": "local",
                      "name": "choose",
                      "stamp": 0
                    },
                    "kind": "resolved",
                    "surface_path": "choose"
                  },
                  "kind": "identifier"
                }
              },
              "kind": "call"
            },
            "kind": "const"
          },
          "kind": "declaration"
        }
      },
      {
        "exports": [
          {
            "local": {
              "binding_id": {
                "kind": "local",
                "name": "choose",
                "stamp": 0
              },
              "kind": "resolved",
              "surface_path": "choose"
            },
            "name": "choose"
          },
          {
            "local": {
              "binding_id": {
                "kind": "local",
                "name": "selected",
                "stamp": 1
              },
              "kind": "resolved",
              "surface_path": "selected"
            },
            "name": "selected"
          }
        ],
        "kind": "export"
      }
    ],
    "module_name": "Tail_conditional_direct_call"
  }
}