{
  "exports": [
    {
      "name": "before",
      "symbol": {
        "binding_id": {
          "kind": "local",
          "name": "before",
          "stamp": 0
        },
        "kind": "resolved",
        "surface_path": "before"
      }
    },
    {
      "name": "after",
      "symbol": {
        "binding_id": {
          "kind": "local",
          "name": "after",
          "stamp": 2
        },
        "kind": "resolved",
        "surface_path": "after"
      }
    }
  ],
  "init": [
    {
      "exports": [
        {
          "name": "before",
          "symbol": {
            "binding_id": {
              "kind": "local",
              "name": "before",
              "stamp": 0
            },
            "kind": "resolved",
            "surface_path": "before"
          }
        }
      ],
      "items": [
        {
          "binding": {
            "entity_id": {
              "binding_id": {
                "kind": "local",
                "name": "before",
                "stamp": 0
              },
              "kind": "resolved",
              "surface_path": "before"
            },
            "expr": {
              "constant": {
                "kind": "string",
                "value": "before"
              },
              "kind": "constant"
            },
            "name": "before"
          },
          "kind": "binding"
        }
      ],
      "rec_flag": "nonrecursive"
    },
    {
      "exports": [],
      "items": [
        {
          "expr": {
            "apply": {
              "arguments": [
                {
                  "kind": "var",
                  "name": {
                    "binding_id": {
                      "kind": "local",
                      "name": "before",
                      "stamp": 0
                    },
                    "kind": "resolved",
                    "surface_path": "before"
                  }
                }
              ],
              "callee": {
                "function": {
                  "kind": "unresolved",
                  "surface_path": "print_endline"
                },
                "kind": "direct"
              }
            },
            "kind": "apply"
          },
          "kind": "eval"
        }
      ],
      "rec_flag": "nonrecursive"
    },
    {
      "exports": [
        {
          "name": "after",
          "symbol": {
            "binding_id": {
              "kind": "local",
              "name": "after",
              "stamp": 2
            },
            "kind": "resolved",
            "surface_path": "after"
          }
        }
      ],
      "items": [
        {
          "binding": {
            "entity_id": {
              "binding_id": {
                "kind": "local",
                "name": "after",
                "stamp": 2
              },
              "kind": "resolved",
              "surface_path": "after"
            },
            "expr": {
              "apply": {
                "arguments": [
                  {
                    "constant": {
                      "kind": "string",
                      "value": "after"
                    },
                    "kind": "constant"
                  }
                ],
                "callee": {
                  "function": {
                    "kind": "unresolved",
                    "surface_path": "print_endline"
                  },
                  "kind": "direct"
                }
              },
              "kind": "apply"
            },
            "name": "after"
          },
          "kind": "binding"
        }
      ],
      "rec_flag": "nonrecursive"
    }
  ],
  "unit_id": {
    "kind": "implementation",
    "relpath": "corpus/grouped_initialization_order.ml",
    "unit_name": "Grouped_initialization_order"
  }
}