{
  "js": "import { makeCurried as __makeCurried } from \"./riot-runtime.js\";\n\nconst choose = (function(flag) {\n  const decide = __makeCurried((function(when_true, when_false) {\n    if (flag) {\n      return when_true;\n    } else {\n      return when_false;\n    }\n  }), 2);\n  return decide(\"left\", \"right\");\n});\n\nconst selected = choose(true);\n\nexport {\n  choose,\n  selected\n};\n",
  "jst": {
    "items": [
      {
        "import": {
          "default": null,
          "from": {
            "import_path": "./riot-runtime.js",
            "kind": "runtime",
            "namespace": [
              "runtime_module",
              "riot-runtime"
            ],
            "unit_name": "riot-runtime"
          },
          "names": [
            {
              "imported": "makeCurried",
              "local": {
                "binding_id": {
                  "kind": "persistent",
                  "surface_path": "__raml_js.runtime.__makeCurried"
                },
                "name": "__makeCurried"
              }
            }
          ]
        },
        "kind": "import"
      },
      {
        "kind": "statement",
        "statement": {
          "declaration": {
            "binder": {
              "binding_id": {
                "kind": "local",
                "name": "choose",
                "stamp": 1
              },
              "name": "choose"
            },
            "init": {
              "function": {
                "body": [
                  {
                    "declaration": {
                      "binder": {
                        "binding_id": {
                          "kind": "local",
                          "name": "decide",
                          "stamp": 0
                        },
                        "name": "decide"
                      },
                      "init": {
                        "call": {
                          "arguments": [
                            {
                              "function": {
                                "body": [
                                  {
                                    "if": {
                                      "condition": {
                                        "entity_id": {
                                          "binding_id": {
                                            "kind": "local",
                                            "name": "flag",
                                            "stamp": -321
                                          },
                                          "kind": "resolved",
                                          "surface_path": "flag"
                                        },
                                        "kind": "identifier"
                                      },
                                      "else": [
                                        {
                                          "expression": {
                                            "entity_id": {
                                              "binding_id": {
                                                "kind": "local",
                                                "name": "when_false",
                                                "stamp": -130
                                              },
                                              "kind": "resolved",
                                              "surface_path": "when_false"
                                            },
                                            "kind": "identifier"
                                          },
                                          "kind": "return"
                                        }
                                      ],
                                      "then": [
                                        {
                                          "expression": {
                                            "entity_id": {
                                              "binding_id": {
                                                "kind": "local",
                                                "name": "when_true",
                                                "stamp": -129
                                              },
                                              "kind": "resolved",
                                              "surface_path": "when_true"
                                            },
                                            "kind": "identifier"
                                          },
                                          "kind": "return"
                                        }
                                      ]
                                    },
                                    "kind": "if"
                                  }
                                ],
                                "params": [
                                  {
                                    "binding_id": {
                                      "kind": "local",
                                      "name": "when_true",
                                      "stamp": -129
                                    },
                                    "name": "when_true"
                                  },
                                  {
                                    "binding_id": {
                                      "kind": "local",
                                      "name": "when_false",
                                      "stamp": -130
                                    },
                                    "name": "when_false"
                                  }
                                ]
                              },
                              "kind": "function"
                            },
                            {
                              "kind": "literal",
                              "literal": {
                                "kind": "number",
                                "number": {
                                  "kind": "int",
                                  "value": 2
                                }
                              }
                            }
                          ],
                          "callee": {
                            "entity_id": {
                              "binding_id": {
                                "kind": "persistent",
                                "surface_path": "__raml_js.runtime.__makeCurried"
                              },
                              "kind": "resolved",
                              "surface_path": "__makeCurried"
                            },
                            "kind": "identifier"
                          }
                        },
                        "kind": "call"
                      },
                      "kind": "const"
                    },
                    "kind": "declaration"
                  },
                  {
                    "expression": {
                      "call": {
                        "arguments": [
                          {
                            "kind": "literal",
                            "literal": {
                              "kind": "string",
                              "value": "left"
                            }
                          },
                          {
                            "kind": "literal",
                            "literal": {
                              "kind": "string",
                              "value": "right"
                            }
                          }
                        ],
                        "callee": {
                          "entity_id": {
                            "binding_id": {
                              "kind": "local",
                              "name": "decide",
                              "stamp": 0
                            },
                            "kind": "resolved",
                            "surface_path": "decide"
                          },
                          "kind": "identifier"
                        }
                      },
                      "kind": "call"
                    },
                    "kind": "return"
                  }
                ],
                "params": [
                  {
                    "binding_id": {
                      "kind": "local",
                      "name": "flag",
                      "stamp": -321
                    },
                    "name": "flag"
                  }
                ]
              },
              "kind": "function"
            },
            "kind": "const"
          },
          "kind": "declaration"
        }
      },
      {
        "kind": "statement",
        "statement": {
          "declaration": {
            "binder": {
              "binding_id": {
                "kind": "local",
                "name": "selected",
                "stamp": 2
              },
              "name": "selected"
            },
            "init": {
              "call": {
                "arguments": [
                  {
                    "kind": "literal",
                    "literal": {
                      "kind": "bool",
                      "value": true
                    }
                  }
                ],
                "callee": {
                  "entity_id": {
                    "binding_id": {
                      "kind": "local",
                      "name": "choose",
                      "stamp": 1
                    },
                    "kind": "resolved",
                    "surface_path": "choose"
                  },
                  "kind": "identifier"
                }
              },
              "kind": "call"
            },
            "kind": "const"
          },
          "kind": "declaration"
        }
      },
      {
        "exports": [
          {
            "local": {
              "binding_id": {
                "kind": "local",
                "name": "choose",
                "stamp": 1
              },
              "kind": "resolved",
              "surface_path": "choose"
            },
            "name": "choose"
          },
          {
            "local": {
              "binding_id": {
                "kind": "local",
                "name": "selected",
                "stamp": 2
              },
              "kind": "resolved",
              "surface_path": "selected"
            },
            "name": "selected"
          }
        ],
        "kind": "export"
      }
    ],
    "module_name": "Local_function_capture"
  }
}