{
  "js": "const choose = (function(flag) {\n  const consume = (function(value) {\n    return value;\n  });\n  consume(undefined);\n  const selected = (flag ? \"left\" : \"right\");\n  return selected;\n});\n\nconst left = choose(true);\n\nconst right = choose(false);\n\nexport {\n  choose,\n  left,\n  right\n};\n",
  "jst": {
    "items": [
      {
        "kind": "statement",
        "statement": {
          "declaration": {
            "binder": {
              "binding_id": {
                "kind": "local",
                "name": "choose",
                "stamp": 2
              },
              "name": "choose"
            },
            "init": {
              "function": {
                "body": [
                  {
                    "declaration": {
                      "binder": {
                        "binding_id": {
                          "kind": "local",
                          "name": "consume",
                          "stamp": 0
                        },
                        "name": "consume"
                      },
                      "init": {
                        "function": {
                          "body": [
                            {
                              "expression": {
                                "entity_id": {
                                  "binding_id": {
                                    "kind": "local",
                                    "name": "value",
                                    "stamp": -33
                                  },
                                  "kind": "resolved",
                                  "surface_path": "value"
                                },
                                "kind": "identifier"
                              },
                              "kind": "return"
                            }
                          ],
                          "params": [
                            {
                              "binding_id": {
                                "kind": "local",
                                "name": "value",
                                "stamp": -33
                              },
                              "name": "value"
                            }
                          ]
                        },
                        "kind": "function"
                      },
                      "kind": "const"
                    },
                    "kind": "declaration"
                  },
                  {
                    "expression": {
                      "call": {
                        "arguments": [
                          {
                            "kind": "literal",
                            "literal": {
                              "kind": "undefined"
                            }
                          }
                        ],
                        "callee": {
                          "entity_id": {
                            "binding_id": {
                              "kind": "local",
                              "name": "consume",
                              "stamp": 0
                            },
                            "kind": "resolved",
                            "surface_path": "consume"
                          },
                          "kind": "identifier"
                        }
                      },
                      "kind": "call"
                    },
                    "kind": "expression"
                  },
                  {
                    "declaration": {
                      "binder": {
                        "binding_id": {
                          "kind": "local",
                          "name": "selected",
                          "stamp": 1
                        },
                        "name": "selected"
                      },
                      "init": {
                        "conditional": {
                          "condition": {
                            "entity_id": {
                              "binding_id": {
                                "kind": "local",
                                "name": "flag",
                                "stamp": -417
                              },
                              "kind": "resolved",
                              "surface_path": "flag"
                            },
                            "kind": "identifier"
                          },
                          "else": {
                            "kind": "literal",
                            "literal": {
                              "kind": "string",
                              "value": "right"
                            }
                          },
                          "then": {
                            "kind": "literal",
                            "literal": {
                              "kind": "string",
                              "value": "left"
                            }
                          }
                        },
                        "kind": "conditional"
                      },
                      "kind": "const"
                    },
                    "kind": "declaration"
                  },
                  {
                    "expression": {
                      "entity_id": {
                        "binding_id": {
                          "kind": "local",
                          "name": "selected",
                          "stamp": 1
                        },
                        "kind": "resolved",
                        "surface_path": "selected"
                      },
                      "kind": "identifier"
                    },
                    "kind": "return"
                  }
                ],
                "params": [
                  {
                    "binding_id": {
                      "kind": "local",
                      "name": "flag",
                      "stamp": -417
                    },
                    "name": "flag"
                  }
                ]
              },
              "kind": "function"
            },
            "kind": "const"
          },
          "kind": "declaration"
        }
      },
      {
        "kind": "statement",
        "statement": {
          "declaration": {
            "binder": {
              "binding_id": {
                "kind": "local",
                "name": "left",
                "stamp": 3
              },
              "name": "left"
            },
            "init": {
              "call": {
                "arguments": [
                  {
                    "kind": "literal",
                    "literal": {
                      "kind": "bool",
                      "value": true
                    }
                  }
                ],
                "callee": {
                  "entity_id": {
                    "binding_id": {
                      "kind": "local",
                      "name": "choose",
                      "stamp": 2
                    },
                    "kind": "resolved",
                    "surface_path": "choose"
                  },
                  "kind": "identifier"
                }
              },
              "kind": "call"
            },
            "kind": "const"
          },
          "kind": "declaration"
        }
      },
      {
        "kind": "statement",
        "statement": {
          "declaration": {
            "binder": {
              "binding_id": {
                "kind": "local",
                "name": "right",
                "stamp": 4
              },
              "name": "right"
            },
            "init": {
              "call": {
                "arguments": [
                  {
                    "kind": "literal",
                    "literal": {
                      "kind": "bool",
                      "value": false
                    }
                  }
                ],
                "callee": {
                  "entity_id": {
                    "binding_id": {
                      "kind": "local",
                      "name": "choose",
                      "stamp": 2
                    },
                    "kind": "resolved",
                    "surface_path": "choose"
                  },
                  "kind": "identifier"
                }
              },
              "kind": "call"
            },
            "kind": "const"
          },
          "kind": "declaration"
        }
      },
      {
        "exports": [
          {
            "local": {
              "binding_id": {
                "kind": "local",
                "name": "choose",
                "stamp": 2
              },
              "kind": "resolved",
              "surface_path": "choose"
            },
            "name": "choose"
          },
          {
            "local": {
              "binding_id": {
                "kind": "local",
                "name": "left",
                "stamp": 3
              },
              "kind": "resolved",
              "surface_path": "left"
            },
            "name": "left"
          },
          {
            "local": {
              "binding_id": {
                "kind": "local",
                "name": "right",
                "stamp": 4
              },
              "kind": "resolved",
              "surface_path": "right"
            },
            "name": "right"
          }
        ],
        "kind": "export"
      }
    ],
    "module_name": "Sequence_before_conditional"
  }
}