{
  "js": "import * as Printf from \"./Printf.js\";\n\nimport { callPrimitive as __callPrimitive } from \"./riot-runtime.js\";\n\nconst smaller = __callPrimitive(\"%lt\", 3, 5);\n\nPrintf.printf(\"%b\\\\n\", smaller);\n\nexport {\n  smaller\n};\n",
  "jst": {
    "items": [
      {
        "import": {
          "default": null,
          "from": "./Printf.js",
          "names": [],
          "namespace": "Printf"
        },
        "kind": "import"
      },
      {
        "import": {
          "default": null,
          "from": "./riot-runtime.js",
          "names": [
            {
              "imported": "callPrimitive",
              "local": "__callPrimitive"
            }
          ]
        },
        "kind": "import"
      },
      {
        "kind": "statement",
        "statement": {
          "declaration": {
            "init": {
              "call": {
                "arguments": [
                  {
                    "kind": "literal",
                    "literal": {
                      "kind": "string",
                      "value": "%lt"
                    }
                  },
                  {
                    "kind": "literal",
                    "literal": {
                      "kind": "number",
                      "number": {
                        "kind": "int",
                        "value": 3
                      }
                    }
                  },
                  {
                    "kind": "literal",
                    "literal": {
                      "kind": "number",
                      "number": {
                        "kind": "int",
                        "value": 5
                      }
                    }
                  }
                ],
                "callee": {
                  "kind": "identifier",
                  "name": "__callPrimitive"
                }
              },
              "kind": "call"
            },
            "kind": "const",
            "name": "smaller"
          },
          "kind": "declaration"
        }
      },
      {
        "kind": "statement",
        "statement": {
          "expression": {
            "call": {
              "arguments": [
                {
                  "kind": "literal",
                  "literal": {
                    "kind": "string",
                    "value": "%b\\n"
                  }
                },
                {
                  "kind": "identifier",
                  "name": "smaller"
                }
              ],
              "callee": {
                "kind": "member",
                "member": {
                  "object": {
                    "kind": "identifier",
                    "name": "Printf"
                  },
                  "property": "printf"
                }
              }
            },
            "kind": "call"
          },
          "kind": "expression"
        }
      },
      {
        "exports": [
          {
            "local": "smaller",
            "name": "smaller"
          }
        ],
        "kind": "export"
      }
    ],
    "module_name": "Less_than_comparison"
  }
}