{
  "body": [
    {
      "declaration": {
        "binder": {
          "binding_id": {
            "kind": "local",
            "name": "larger",
            "stamp": 0
          },
          "name": "larger"
        },
        "init": {
          "binary": {
            "left": {
              "kind": "literal",
              "literal": {
                "kind": "number",
                "number": {
                  "kind": "int",
                  "value": 5
                }
              }
            },
            "operator": "greater_than",
            "right": {
              "kind": "literal",
              "literal": {
                "kind": "number",
                "number": {
                  "kind": "int",
                  "value": 3
                }
              }
            }
          },
          "kind": "binary"
        },
        "kind": "const"
      },
      "kind": "declaration"
    },
    {
      "expression": {
        "call": {
          "arguments": [
            {
              "kind": "literal",
              "literal": {
                "kind": "string",
                "value": "%b\\n"
              }
            },
            {
              "entity_id": {
                "binding_id": {
                  "kind": "local",
                  "name": "larger",
                  "stamp": 0
                },
                "kind": "resolved",
                "surface_path": "larger"
              },
              "kind": "identifier"
            }
          ],
          "callee": {
            "kind": "member",
            "member": {
              "object": {
                "entity_id": {
                  "binding_id": {
                    "kind": "persistent",
                    "surface_path": "__raml_js.import.module.Printf.Printf"
                  },
                  "kind": "resolved",
                  "surface_path": "Printf"
                },
                "kind": "identifier"
              },
              "property": "printf"
            }
          }
        },
        "kind": "call"
      },
      "kind": "expression"
    }
  ],
  "exports": [
    {
      "local": {
        "binding_id": {
          "kind": "local",
          "name": "larger",
          "stamp": 0
        },
        "kind": "resolved",
        "surface_path": "larger"
      },
      "name": "larger"
    }
  ],
  "imports": [
    {
      "from": "./Printf.js",
      "imported": null,
      "local": {
        "binding_id": {
          "kind": "persistent",
          "surface_path": "__raml_js.import.module.Printf.Printf"
        },
        "name": "Printf"
      },
      "namespace": true
    }
  ],
  "module_name": "Greater_than_comparison"
}