{
  "codegen": {
    "js": {
      "output": "import * as Printf from \"./Printf.js\";\n\nimport { callPrimitive as __callPrimitive } from \"./riot-runtime.js\";\n\nconst outer = 10;\n\nlet __raml_init_result;\n\n{\n  const result = __callPrimitive(\"%addint\", outer, 1);\n  (__raml_init_result = result);\n}\n\nconst result = __raml_init_result;\n\nPrintf.printf(\"%d %d\\\\n\", outer, result);\n\nexport {\n  outer,\n  result\n};\n",
      "status": "ok"
    },
    "native": {
      "reason": "backend_not_selected",
      "status": "unavailable"
    },
    "wasm": {
      "reason": "backend_not_selected",
      "status": "unavailable"
    }
  },
  "lowered": {
    "core_ir": {
      "compilation_unit": {
        "exports": [
          {
            "name": "outer",
            "symbol": {
              "binding_id": {
                "kind": "local",
                "name": "outer",
                "stamp": 0
              },
              "kind": "resolved",
              "surface_path": "outer"
            }
          },
          {
            "name": "result",
            "symbol": {
              "binding_id": {
                "kind": "local",
                "name": "result",
                "stamp": 2
              },
              "kind": "resolved",
              "surface_path": "result"
            }
          }
        ],
        "init": [
          {
            "exports": [
              {
                "name": "outer",
                "symbol": {
                  "binding_id": {
                    "kind": "local",
                    "name": "outer",
                    "stamp": 0
                  },
                  "kind": "resolved",
                  "surface_path": "outer"
                }
              }
            ],
            "items": [
              {
                "binding": {
                  "entity_id": {
                    "binding_id": {
                      "kind": "local",
                      "name": "outer",
                      "stamp": 0
                    },
                    "kind": "resolved",
                    "surface_path": "outer"
                  },
                  "expr": {
                    "constant": {
                      "kind": "int",
                      "value": 10
                    },
                    "kind": "constant"
                  },
                  "name": "outer"
                },
                "kind": "binding"
              }
            ],
            "rec_flag": "nonrecursive"
          },
          {
            "exports": [
              {
                "name": "result",
                "symbol": {
                  "binding_id": {
                    "kind": "local",
                    "name": "result",
                    "stamp": 2
                  },
                  "kind": "resolved",
                  "surface_path": "result"
                }
              }
            ],
            "items": [
              {
                "binding": {
                  "entity_id": {
                    "binding_id": {
                      "kind": "local",
                      "name": "result",
                      "stamp": 2
                    },
                    "kind": "resolved",
                    "surface_path": "result"
                  },
                  "expr": {
                    "kind": "let",
                    "let": {
                      "bindings": [
                        {
                          "entity_id": {
                            "binding_id": {
                              "kind": "local",
                              "name": "result",
                              "stamp": 1
                            },
                            "kind": "resolved",
                            "surface_path": "result"
                          },
                          "expr": {
                            "apply": {
                              "arguments": [
                                {
                                  "kind": "var",
                                  "name": {
                                    "binding_id": {
                                      "kind": "local",
                                      "name": "outer",
                                      "stamp": 0
                                    },
                                    "kind": "resolved",
                                    "surface_path": "outer"
                                  }
                                },
                                {
                                  "constant": {
                                    "kind": "int",
                                    "value": 1
                                  },
                                  "kind": "constant"
                                }
                              ],
                              "callee": {
                                "function": {
                                  "kind": "unresolved",
                                  "surface_path": "+"
                                },
                                "kind": "direct"
                              }
                            },
                            "kind": "apply"
                          },
                          "name": "result"
                        }
                      ],
                      "body": {
                        "kind": "var",
                        "name": {
                          "binding_id": {
                            "kind": "local",
                            "name": "result",
                            "stamp": 1
                          },
                          "kind": "resolved",
                          "surface_path": "result"
                        }
                      },
                      "rec_flag": "nonrecursive"
                    }
                  },
                  "name": "result"
                },
                "kind": "binding"
              }
            ],
            "rec_flag": "nonrecursive"
          },
          {
            "exports": [],
            "items": [
              {
                "expr": {
                  "apply": {
                    "arguments": [
                      {
                        "constant": {
                          "kind": "string",
                          "value": "%d %d\\n"
                        },
                        "kind": "constant"
                      },
                      {
                        "kind": "var",
                        "name": {
                          "binding_id": {
                            "kind": "local",
                            "name": "outer",
                            "stamp": 0
                          },
                          "kind": "resolved",
                          "surface_path": "outer"
                        }
                      },
                      {
                        "kind": "var",
                        "name": {
                          "binding_id": {
                            "kind": "local",
                            "name": "result",
                            "stamp": 2
                          },
                          "kind": "resolved",
                          "surface_path": "result"
                        }
                      }
                    ],
                    "callee": {
                      "function": {
                        "kind": "unresolved",
                        "surface_path": "Printf.printf"
                      },
                      "kind": "direct"
                    }
                  },
                  "kind": "apply"
                },
                "kind": "eval"
              }
            ],
            "rec_flag": "nonrecursive"
          }
        ],
        "unit_id": {
          "kind": "implementation",
          "relpath": "corpus/initializer_shadowing.ml",
          "unit_name": "Initializer_shadowing"
        }
      },
      "status": "ok"
    },
    "jir": {
      "program": {
        "body": [
          {
            "declaration": {
              "init": {
                "kind": "literal",
                "literal": {
                  "kind": "number",
                  "number": {
                    "kind": "int",
                    "value": 10
                  }
                }
              },
              "kind": "const",
              "name": "outer"
            },
            "kind": "declaration"
          },
          {
            "declaration": {
              "init": null,
              "kind": "let",
              "name": "__raml_init_result"
            },
            "kind": "declaration"
          },
          {
            "body": [
              {
                "declaration": {
                  "init": {
                    "call": {
                      "arguments": [
                        {
                          "kind": "literal",
                          "literal": {
                            "kind": "string",
                            "value": "%addint"
                          }
                        },
                        {
                          "kind": "identifier",
                          "name": "outer"
                        },
                        {
                          "kind": "literal",
                          "literal": {
                            "kind": "number",
                            "number": {
                              "kind": "int",
                              "value": 1
                            }
                          }
                        }
                      ],
                      "callee": {
                        "kind": "identifier",
                        "name": "__callPrimitive"
                      }
                    },
                    "kind": "call"
                  },
                  "kind": "const",
                  "name": "result"
                },
                "kind": "declaration"
              },
              {
                "expression": {
                  "assignment": {
                    "target": "__raml_init_result",
                    "value": {
                      "kind": "identifier",
                      "name": "result"
                    }
                  },
                  "kind": "assignment"
                },
                "kind": "expression"
              }
            ],
            "kind": "block"
          },
          {
            "declaration": {
              "init": {
                "kind": "identifier",
                "name": "__raml_init_result"
              },
              "kind": "const",
              "name": "result"
            },
            "kind": "declaration"
          },
          {
            "expression": {
              "call": {
                "arguments": [
                  {
                    "kind": "literal",
                    "literal": {
                      "kind": "string",
                      "value": "%d %d\\n"
                    }
                  },
                  {
                    "kind": "identifier",
                    "name": "outer"
                  },
                  {
                    "kind": "identifier",
                    "name": "result"
                  }
                ],
                "callee": {
                  "kind": "member",
                  "member": {
                    "object": {
                      "kind": "identifier",
                      "name": "Printf"
                    },
                    "property": "printf"
                  }
                }
              },
              "kind": "call"
            },
            "kind": "expression"
          }
        ],
        "exports": [
          {
            "local": "outer",
            "name": "outer"
          },
          {
            "local": "result",
            "name": "result"
          }
        ],
        "imports": [
          {
            "from": "./Printf.js",
            "imported": null,
            "local": "Printf",
            "namespace": true
          },
          {
            "from": "./riot-runtime.js",
            "imported": "callPrimitive",
            "local": "__callPrimitive"
          }
        ],
        "module_name": "Initializer_shadowing"
      },
      "status": "ok"
    },
    "lir": {
      "reason": "backend_not_selected",
      "status": "unavailable"
    },
    "mir": {
      "reason": "backend_not_selected",
      "status": "unavailable"
    },
    "nir": {
      "reason": "backend_not_selected",
      "status": "unavailable"
    },
    "wasm": {
      "reason": "backend_not_selected",
      "status": "unavailable"
    }
  },
  "source": {
    "has_trailing_newline": true,
    "kind": "implementation",
    "nonempty_lines": 7,
    "relpath": "corpus/initializer_shadowing.ml",
    "source_bytes": 243,
    "source_lines": 9,
    "unit_name": "Initializer_shadowing"
  },
  "targeting": {
    "backend": "js",
    "host": "aarch64-apple-darwin",
    "target": "js-unknown-ecma"
  },
  "typing": {
    "completeness": "complete",
    "exports": [
      {
        "name": "outer",
        "scheme": "int"
      },
      {
        "name": "result",
        "scheme": "int"
      }
    ],
    "file_summary": {
      "completeness": "complete",
      "export_result": {
        "exports": [
          {
            "name": "outer",
            "scheme": "int"
          },
          {
            "name": "result",
            "scheme": "int"
          }
        ],
        "tag": "trusted_export"
      },
      "source_id": 0
    },
    "lowering_diagnostics": [],
    "parse_diagnostics": [],
    "status": "ok",
    "typing_diagnostics": []
  }
}