{
  "body": [
    {
      "declaration": {
        "init": {
          "kind": "literal",
          "literal": {
            "kind": "number",
            "number": {
              "kind": "int",
              "value": 10
            }
          }
        },
        "kind": "const",
        "name": "outer"
      },
      "kind": "declaration"
    },
    {
      "declaration": {
        "init": null,
        "kind": "let",
        "name": "__raml_init_result"
      },
      "kind": "declaration"
    },
    {
      "body": [
        {
          "declaration": {
            "init": {
              "call": {
                "arguments": [
                  {
                    "kind": "literal",
                    "literal": {
                      "kind": "string",
                      "value": "%addint"
                    }
                  },
                  {
                    "kind": "identifier",
                    "name": "outer"
                  },
                  {
                    "kind": "literal",
                    "literal": {
                      "kind": "number",
                      "number": {
                        "kind": "int",
                        "value": 1
                      }
                    }
                  }
                ],
                "callee": {
                  "kind": "identifier",
                  "name": "__callPrimitive"
                }
              },
              "kind": "call"
            },
            "kind": "const",
            "name": "result"
          },
          "kind": "declaration"
        },
        {
          "expression": {
            "assignment": {
              "target": "__raml_init_result",
              "value": {
                "kind": "identifier",
                "name": "result"
              }
            },
            "kind": "assignment"
          },
          "kind": "expression"
        }
      ],
      "kind": "block"
    },
    {
      "declaration": {
        "init": {
          "kind": "identifier",
          "name": "__raml_init_result"
        },
        "kind": "const",
        "name": "result"
      },
      "kind": "declaration"
    },
    {
      "expression": {
        "call": {
          "arguments": [
            {
              "kind": "literal",
              "literal": {
                "kind": "string",
                "value": "%d %d\\n"
              }
            },
            {
              "kind": "identifier",
              "name": "outer"
            },
            {
              "kind": "identifier",
              "name": "result"
            }
          ],
          "callee": {
            "kind": "member",
            "member": {
              "object": {
                "kind": "identifier",
                "name": "Printf"
              },
              "property": "printf"
            }
          }
        },
        "kind": "call"
      },
      "kind": "expression"
    }
  ],
  "exports": [
    {
      "local": "outer",
      "name": "outer"
    },
    {
      "local": "result",
      "name": "result"
    }
  ],
  "imports": [
    {
      "from": "./Printf.js",
      "imported": null,
      "local": "Printf",
      "namespace": true
    },
    {
      "from": "./riot-runtime.js",
      "imported": "callPrimitive",
      "local": "__callPrimitive"
    }
  ],
  "module_name": "Initializer_shadowing"
}