{
  "lowered": {
    "core_ir": {
      "compilation_unit": {
        "exports": [],
        "init": [],
        "unit_id": {
          "kind": "implementation",
          "relpath": "corpus/module_identity.ml",
          "unit_name": "Module_identity"
        }
      },
      "status": "ok"
    },
    "jir": {
      "program": {
        "body": [],
        "exports": [],
        "imports": [],
        "module_name": "Module_identity"
      },
      "status": "ok"
    },
    "lir": {
      "reason": "backend_not_selected",
      "status": "unavailable"
    },
    "mir": {
      "reason": "backend_not_selected",
      "status": "unavailable"
    },
    "nir": {
      "reason": "backend_not_selected",
      "status": "unavailable"
    },
    "wasm": {
      "reason": "backend_not_selected",
      "status": "unavailable"
    }
  },
  "source": {
    "has_trailing_newline": true,
    "kind": "implementation",
    "nonempty_lines": 2,
    "relpath": "corpus/module_identity.ml",
    "source_bytes": 94,
    "source_lines": 3,
    "unit_name": "Module_identity"
  },
  "targeting": {
    "backend": "js",
    "host": "aarch64-apple-darwin",
    "target": "js-unknown-ecma"
  },
  "typing": {
    "completeness": "complete",
    "exports": [],
    "file_summary": {
      "completeness": "complete",
      "export_result": {
        "exports": [],
        "tag": "trusted_export"
      },
      "source_id": 0
    },
    "lowering_diagnostics": [],
    "parse_diagnostics": [],
    "status": "ok",
    "typing_diagnostics": []
  }
}