{
  "js": "import { print_int as __print_int } from \"./riot-runtime.js\";\n\n__print_int(42);\n",
  "jst": {
    "items": [
      {
        "import": {
          "default": null,
          "from": "./riot-runtime.js",
          "names": [
            {
              "imported": "print_int",
              "local": "__print_int"
            }
          ]
        },
        "kind": "import"
      },
      {
        "kind": "statement",
        "statement": {
          "expression": {
            "call": {
              "arguments": [
                {
                  "kind": "literal",
                  "literal": {
                    "kind": "number",
                    "number": {
                      "kind": "int",
                      "value": 42
                    }
                  }
                }
              ],
              "callee": {
                "kind": "identifier",
                "name": "__print_int"
              }
            },
            "kind": "call"
          },
          "kind": "expression"
        }
      }
    ],
    "module_name": "Print_int"
  }
}