{
  "codegen": {
    "backend": "js",
    "stage": {
      "blocked_on": "jir",
      "errors": [
        {
          "diagnostic": {
            "id": "TYP2001",
            "message": "unbound name: print_string",
            "name": "unbound-name",
            "name_text": "print_string",
            "reference_span": {
              "end": 21,
              "start": 8
            },
            "severity": "error"
          },
          "stage": "typing"
        }
      ],
      "status": "blocked"
    },
    "target": "js-unknown-ecma"
  },
  "core_ir": {
    "blocked_on": "typing",
    "errors": [
      {
        "diagnostic": {
          "id": "TYP2001",
          "message": "unbound name: print_string",
          "name": "unbound-name",
          "name_text": "print_string",
          "reference_span": {
            "end": 21,
            "start": 8
          },
          "severity": "error"
        },
        "stage": "typing"
      }
    ],
    "status": "blocked"
  },
  "lowering": {
    "backend": "js",
    "stages": {
      "jir": {
        "blocked_on": "core_ir",
        "errors": [
          {
            "diagnostic": {
              "id": "TYP2001",
              "message": "unbound name: print_string",
              "name": "unbound-name",
              "name_text": "print_string",
              "reference_span": {
                "end": 21,
                "start": 8
              },
              "severity": "error"
            },
            "stage": "typing"
          }
        ],
        "status": "blocked"
      }
    }
  },
  "source": {
    "has_trailing_newline": true,
    "kind": "implementation",
    "nonempty_lines": 1,
    "relpath": "corpus/print_string.ml",
    "source_bytes": 30,
    "source_lines": 1,
    "unit_name": "Print_string"
  },
  "targeting": {
    "backend": "js",
    "host": "aarch64-apple-darwin",
    "target": "js-unknown-ecma"
  },
  "typing": {
    "completeness": "partial",
    "exports": [],
    "file_summary": {
      "completeness": "partial",
      "export_result": {
        "exports": [],
        "tag": "errored_export"
      },
      "source_id": 0
    },
    "lowering_diagnostics": [],
    "parse_diagnostics": [],
    "status": "error",
    "typing_diagnostics": [
      {
        "id": "TYP2001",
        "message": "unbound name: print_string",
        "name": "unbound-name",
        "name_text": "print_string",
        "reference_span": {
          "end": 21,
          "start": 8
        },
        "severity": "error"
      }
    ]
  }
}