{
  "body": [
    {
      "declaration": {
        "binder": {
          "binding_id": {
            "kind": "persistent",
            "surface_path": "__jir_fixture.message"
          },
          "name": "message"
        },
        "init": {
          "call": {
            "arguments": [
              {
                "kind": "literal",
                "literal": {
                  "kind": "string",
                  "value": "hello"
                }
              }
            ],
            "callee": {
              "import": {
                "from": "./fmt.js",
                "imported": "format",
                "local": {
                  "binding_id": {
                    "kind": "persistent",
                    "surface_path": "__jir_fixture.format"
                  },
                  "name": "format"
                }
              },
              "kind": "imported"
            }
          },
          "kind": "call"
        },
        "kind": "const"
      },
      "kind": "declaration"
    },
    {
      "expression": {
        "call": {
          "arguments": [
            {
              "entity_id": {
                "binding_id": {
                  "kind": "persistent",
                  "surface_path": "__jir_fixture.message"
                },
                "kind": "resolved",
                "surface_path": "message"
              },
              "kind": "identifier"
            }
          ],
          "callee": {
            "helper": {
              "local": {
                "binding_id": {
                  "kind": "persistent",
                  "surface_path": "__jir_fixture.$println"
                },
                "name": "$println"
              },
              "module_name": "./riot/std.js",
              "symbol": "println"
            },
            "kind": "runtime"
          }
        },
        "kind": "call"
      },
      "kind": "expression"
    }
  ],
  "exports": [],
  "imports": [
    {
      "from": "./fmt.js",
      "imported": "format",
      "local": {
        "binding_id": {
          "kind": "persistent",
          "surface_path": "__jir_fixture.format"
        },
        "name": "format"
      }
    }
  ],
  "module_name": "Imports_and_runtime"
}