{
  "exports": [
    {
      "name": "subject",
      "symbol": "subject"
    },
    {
      "name": "identity",
      "symbol": "identity"
    },
    {
      "name": "echoed",
      "symbol": "echoed"
    }
  ],
  "module_name": "Top_level_function_direct_call",
  "procedures": [
    {
      "body": [
        {
          "kind": "label",
          "name": "identity"
        },
        {
          "kind": "return",
          "operand": {
            "home": {
              "kind": "register",
              "name": "x11"
            },
            "kind": "home"
          }
        }
      ],
      "frame": {
        "contains_calls": false,
        "frame_required": false,
        "frame_size": 0,
        "homes": [
          {
            "home": {
              "kind": "register",
              "name": "x11"
            },
            "name": "value"
          }
        ],
        "saved_registers": [],
        "slots": []
      },
      "kind": "function",
      "name": "identity",
      "params": [
        "value"
      ]
    },
    {
      "body": [
        {
          "kind": "label",
          "name": "__entry__"
        },
        {
          "kind": "store_global",
          "src": {
            "kind": "literal",
            "literal": {
              "kind": "string",
              "value": "riot"
            }
          },
          "symbol": "subject"
        },
        {
          "arguments": [],
          "callee": {
            "kind": "direct",
            "name": "raml_poll"
          },
          "dst": null,
          "kind": "call"
        },
        {
          "arguments": [
            {
              "kind": "global",
              "name": "subject"
            }
          ],
          "callee": {
            "kind": "direct",
            "name": "identity"
          },
          "dst": {
            "home": {
              "kind": "register",
              "name": "x11"
            },
            "kind": "home"
          },
          "kind": "call"
        },
        {
          "kind": "store_global",
          "src": {
            "home": {
              "kind": "register",
              "name": "x11"
            },
            "kind": "home"
          },
          "symbol": "echoed"
        }
      ],
      "frame": {
        "contains_calls": true,
        "frame_required": true,
        "frame_size": 0,
        "homes": [
          {
            "home": {
              "kind": "register",
              "name": "x11"
            },
            "name": "t1"
          }
        ],
        "saved_registers": [],
        "slots": []
      },
      "kind": "entry",
      "name": "__entry__",
      "params": []
    }
  ]
}