{
  "initial": {
    "entry": [
      {
        "binding": {
          "expr": {
            "call": {
              "arguments": [
                {
                  "kind": "literal",
                  "literal": {
                    "kind": "bool",
                    "value": true
                  }
                },
                {
                  "kind": "literal",
                  "literal": {
                    "kind": "string",
                    "value": "left"
                  }
                },
                {
                  "kind": "literal",
                  "literal": {
                    "kind": "string",
                    "value": "right"
                  }
                }
              ],
              "callee": {
                "kind": "direct",
                "name": "choose"
              }
            },
            "kind": "call"
          },
          "name": "selected"
        },
        "kind": "binding"
      }
    ],
    "exports": [
      {
        "name": "choose",
        "symbol": "choose"
      },
      {
        "name": "selected",
        "symbol": "selected"
      }
    ],
    "functions": [
      {
        "body": {
          "if_then_else": {
            "condition": {
              "kind": "symbol",
              "name": "flag"
            },
            "else": {
              "kind": "symbol",
              "name": "when_false"
            },
            "then": {
              "kind": "symbol",
              "name": "when_true"
            }
          },
          "kind": "if_then_else"
        },
        "name": "choose",
        "params": [
          "flag",
          "when_true",
          "when_false"
        ]
      }
    ],
    "imports": [],
    "module_name": "Tail_conditional_direct_call",
    "runtime_helpers": []
  },
  "passes": {
    "normalize": {
      "entry": [
        {
          "binding": {
            "expr": {
              "call": {
                "arguments": [
                  {
                    "kind": "literal",
                    "literal": {
                      "kind": "bool",
                      "value": true
                    }
                  },
                  {
                    "kind": "literal",
                    "literal": {
                      "kind": "string",
                      "value": "left"
                    }
                  },
                  {
                    "kind": "literal",
                    "literal": {
                      "kind": "string",
                      "value": "right"
                    }
                  }
                ],
                "callee": {
                  "kind": "direct",
                  "name": "choose"
                }
              },
              "kind": "call"
            },
            "name": "selected"
          },
          "kind": "binding"
        }
      ],
      "exports": [
        {
          "name": "choose",
          "symbol": "choose"
        },
        {
          "name": "selected",
          "symbol": "selected"
        }
      ],
      "functions": [
        {
          "body": {
            "if_then_else": {
              "condition": {
                "kind": "symbol",
                "name": "flag"
              },
              "else": {
                "kind": "symbol",
                "name": "when_false"
              },
              "then": {
                "kind": "symbol",
                "name": "when_true"
              }
            },
            "kind": "if_then_else"
          },
          "name": "choose",
          "params": [
            "flag",
            "when_true",
            "when_false"
          ]
        }
      ],
      "imports": [],
      "module_name": "Tail_conditional_direct_call",
      "runtime_helpers": []
    },
    "simplify": {
      "entry": [
        {
          "binding": {
            "expr": {
              "call": {
                "arguments": [
                  {
                    "kind": "literal",
                    "literal": {
                      "kind": "bool",
                      "value": true
                    }
                  },
                  {
                    "kind": "literal",
                    "literal": {
                      "kind": "string",
                      "value": "left"
                    }
                  },
                  {
                    "kind": "literal",
                    "literal": {
                      "kind": "string",
                      "value": "right"
                    }
                  }
                ],
                "callee": {
                  "kind": "direct",
                  "name": "choose"
                }
              },
              "kind": "call"
            },
            "name": "selected"
          },
          "kind": "binding"
        }
      ],
      "exports": [
        {
          "name": "choose",
          "symbol": "choose"
        },
        {
          "name": "selected",
          "symbol": "selected"
        }
      ],
      "functions": [
        {
          "body": {
            "if_then_else": {
              "condition": {
                "kind": "symbol",
                "name": "flag"
              },
              "else": {
                "kind": "symbol",
                "name": "when_false"
              },
              "then": {
                "kind": "symbol",
                "name": "when_true"
              }
            },
            "kind": "if_then_else"
          },
          "name": "choose",
          "params": [
            "flag",
            "when_true",
            "when_false"
          ]
        }
      ],
      "imports": [],
      "module_name": "Tail_conditional_direct_call",
      "runtime_helpers": []
    }
  },
  "program": {
    "entry": [
      {
        "binding": {
          "expr": {
            "call": {
              "arguments": [
                {
                  "kind": "literal",
                  "literal": {
                    "kind": "bool",
                    "value": true
                  }
                },
                {
                  "kind": "literal",
                  "literal": {
                    "kind": "string",
                    "value": "left"
                  }
                },
                {
                  "kind": "literal",
                  "literal": {
                    "kind": "string",
                    "value": "right"
                  }
                }
              ],
              "callee": {
                "kind": "direct",
                "name": "choose"
              }
            },
            "kind": "call"
          },
          "name": "selected"
        },
        "kind": "binding"
      }
    ],
    "exports": [
      {
        "name": "choose",
        "symbol": "choose"
      },
      {
        "name": "selected",
        "symbol": "selected"
      }
    ],
    "functions": [
      {
        "body": {
          "if_then_else": {
            "condition": {
              "kind": "symbol",
              "name": "flag"
            },
            "else": {
              "kind": "symbol",
              "name": "when_false"
            },
            "then": {
              "kind": "symbol",
              "name": "when_true"
            }
          },
          "kind": "if_then_else"
        },
        "name": "choose",
        "params": [
          "flag",
          "when_true",
          "when_false"
        ]
      }
    ],
    "imports": [],
    "module_name": "Tail_conditional_direct_call",
    "runtime_helpers": []
  },
  "status": "ok"
}