{
  "initial": {
    "exports": [],
    "module_name": "Module_identity",
    "procedures": []
  },
  "passes": {
    "allocate_homes": {
      "exports": [],
      "module_name": "Module_identity",
      "procedures": []
    },
    "assign_homes": {
      "exports": [],
      "module_name": "Module_identity",
      "procedures": []
    },
    "layout_frames": {
      "exports": [],
      "module_name": "Module_identity",
      "procedures": []
    },
    "schedule": {
      "exports": [],
      "module_name": "Module_identity",
      "procedures": []
    },
    "simplify": {
      "exports": [],
      "module_name": "Module_identity",
      "procedures": []
    }
  },
  "program": {
    "exports": [],
    "module_name": "Module_identity",
    "procedures": []
  },
  "status": "ok"
}