{
  "initial": {
    "entry": [],
    "exports": [],
    "functions": [],
    "imports": [],
    "module_name": "Module_identity",
    "runtime_helpers": []
  },
  "passes": {
    "normalize": {
      "entry": [],
      "exports": [],
      "functions": [],
      "imports": [],
      "module_name": "Module_identity",
      "runtime_helpers": []
    },
    "simplify": {
      "entry": [],
      "exports": [],
      "functions": [],
      "imports": [],
      "module_name": "Module_identity",
      "runtime_helpers": []
    }
  },
  "program": {
    "entry": [],
    "exports": [],
    "functions": [],
    "imports": [],
    "module_name": "Module_identity",
    "runtime_helpers": []
  },
  "status": "ok"
}