{
  "status": "blocked",
  "blocked_on": "lir",
  "errors": [
    {
      "stage": "typing",
      "diagnostic": {
        "id": "TYP2001",
        "name": "unbound-name",
        "message": "unbound name: print_endline",
        "severity": "error",
        "reference_span": {
          "start": 87,
          "end": 101
        },
        "name_text": "print_endline"
      }
    },
    {
      "stage": "typing",
      "diagnostic": {
        "id": "TYP2001",
        "name": "unbound-name",
        "message": "unbound name: string_of_float",
        "severity": "error",
        "reference_span": {
          "start": 103,
          "end": 118
        },
        "name_text": "string_of_float"
      }
    },
    {
      "stage": "typing",
      "diagnostic": {
        "id": "TYP2001",
        "name": "unbound-name",
        "message": "unbound name: float_of_string",
        "severity": "error",
        "reference_span": {
          "start": 120,
          "end": 135
        },
        "name_text": "float_of_string"
      }
    }
  ]
}