{
  "exports": [
    {
      "name": "choose",
      "symbol": {
        "binding_id": {
          "kind": "local",
          "name": "choose",
          "stamp": 0
        },
        "kind": "resolved",
        "surface_path": "choose"
      }
    },
    {
      "name": "selected",
      "symbol": {
        "binding_id": {
          "kind": "local",
          "name": "selected",
          "stamp": 1
        },
        "kind": "resolved",
        "surface_path": "selected"
      }
    }
  ],
  "init": [
    {
      "exports": [
        {
          "name": "choose",
          "symbol": {
            "binding_id": {
              "kind": "local",
              "name": "choose",
              "stamp": 0
            },
            "kind": "resolved",
            "surface_path": "choose"
          }
        }
      ],
      "items": [
        {
          "binding": {
            "entity_id": {
              "binding_id": {
                "kind": "local",
                "name": "choose",
                "stamp": 0
              },
              "kind": "resolved",
              "surface_path": "choose"
            },
            "expr": {
              "kind": "lambda",
              "lambda": {
                "body": {
                  "if_then_else": {
                    "condition": {
                      "kind": "var",
                      "name": {
                        "binding_id": {
                          "kind": "local",
                          "name": "flag",
                          "stamp": -129
                        },
                        "kind": "resolved",
                        "surface_path": "flag"
                      }
                    },
                    "else": {
                      "kind": "var",
                      "name": {
                        "binding_id": {
                          "kind": "local",
                          "name": "when_false",
                          "stamp": -131
                        },
                        "kind": "resolved",
                        "surface_path": "when_false"
                      }
                    },
                    "then": {
                      "kind": "var",
                      "name": {
                        "binding_id": {
                          "kind": "local",
                          "name": "when_true",
                          "stamp": -130
                        },
                        "kind": "resolved",
                        "surface_path": "when_true"
                      }
                    }
                  },
                  "kind": "if_then_else"
                },
                "params": [
                  {
                    "entity_id": {
                      "binding_id": {
                        "kind": "local",
                        "name": "flag",
                        "stamp": -129
                      },
                      "kind": "resolved",
                      "surface_path": "flag"
                    },
                    "name": "flag"
                  },
                  {
                    "entity_id": {
                      "binding_id": {
                        "kind": "local",
                        "name": "when_true",
                        "stamp": -130
                      },
                      "kind": "resolved",
                      "surface_path": "when_true"
                    },
                    "name": "when_true"
                  },
                  {
                    "entity_id": {
                      "binding_id": {
                        "kind": "local",
                        "name": "when_false",
                        "stamp": -131
                      },
                      "kind": "resolved",
                      "surface_path": "when_false"
                    },
                    "name": "when_false"
                  }
                ]
              }
            },
            "name": "choose"
          },
          "kind": "binding"
        }
      ],
      "rec_flag": "nonrecursive"
    },
    {
      "exports": [
        {
          "name": "selected",
          "symbol": {
            "binding_id": {
              "kind": "local",
              "name": "selected",
              "stamp": 1
            },
            "kind": "resolved",
            "surface_path": "selected"
          }
        }
      ],
      "items": [
        {
          "binding": {
            "entity_id": {
              "binding_id": {
                "kind": "local",
                "name": "selected",
                "stamp": 1
              },
              "kind": "resolved",
              "surface_path": "selected"
            },
            "expr": {
              "apply": {
                "arguments": [
                  {
                    "constant": {
                      "kind": "bool",
                      "value": true
                    },
                    "kind": "constant"
                  },
                  {
                    "constant": {
                      "kind": "string",
                      "value": "left"
                    },
                    "kind": "constant"
                  },
                  {
                    "constant": {
                      "kind": "string",
                      "value": "right"
                    },
                    "kind": "constant"
                  }
                ],
                "callee": {
                  "function": {
                    "binding_id": {
                      "kind": "local",
                      "name": "choose",
                      "stamp": 0
                    },
                    "kind": "resolved",
                    "surface_path": "choose"
                  },
                  "kind": "direct"
                }
              },
              "kind": "apply"
            },
            "name": "selected"
          },
          "kind": "binding"
        }
      ],
      "rec_flag": "nonrecursive"
    }
  ],
  "unit_id": {
    "kind": "implementation",
    "relpath": "corpus/tail_conditional_direct_call.ml",
    "unit_name": "Tail_conditional_direct_call"
  }
}