{
  "js": "import * as Printf from \"./Printf.js\";\n\nconst make_adder = (function(base) {\n  const add = (function(x) {\n    return (base + x);\n  });\n  return add;\n});\n\nPrintf.printf(\"%d\\\\n\", make_adder(7)(35));\n\nexport {\n  make_adder\n};\n",
  "jst": {
    "items": [
      {
        "import": {
          "default": null,
          "from": {
            "import_path": "./Printf.js",
            "kind": "relative_unit",
            "namespace": [
              "module",
              "Printf"
            ],
            "unit_name": "Printf"
          },
          "names": [],
          "namespace": {
            "binding_id": {
              "kind": "persistent",
              "surface_path": "__raml_js.import.module.Printf.Printf"
            },
            "name": "Printf"
          }
        },
        "kind": "import"
      },
      {
        "kind": "statement",
        "statement": {
          "declaration": {
            "binder": {
              "binding_id": {
                "kind": "local",
                "name": "make_adder",
                "stamp": 1
              },
              "name": "make_adder"
            },
            "init": {
              "function": {
                "body": [
                  {
                    "declaration": {
                      "binder": {
                        "binding_id": {
                          "kind": "local",
                          "name": "add",
                          "stamp": 0
                        },
                        "name": "add"
                      },
                      "init": {
                        "function": {
                          "body": [
                            {
                              "expression": {
                                "binary": {
                                  "left": {
                                    "entity_id": {
                                      "binding_id": {
                                        "kind": "local",
                                        "name": "base",
                                        "stamp": -225
                                      },
                                      "kind": "resolved",
                                      "surface_path": "base"
                                    },
                                    "kind": "identifier"
                                  },
                                  "operator": "add",
                                  "right": {
                                    "entity_id": {
                                      "binding_id": {
                                        "kind": "local",
                                        "name": "x",
                                        "stamp": -129
                                      },
                                      "kind": "resolved",
                                      "surface_path": "x"
                                    },
                                    "kind": "identifier"
                                  }
                                },
                                "kind": "binary"
                              },
                              "kind": "return"
                            }
                          ],
                          "params": [
                            {
                              "binding_id": {
                                "kind": "local",
                                "name": "x",
                                "stamp": -129
                              },
                              "name": "x"
                            }
                          ]
                        },
                        "kind": "function"
                      },
                      "kind": "const"
                    },
                    "kind": "declaration"
                  },
                  {
                    "expression": {
                      "entity_id": {
                        "binding_id": {
                          "kind": "local",
                          "name": "add",
                          "stamp": 0
                        },
                        "kind": "resolved",
                        "surface_path": "add"
                      },
                      "kind": "identifier"
                    },
                    "kind": "return"
                  }
                ],
                "params": [
                  {
                    "binding_id": {
                      "kind": "local",
                      "name": "base",
                      "stamp": -225
                    },
                    "name": "base"
                  }
                ]
              },
              "kind": "function"
            },
            "kind": "const"
          },
          "kind": "declaration"
        }
      },
      {
        "kind": "statement",
        "statement": {
          "expression": {
            "call": {
              "arguments": [
                {
                  "kind": "literal",
                  "literal": {
                    "kind": "string",
                    "value": "%d\\n"
                  }
                },
                {
                  "call": {
                    "arguments": [
                      {
                        "kind": "literal",
                        "literal": {
                          "kind": "number",
                          "number": {
                            "kind": "int",
                            "value": 35
                          }
                        }
                      }
                    ],
                    "callee": {
                      "call": {
                        "arguments": [
                          {
                            "kind": "literal",
                            "literal": {
                              "kind": "number",
                              "number": {
                                "kind": "int",
                                "value": 7
                              }
                            }
                          }
                        ],
                        "callee": {
                          "entity_id": {
                            "binding_id": {
                              "kind": "local",
                              "name": "make_adder",
                              "stamp": 1
                            },
                            "kind": "resolved",
                            "surface_path": "make_adder"
                          },
                          "kind": "identifier"
                        }
                      },
                      "kind": "call"
                    }
                  },
                  "kind": "call"
                }
              ],
              "callee": {
                "kind": "member",
                "member": {
                  "object": {
                    "entity_id": {
                      "binding_id": {
                        "kind": "persistent",
                        "surface_path": "__raml_js.import.module.Printf.Printf"
                      },
                      "kind": "resolved",
                      "surface_path": "Printf"
                    },
                    "kind": "identifier"
                  },
                  "property": "printf"
                }
              }
            },
            "kind": "call"
          },
          "kind": "expression"
        }
      },
      {
        "exports": [
          {
            "local": {
              "binding_id": {
                "kind": "local",
                "name": "make_adder",
                "stamp": 1
              },
              "kind": "resolved",
              "surface_path": "make_adder"
            },
            "name": "make_adder"
          }
        ],
        "kind": "export"
      }
    ],
    "module_name": "Indirect_call_via_returned_closure"
  }
}