{
  "body": [
    {
      "declaration": {
        "binder": {
          "binding_id": {
            "kind": "persistent",
            "surface_path": "__raml_js.flatten.__raml_init_result"
          },
          "name": "__raml_init_result"
        },
        "init": null,
        "kind": "let"
      },
      "kind": "declaration"
    },
    {
      "declaration": {
        "binder": {
          "binding_id": {
            "kind": "local",
            "name": "result",
            "stamp": 2
          },
          "name": "result"
        },
        "init": {
          "entity_id": {
            "binding_id": {
              "kind": "persistent",
              "surface_path": "__raml_js.flatten.__raml_init_result"
            },
            "kind": "resolved",
            "surface_path": "__raml_init_result"
          },
          "kind": "identifier"
        },
        "kind": "const"
      },
      "kind": "declaration"
    },
    {
      "expression": {
        "call": {
          "arguments": [
            {
              "kind": "literal",
              "literal": {
                "kind": "string",
                "value": "%d\\n"
              }
            },
            {
              "entity_id": {
                "binding_id": {
                  "kind": "local",
                  "name": "result",
                  "stamp": 2
                },
                "kind": "resolved",
                "surface_path": "result"
              },
              "kind": "identifier"
            }
          ],
          "callee": {
            "kind": "member",
            "member": {
              "object": {
                "entity_id": {
                  "binding_id": {
                    "kind": "persistent",
                    "surface_path": "__raml_js.import.module.Printf.Printf"
                  },
                  "kind": "resolved",
                  "surface_path": "Printf"
                },
                "kind": "identifier"
              },
              "property": "printf"
            }
          }
        },
        "kind": "call"
      },
      "kind": "expression"
    }
  ],
  "exports": [
    {
      "local": {
        "binding_id": {
          "kind": "local",
          "name": "result",
          "stamp": 2
        },
        "kind": "resolved",
        "surface_path": "result"
      },
      "name": "result"
    }
  ],
  "imports": [
    {
      "from": "./Printf.js",
      "imported": null,
      "local": {
        "binding_id": {
          "kind": "persistent",
          "surface_path": "__raml_js.import.module.Printf.Printf"
        },
        "name": "Printf"
      },
      "namespace": true
    }
  ],
  "module_name": "Dead_local_bindings"
}