{
  "exports": [
    {
      "name": "result",
      "symbol": {
        "binding_id": {
          "kind": "local",
          "name": "result",
          "stamp": 2
        },
        "kind": "resolved",
        "surface_path": "result"
      }
    }
  ],
  "init": [
    {
      "exports": [
        {
          "name": "result",
          "symbol": {
            "binding_id": {
              "kind": "local",
              "name": "result",
              "stamp": 2
            },
            "kind": "resolved",
            "surface_path": "result"
          }
        }
      ],
      "items": [
        {
          "binding": {
            "entity_id": {
              "binding_id": {
                "kind": "local",
                "name": "result",
                "stamp": 2
              },
              "kind": "resolved",
              "surface_path": "result"
            },
            "expr": {
              "kind": "let",
              "let": {
                "bindings": [
                  {
                    "entity_id": {
                      "binding_id": {
                        "kind": "local",
                        "name": "unused",
                        "stamp": 0
                      },
                      "kind": "resolved",
                      "surface_path": "unused"
                    },
                    "expr": {
                      "constant": {
                        "kind": "int",
                        "value": 10
                      },
                      "kind": "constant"
                    },
                    "name": "unused"
                  }
                ],
                "body": {
                  "kind": "let",
                  "let": {
                    "bindings": [
                      {
                        "entity_id": {
                          "binding_id": {
                            "kind": "local",
                            "name": "dead",
                            "stamp": 1
                          },
                          "kind": "resolved",
                          "surface_path": "dead"
                        },
                        "expr": {
                          "kind": "lambda",
                          "lambda": {
                            "body": {
                              "apply": {
                                "arguments": [
                                  {
                                    "kind": "var",
                                    "name": {
                                      "binding_id": {
                                        "kind": "local",
                                        "name": "x",
                                        "stamp": -161
                                      },
                                      "kind": "resolved",
                                      "surface_path": "x"
                                    }
                                  },
                                  {
                                    "kind": "var",
                                    "name": {
                                      "binding_id": {
                                        "kind": "local",
                                        "name": "unused",
                                        "stamp": 0
                                      },
                                      "kind": "resolved",
                                      "surface_path": "unused"
                                    }
                                  }
                                ],
                                "callee": {
                                  "function": {
                                    "kind": "unresolved",
                                    "surface_path": "+"
                                  },
                                  "kind": "direct"
                                }
                              },
                              "kind": "apply"
                            },
                            "params": [
                              {
                                "entity_id": {
                                  "binding_id": {
                                    "kind": "local",
                                    "name": "x",
                                    "stamp": -161
                                  },
                                  "kind": "resolved",
                                  "surface_path": "x"
                                },
                                "name": "x"
                              }
                            ]
                          }
                        },
                        "name": "dead"
                      }
                    ],
                    "body": {
                      "constant": {
                        "kind": "int",
                        "value": 42
                      },
                      "kind": "constant"
                    },
                    "rec_flag": "nonrecursive"
                  }
                },
                "rec_flag": "nonrecursive"
              }
            },
            "name": "result"
          },
          "kind": "binding"
        }
      ],
      "rec_flag": "nonrecursive"
    },
    {
      "exports": [],
      "items": [
        {
          "expr": {
            "apply": {
              "arguments": [
                {
                  "constant": {
                    "kind": "string",
                    "value": "%d\\n"
                  },
                  "kind": "constant"
                },
                {
                  "kind": "var",
                  "name": {
                    "binding_id": {
                      "kind": "local",
                      "name": "result",
                      "stamp": 2
                    },
                    "kind": "resolved",
                    "surface_path": "result"
                  }
                }
              ],
              "callee": {
                "function": {
                  "kind": "unresolved",
                  "surface_path": "Printf.printf"
                },
                "kind": "direct"
              }
            },
            "kind": "apply"
          },
          "kind": "eval"
        }
      ],
      "rec_flag": "nonrecursive"
    }
  ],
  "unit_id": {
    "kind": "implementation",
    "relpath": "corpus/dead_local_bindings.ml",
    "unit_name": "Dead_local_bindings"
  }
}