MODULE GRAPH

Root
  deps: []

ML(Kernel__Aliases)
  deps: []

ML(Kernel__IO__Aliases)
  deps: []

ML(Kernel__IO__IoVec__Aliases)
  deps: []

ML(Kernel__Async__Aliases)
  deps: []

ML(Kernel__Async__Adapter__Aliases)
  deps: []

ML(Kernel__Domain__Aliases)
  deps: []

ML(Kernel__Env__Aliases)
  deps: []

ML(Kernel__Fs__Aliases)
  deps: []

ML(Kernel__Fs__Events__Aliases)
  deps: []

ML(Kernel__Fs__File__Aliases)
  deps: []

ML(Kernel__Fs__Read_dir__Aliases)
  deps: []

ML(Kernel__Net__Aliases)
  deps: []

ML(Kernel__Net__Addr__Aliases)
  deps: []

ML(Kernel__Net__Ip_addr__Aliases)
  deps: []

ML(Kernel__Net__Socket_addr__Aliases)
  deps: []

ML(Kernel__Net__Tcp_listener__Aliases)
  deps: []

ML(Kernel__Net__Tcp_stream__Aliases)
  deps: []

ML(Kernel__Net__Udp_socket__Aliases)
  deps: []

ML(Kernel__Process__Aliases)
  deps: []

ML(Kernel__Random__Aliases)
  deps: []

ML(Kernel__Random__Source__Aliases)
  deps: []

ML(Kernel__Regex__Aliases)
  deps: []

ML(Kernel__Sync__Aliases)
  deps: []

ML(Kernel__System__Aliases)
  deps: []

ML(Kernel__Thread__Aliases)
  deps: []

ML(Kernel__Time__Aliases)
  deps: []

ML(Kernel__Time__Monotonic__Aliases)
  deps: []

ML(Kernel__Time__System_time__Aliases)
  deps: []

ML(Kernel__Time__Timer__Aliases)
  deps: []

ML(Kernel__Unicode__Aliases)
  deps: []

Native(native/kernel_new_async_unix.c, native/kernel_new_errors.h, native/kernel_new_exception.c, native/kernel_new_fsevents.c, native/kernel_new_host.c, native/kernel_new_random_source.c, native/kernel_new_runtime.c, native/kernel_new_unix_env.c, native/kernel_new_unix_io.c, native/kernel_new_unix_net.c, native/kernel_new_unix_process.c, native/kernel_new_unix_time.c, native/kernel_regex.c, native/kernel_time.c)
  deps: []

MLI(Kernel__Array)
  deps:
    - ML(Kernel__Aliases)

MLI(Kernel__Caml_runtime)
  deps:
    - ML(Kernel__Aliases)

MLI(Kernel__Exception)
  deps:
    - ML(Kernel__Aliases)

MLI(Kernel__Gc)
  deps:
    - ML(Kernel__Aliases)

MLI(Kernel__Option)
  deps:
    - ML(Kernel__Aliases)

MLI(Kernel__Order)
  deps:
    - ML(Kernel__Aliases)

MLI(Kernel__Path)
  deps:
    - ML(Kernel__Aliases)

MLI(Kernel__Ptr)
  deps:
    - ML(Kernel__Aliases)

MLI(Kernel__Queue)
  deps:
    - ML(Kernel__Aliases)

MLI(Kernel__System_error)
  deps:
    - ML(Kernel__Aliases)

MLI(Kernel__IO__Error)
  deps:
    - ML(Kernel__Aliases)
    - ML(Kernel__IO__Aliases)

MLI(Kernel__Async__Libc)
  deps:
    - ML(Kernel__Aliases)
    - ML(Kernel__Async__Aliases)

MLI(Kernel__Async__Non_zero_int)
  deps:
    - ML(Kernel__Aliases)
    - ML(Kernel__Async__Aliases)

MLI(Kernel__Async__Token)
  deps:
    - ML(Kernel__Aliases)
    - ML(Kernel__Async__Aliases)

MLI(Kernel__Sync__Atomic)
  deps:
    - ML(Kernel__Aliases)
    - ML(Kernel__Sync__Aliases)

MLI(Kernel__Sync__Mutex)
  deps:
    - ML(Kernel__Aliases)
    - ML(Kernel__Sync__Aliases)

MLI(Kernel__Thread__Unix)
  deps:
    - ML(Kernel__Aliases)
    - ML(Kernel__Thread__Aliases)

ML(Kernel__Caml_runtime)
  deps:
    - MLI(Kernel__Caml_runtime)
    - ML(Kernel__Aliases)

ML(Kernel__Option)
  deps:
    - MLI(Kernel__Option)
    - ML(Kernel__Aliases)

ML(Kernel__System_error)
  deps:
    - MLI(Kernel__System_error)
    - ML(Kernel__Aliases)

ML(Kernel__Async__Libc)
  deps:
    - MLI(Kernel__Async__Libc)
    - ML(Kernel__Aliases)
    - ML(Kernel__Async__Aliases)

ML(Kernel__Sync__Atomic)
  deps:
    - MLI(Kernel__Sync__Atomic)
    - ML(Kernel__Aliases)
    - ML(Kernel__Sync__Aliases)

ML(Kernel__Sync__Mutex)
  deps:
    - MLI(Kernel__Sync__Mutex)
    - ML(Kernel__Aliases)
    - ML(Kernel__Sync__Aliases)

ML(Kernel__Gc)
  deps:
    - MLI(Kernel__Gc)
    - ML(Kernel__Aliases)
    - ML(Kernel__Caml_runtime)

ML(Kernel__Order)
  deps:
    - MLI(Kernel__Order)
    - ML(Kernel__Aliases)
    - ML(Kernel__Caml_runtime)

ML(Kernel__Ptr)
  deps:
    - MLI(Kernel__Ptr)
    - ML(Kernel__Aliases)
    - ML(Kernel__Caml_runtime)

MLI(Kernel__System_error_code)
  deps:
    - ML(Kernel__Aliases)
    - ML(Kernel__System_error)

MLI(Kernel__Sync__Condition)
  deps:
    - ML(Kernel__Aliases)
    - ML(Kernel__Sync__Aliases)
    - ML(Kernel__Sync__Mutex)

MLI(Kernel__Bool)
  deps:
    - ML(Kernel__Aliases)
    - ML(Kernel__Order)

MLI(Kernel__Char)
  deps:
    - ML(Kernel__Aliases)
    - ML(Kernel__Order)

MLI(Kernel__Float)
  deps:
    - ML(Kernel__Aliases)
    - ML(Kernel__Order)

MLI(Kernel__Int)
  deps:
    - ML(Kernel__Aliases)
    - ML(Kernel__Order)

MLI(Kernel__Int32)
  deps:
    - ML(Kernel__Aliases)
    - ML(Kernel__Order)

MLI(Kernel__Int64)
  deps:
    - ML(Kernel__Aliases)
    - ML(Kernel__Order)

MLI(Kernel__List)
  deps:
    - ML(Kernel__Aliases)
    - ML(Kernel__Order)

MLI(Kernel__Prelude)
  deps:
    - ML(Kernel__Aliases)
    - ML(Kernel__Order)

ML(Kernel__System_error_code)
  deps:
    - MLI(Kernel__System_error_code)
    - ML(Kernel__Aliases)
    - ML(Kernel__System_error)

ML(Kernel__Sync__Condition)
  deps:
    - MLI(Kernel__Sync__Condition)
    - ML(Kernel__Aliases)
    - ML(Kernel__Sync__Aliases)
    - ML(Kernel__Sync__Mutex)

ML(Kernel__Int32)
  deps:
    - MLI(Kernel__Int32)
    - ML(Kernel__Aliases)
    - ML(Kernel__Caml_runtime)
    - ML(Kernel__Order)

ML(Kernel__Int64)
  deps:
    - MLI(Kernel__Int64)
    - ML(Kernel__Aliases)
    - ML(Kernel__Caml_runtime)
    - ML(Kernel__Order)

ML(Kernel__Prelude)
  deps:
    - MLI(Kernel__Prelude)
    - ML(Kernel__Aliases)
    - ML(Kernel__Caml_runtime)
    - ML(Kernel__Order)

MLI(Kernel__Sync)
  deps:
    - ML(Kernel__Sync__Aliases)
    - ML(Kernel__Aliases)
    - ML(Kernel__Sync__Atomic)
    - MLI(Kernel__Sync__Atomic)
    - ML(Kernel__Sync__Condition)
    - MLI(Kernel__Sync__Condition)
    - ML(Kernel__Sync__Mutex)
    - MLI(Kernel__Sync__Mutex)

MLI(Kernel__Bytes)
  deps:
    - ML(Kernel__Aliases)
    - ML(Kernel__Prelude)

MLI(Kernel__Result)
  deps:
    - ML(Kernel__Aliases)
    - ML(Kernel__Prelude)

ML(Kernel__Bool)
  deps:
    - MLI(Kernel__Bool)
    - ML(Kernel__Aliases)
    - ML(Kernel__Caml_runtime)
    - ML(Kernel__Order)
    - ML(Kernel__Prelude)

ML(Kernel__Char)
  deps:
    - MLI(Kernel__Char)
    - ML(Kernel__Aliases)
    - ML(Kernel__Caml_runtime)
    - ML(Kernel__Order)
    - ML(Kernel__Prelude)

ML(Kernel__Int)
  deps:
    - MLI(Kernel__Int)
    - ML(Kernel__Aliases)
    - ML(Kernel__Caml_runtime)
    - ML(Kernel__Order)
    - ML(Kernel__Prelude)

ML(Kernel__Async__Non_zero_int)
  deps:
    - MLI(Kernel__Async__Non_zero_int)
    - ML(Kernel__Aliases)
    - ML(Kernel__Async__Aliases)
    - ML(Kernel__Option)
    - ML(Kernel__Prelude)

ML(Kernel__Regex__Regex_stubs)
  deps:
    - ML(Kernel__Aliases)
    - ML(Kernel__Regex__Aliases)
    - ML(Kernel__Prelude)

ML(Kernel__Thread__Unix)
  deps:
    - MLI(Kernel__Thread__Unix)
    - ML(Kernel__Aliases)
    - ML(Kernel__Thread__Aliases)
    - ML(Kernel__Caml_runtime)
    - ML(Kernel__Prelude)

MLI(Kernel__Unicode__Rune)
  deps:
    - ML(Kernel__Aliases)
    - ML(Kernel__Unicode__Aliases)
    - ML(Kernel__Order)
    - ML(Kernel__Prelude)

ML(Kernel__Sync)
  deps:
    - ML(Kernel__Sync__Aliases)
    - ML(Kernel__Aliases)
    - MLI(Kernel__Sync)
    - ML(Kernel__Sync__Atomic)
    - ML(Kernel__Sync__Condition)
    - ML(Kernel__Sync__Mutex)

ML(Kernel__Bytes)
  deps:
    - MLI(Kernel__Bytes)
    - ML(Kernel__Aliases)
    - ML(Kernel__Caml_runtime)
    - ML(Kernel__Prelude)
    - ML(Kernel__System_error)

ML(Kernel__Result)
  deps:
    - MLI(Kernel__Result)
    - ML(Kernel__Aliases)
    - ML(Kernel__Prelude)

ML(Kernel__Array)
  deps:
    - MLI(Kernel__Array)
    - ML(Kernel__Aliases)
    - ML(Kernel__Caml_runtime)
    - ML(Kernel__Int)
    - ML(Kernel__Prelude)
    - ML(Kernel__Ptr)
    - ML(Kernel__System_error)

ML(Kernel__List)
  deps:
    - MLI(Kernel__List)
    - ML(Kernel__Aliases)
    - ML(Kernel__Int)
    - ML(Kernel__Order)
    - ML(Kernel__Prelude)
    - ML(Kernel__System_error)

ML(Kernel__IO__Error)
  deps:
    - MLI(Kernel__IO__Error)
    - ML(Kernel__Aliases)
    - ML(Kernel__IO__Aliases)
    - ML(Kernel__Int)
    - ML(Kernel__Prelude)

ML(Kernel__Async__Token)
  deps:
    - MLI(Kernel__Async__Token)
    - ML(Kernel__Aliases)
    - ML(Kernel__Async__Aliases)
    - ML(Kernel__Int)

MLI(Kernel__Async__Interest)
  deps:
    - ML(Kernel__Aliases)
    - ML(Kernel__Async__Aliases)
    - ML(Kernel__Async__Non_zero_int)

MLI(Kernel__Regex)
  deps:
    - ML(Kernel__Regex__Aliases)
    - ML(Kernel__Aliases)
    - ML(Kernel__Regex__Regex_stubs)
    - ML(Kernel__Prelude)

MLI(Kernel__Thread)
  deps:
    - ML(Kernel__Thread__Aliases)
    - ML(Kernel__Aliases)
    - ML(Kernel__Thread__Unix)
    - MLI(Kernel__Thread__Unix)

ML(Kernel__Unicode__Rune)
  deps:
    - MLI(Kernel__Unicode__Rune)
    - ML(Kernel__Aliases)
    - ML(Kernel__Unicode__Aliases)
    - ML(Kernel__Bytes)
    - ML(Kernel__Char)
    - ML(Kernel__Int)
    - ML(Kernel__Prelude)
    - ML(Kernel__System_error)

MLI(Kernel__Async__Common)
  deps:
    - ML(Kernel__Aliases)
    - ML(Kernel__Async__Aliases)
    - ML(Kernel__Result)

MLI(Kernel__Net__Ip_addr__Unix)
  deps:
    - ML(Kernel__Aliases)
    - ML(Kernel__Net__Aliases)
    - ML(Kernel__Net__Ip_addr__Aliases)
    - ML(Kernel__Order)
    - ML(Kernel__Result)

MLI(Kernel__Random__Source__Unix)
  deps:
    - ML(Kernel__Aliases)
    - ML(Kernel__Random__Aliases)
    - ML(Kernel__Random__Source__Aliases)
    - ML(Kernel__Result)
    - ML(Kernel__System_error)

MLI(Kernel__System__Unix)
  deps:
    - ML(Kernel__Aliases)
    - ML(Kernel__System__Aliases)
    - ML(Kernel__Result)

MLI(Kernel__Time__Common)
  deps:
    - ML(Kernel__Aliases)
    - ML(Kernel__Time__Aliases)
    - ML(Kernel__Order)
    - ML(Kernel__Result)

MLI(Kernel__Time__Monotonic__Unix)
  deps:
    - ML(Kernel__Aliases)
    - ML(Kernel__Time__Aliases)
    - ML(Kernel__Time__Monotonic__Aliases)
    - ML(Kernel__Order)
    - ML(Kernel__Result)
    - ML(Kernel__System_error)

MLI(Kernel__Time__System_time__Unix)
  deps:
    - ML(Kernel__Aliases)
    - ML(Kernel__Time__Aliases)
    - ML(Kernel__Time__System_time__Aliases)
    - ML(Kernel__Order)
    - ML(Kernel__Result)
    - ML(Kernel__System_error)

ML(Kernel__Queue)
  deps:
    - MLI(Kernel__Queue)
    - ML(Kernel__Aliases)
    - ML(Kernel__List)
    - ML(Kernel__Prelude)
    - ML(Kernel__Ptr)
    - ML(Kernel__Sync)

MLI(Kernel__IO__IoVec__Io_slice)
  deps:
    - ML(Kernel__Aliases)
    - ML(Kernel__IO__Aliases)
    - ML(Kernel__IO__IoVec__Aliases)
    - ML(Kernel__IO__Error)
    - ML(Kernel__Result)

MLI(Kernel__Async__Event)
  deps:
    - ML(Kernel__Aliases)
    - ML(Kernel__Async__Aliases)
    - ML(Kernel__Async__Token)

ML(Kernel__Async__Interest)
  deps:
    - MLI(Kernel__Async__Interest)
    - ML(Kernel__Aliases)
    - ML(Kernel__Async__Aliases)
    - ML(Kernel__Async__Non_zero_int)
    - ML(Kernel__Prelude)

ML(Kernel__Regex)
  deps:
    - ML(Kernel__Regex__Aliases)
    - ML(Kernel__Aliases)
    - MLI(Kernel__Regex)
    - ML(Kernel__Prelude)
    - ML(Kernel__Regex__Regex_stubs)

MLI(Kernel__Unicode)
  deps:
    - ML(Kernel__Unicode__Aliases)
    - ML(Kernel__Aliases)
    - ML(Kernel__Unicode__Rune)
    - MLI(Kernel__Unicode__Rune)

ML(Kernel__Async__Common)
  deps:
    - MLI(Kernel__Async__Common)
    - ML(Kernel__Aliases)
    - ML(Kernel__Async__Aliases)
    - ML(Kernel__Result)

ML(Kernel__Random__Source__Unix)
  deps:
    - MLI(Kernel__Random__Source__Unix)
    - ML(Kernel__Aliases)
    - ML(Kernel__Random__Aliases)
    - ML(Kernel__Random__Source__Aliases)
    - ML(Kernel__Result)
    - ML(Kernel__System_error)

ML(Kernel__Time__Common)
  deps:
    - MLI(Kernel__Time__Common)
    - ML(Kernel__Aliases)
    - ML(Kernel__Time__Aliases)
    - ML(Kernel__Int)
    - ML(Kernel__Int64)
    - ML(Kernel__Order)
    - ML(Kernel__Prelude)
    - ML(Kernel__Result)

ML(Kernel__Async__Event)
  deps:
    - MLI(Kernel__Async__Event)
    - ML(Kernel__Aliases)
    - ML(Kernel__Async__Aliases)
    - ML(Kernel__Async__Token)

ML(Kernel__Unicode)
  deps:
    - ML(Kernel__Unicode__Aliases)
    - ML(Kernel__Aliases)
    - MLI(Kernel__Unicode)
    - ML(Kernel__Unicode__Rune)

MLI(Kernel__Random__Source)
  deps:
    - ML(Kernel__Random__Source__Aliases)
    - ML(Kernel__Random__Aliases)
    - ML(Kernel__Aliases)
    - ML(Kernel__Random__Source__Unix)
    - MLI(Kernel__Random__Source__Unix)
    - ML(Kernel__Result)
    - ML(Kernel__System_error)

MLI(Kernel__Async__Adapter__Unix)
  deps:
    - ML(Kernel__Aliases)
    - ML(Kernel__Async__Aliases)
    - ML(Kernel__Async__Adapter__Aliases)
    - ML(Kernel__Async__Event)
    - ML(Kernel__Async__Interest)
    - ML(Kernel__Result)
    - ML(Kernel__System_error)
    - ML(Kernel__Async__Token)

MLI(Kernel__String)
  deps:
    - ML(Kernel__Aliases)
    - ML(Kernel__Order)
    - ML(Kernel__Unicode)

ML(Kernel__Random__Source)
  deps:
    - ML(Kernel__Random__Source__Aliases)
    - ML(Kernel__Random__Aliases)
    - ML(Kernel__Aliases)
    - MLI(Kernel__Random__Source)
    - ML(Kernel__Random__Source__Unix)

ML(Kernel__Async__Adapter__Unix)
  deps:
    - MLI(Kernel__Async__Adapter__Unix)
    - ML(Kernel__Aliases)
    - ML(Kernel__Async__Aliases)
    - ML(Kernel__Async__Adapter__Aliases)
    - ML(Kernel__Array)
    - ML(Kernel__Async__Common)
    - ML(Kernel__Async__Event)
    - ML(Kernel__Async__Interest)
    - ML(Kernel__Async__Libc)
    - ML(Kernel__Prelude)
    - ML(Kernel__Result)
    - ML(Kernel__System_error)
    - ML(Kernel__System_error_code)
    - ML(Kernel__Async__Token)

ML(Kernel__String)
  deps:
    - MLI(Kernel__String)
    - ML(Kernel__Aliases)
    - ML(Kernel__Caml_runtime)
    - ML(Kernel__Char)
    - ML(Kernel__List)
    - ML(Kernel__Order)
    - ML(Kernel__Prelude)
    - ML(Kernel__System_error)
    - ML(Kernel__Unicode)

MLI(Kernel__Random)
  deps:
    - ML(Kernel__Random__Aliases)
    - ML(Kernel__Aliases)
    - ML(Kernel__Random__Source)

MLI(Kernel__Async__Adapter)
  deps:
    - ML(Kernel__Async__Adapter__Aliases)
    - ML(Kernel__Async__Aliases)
    - ML(Kernel__Aliases)
    - ML(Kernel__Async__Adapter__Unix)
    - MLI(Kernel__Async__Adapter__Unix)
    - ML(Kernel__Async__Event)
    - ML(Kernel__Async__Interest)
    - ML(Kernel__Result)
    - ML(Kernel__System_error)
    - ML(Kernel__Async__Token)

ML(Kernel__Exception)
  deps:
    - MLI(Kernel__Exception)
    - ML(Kernel__Aliases)
    - ML(Kernel__Array)
    - ML(Kernel__Int)
    - ML(Kernel__Prelude)
    - ML(Kernel__String)

ML(Kernel__Float)
  deps:
    - MLI(Kernel__Float)
    - ML(Kernel__Aliases)
    - ML(Kernel__Caml_runtime)
    - ML(Kernel__Int)
    - ML(Kernel__Order)
    - ML(Kernel__String)

ML(Kernel__Path)
  deps:
    - MLI(Kernel__Path)
    - ML(Kernel__Aliases)
    - ML(Kernel__Prelude)
    - ML(Kernel__String)

ML(Kernel__IO__IoVec__Io_slice)
  deps:
    - MLI(Kernel__IO__IoVec__Io_slice)
    - ML(Kernel__Aliases)
    - ML(Kernel__IO__Aliases)
    - ML(Kernel__IO__IoVec__Aliases)
    - ML(Kernel__Bytes)
    - ML(Kernel__Caml_runtime)
    - ML(Kernel__IO__Error)
    - ML(Kernel__Prelude)
    - ML(Kernel__String)
    - ML(Kernel__System_error)

ML(Kernel__Net__Ip_addr__Unix)
  deps:
    - MLI(Kernel__Net__Ip_addr__Unix)
    - ML(Kernel__Aliases)
    - ML(Kernel__Net__Aliases)
    - ML(Kernel__Net__Ip_addr__Aliases)
    - ML(Kernel__Prelude)
    - ML(Kernel__Result)
    - ML(Kernel__String)

ML(Kernel__System__Unix)
  deps:
    - MLI(Kernel__System__Unix)
    - ML(Kernel__Aliases)
    - ML(Kernel__System__Aliases)
    - ML(Kernel__Bytes)
    - ML(Kernel__Prelude)
    - ML(Kernel__Result)
    - ML(Kernel__String)

ML(Kernel__Time__Monotonic__Unix)
  deps:
    - MLI(Kernel__Time__Monotonic__Unix)
    - ML(Kernel__Aliases)
    - ML(Kernel__Time__Aliases)
    - ML(Kernel__Time__Monotonic__Aliases)
    - ML(Kernel__Time__Common)
    - ML(Kernel__Int)
    - ML(Kernel__Order)
    - ML(Kernel__Prelude)
    - ML(Kernel__Result)
    - ML(Kernel__String)
    - ML(Kernel__System_error)

ML(Kernel__Time__System_time__Unix)
  deps:
    - MLI(Kernel__Time__System_time__Unix)
    - ML(Kernel__Aliases)
    - ML(Kernel__Time__Aliases)
    - ML(Kernel__Time__System_time__Aliases)
    - ML(Kernel__Time__Common)
    - ML(Kernel__Int)
    - ML(Kernel__Order)
    - ML(Kernel__Prelude)
    - ML(Kernel__Result)
    - ML(Kernel__String)
    - ML(Kernel__System_error)

ML(Kernel__Random)
  deps:
    - ML(Kernel__Random__Aliases)
    - ML(Kernel__Aliases)
    - MLI(Kernel__Random)
    - ML(Kernel__Random__Source)

ML(Kernel__Async__Adapter)
  deps:
    - ML(Kernel__Async__Adapter__Aliases)
    - ML(Kernel__Async__Aliases)
    - ML(Kernel__Aliases)
    - MLI(Kernel__Async__Adapter)
    - ML(Kernel__Async__Adapter__Unix)

MLI(Kernel__Effect)
  deps:
    - ML(Kernel__Aliases)
    - ML(Kernel__Exception)

ML(Kernel__Thread)
  deps:
    - ML(Kernel__Thread__Aliases)
    - ML(Kernel__Aliases)
    - MLI(Kernel__Thread)
    - ML(Kernel__Array)
    - ML(Kernel__Exception)
    - ML(Kernel__List)
    - ML(Kernel__Prelude)
    - ML(Kernel__Ptr)
    - ML(Kernel__Sync)
    - ML(Kernel__System_error)

MLI(Kernel__Env__Unix)
  deps:
    - ML(Kernel__Aliases)
    - ML(Kernel__Env__Aliases)
    - ML(Kernel__Path)
    - ML(Kernel__Result)
    - ML(Kernel__System_error)

MLI(Kernel__IO__IoVec)
  deps:
    - ML(Kernel__IO__IoVec__Aliases)
    - ML(Kernel__IO__Aliases)
    - ML(Kernel__Aliases)
    - ML(Kernel__IO__IoVec__Io_slice)
    - MLI(Kernel__IO__IoVec__Io_slice)
    - ML(Kernel__IO__Error)
    - ML(Kernel__Result)

MLI(Kernel__Net__Ip_addr)
  deps:
    - ML(Kernel__Net__Ip_addr__Aliases)
    - ML(Kernel__Net__Aliases)
    - ML(Kernel__Aliases)
    - ML(Kernel__Net__Ip_addr__Unix)
    - MLI(Kernel__Net__Ip_addr__Unix)
    - ML(Kernel__Order)
    - ML(Kernel__Result)

MLI(Kernel__System)
  deps:
    - ML(Kernel__System__Aliases)
    - ML(Kernel__Aliases)
    - ML(Kernel__System__Unix)
    - MLI(Kernel__System__Unix)
    - ML(Kernel__Result)

MLI(Kernel__Time__Monotonic)
  deps:
    - ML(Kernel__Time__Monotonic__Aliases)
    - ML(Kernel__Time__Aliases)
    - ML(Kernel__Aliases)
    - ML(Kernel__Time__Monotonic__Unix)
    - MLI(Kernel__Time__Monotonic__Unix)
    - ML(Kernel__Order)
    - ML(Kernel__Result)
    - ML(Kernel__System_error)

MLI(Kernel__Time__System_time)
  deps:
    - ML(Kernel__Time__System_time__Aliases)
    - ML(Kernel__Time__Aliases)
    - ML(Kernel__Aliases)
    - ML(Kernel__Time__System_time__Unix)
    - MLI(Kernel__Time__System_time__Unix)
    - ML(Kernel__Order)
    - ML(Kernel__Result)
    - ML(Kernel__System_error)

MLI(Kernel__Async__Source)
  deps:
    - ML(Kernel__Aliases)
    - ML(Kernel__Async__Aliases)
    - ML(Kernel__Async__Adapter)
    - ML(Kernel__Async__Interest)
    - ML(Kernel__Result)
    - ML(Kernel__Async__Token)

ML(Kernel__Effect)
  deps:
    - MLI(Kernel__Effect)
    - ML(Kernel__Aliases)
    - ML(Kernel__Exception)
    - ML(Kernel__Int)
    - ML(Kernel__Order)
    - ML(Kernel__Prelude)
    - ML(Kernel__System_error)

MLI(Kernel__Domain)
  deps:
    - ML(Kernel__Domain__Aliases)
    - ML(Kernel__Aliases)
    - ML(Kernel__Thread)

ML(Kernel__Env__Unix)
  deps:
    - MLI(Kernel__Env__Unix)
    - ML(Kernel__Aliases)
    - ML(Kernel__Env__Aliases)
    - ML(Kernel__Array)
    - ML(Kernel__Caml_runtime)
    - ML(Kernel__Option)
    - ML(Kernel__Path)
    - ML(Kernel__Prelude)
    - ML(Kernel__Result)
    - ML(Kernel__String)
    - ML(Kernel__System_error)

ML(Kernel__IO__IoVec)
  deps:
    - ML(Kernel__IO__IoVec__Aliases)
    - ML(Kernel__IO__Aliases)
    - ML(Kernel__Aliases)
    - MLI(Kernel__IO__IoVec)
    - ML(Kernel__Array)
    - ML(Kernel__Bytes)
    - ML(Kernel__IO__Error)
    - ML(Kernel__IO__IoVec__Io_slice)
    - ML(Kernel__List)
    - ML(Kernel__Prelude)
    - ML(Kernel__System_error)

ML(Kernel__Net__Ip_addr)
  deps:
    - ML(Kernel__Net__Ip_addr__Aliases)
    - ML(Kernel__Net__Aliases)
    - ML(Kernel__Aliases)
    - MLI(Kernel__Net__Ip_addr)
    - ML(Kernel__Net__Ip_addr__Unix)

ML(Kernel__System)
  deps:
    - ML(Kernel__System__Aliases)
    - ML(Kernel__Aliases)
    - MLI(Kernel__System)
    - ML(Kernel__System__Unix)

ML(Kernel__Time__Monotonic)
  deps:
    - ML(Kernel__Time__Monotonic__Aliases)
    - ML(Kernel__Time__Aliases)
    - ML(Kernel__Aliases)
    - MLI(Kernel__Time__Monotonic)
    - ML(Kernel__Time__Monotonic__Unix)

ML(Kernel__Time__System_time)
  deps:
    - ML(Kernel__Time__System_time__Aliases)
    - ML(Kernel__Time__Aliases)
    - ML(Kernel__Aliases)
    - MLI(Kernel__Time__System_time)
    - ML(Kernel__Time__System_time__Unix)

ML(Kernel__Async__Source)
  deps:
    - MLI(Kernel__Async__Source)
    - ML(Kernel__Aliases)
    - ML(Kernel__Async__Aliases)
    - ML(Kernel__Async__Adapter)
    - ML(Kernel__Async__Interest)
    - ML(Kernel__Result)
    - ML(Kernel__Async__Token)

ML(Kernel__Domain)
  deps:
    - ML(Kernel__Domain__Aliases)
    - ML(Kernel__Aliases)
    - MLI(Kernel__Domain)
    - ML(Kernel__Thread)

MLI(Kernel__Env)
  deps:
    - ML(Kernel__Env__Aliases)
    - ML(Kernel__Aliases)
    - ML(Kernel__Env__Unix)
    - MLI(Kernel__Env__Unix)
    - ML(Kernel__Path)
    - ML(Kernel__Result)
    - ML(Kernel__System_error)

MLI(Kernel__IO__Buffer)
  deps:
    - ML(Kernel__Aliases)
    - ML(Kernel__IO__Aliases)
    - ML(Kernel__IO__Error)
    - ML(Kernel__IO__IoVec)
    - ML(Kernel__Result)

MLI(Kernel__Net__Socket_addr)
  deps:
    - ML(Kernel__Net__Socket_addr__Aliases)
    - ML(Kernel__Net__Aliases)
    - ML(Kernel__Aliases)
    - ML(Kernel__Net__Ip_addr)
    - ML(Kernel__Result)

MLI(Kernel__Async__Poll)
  deps:
    - ML(Kernel__Aliases)
    - ML(Kernel__Async__Aliases)
    - ML(Kernel__Async__Adapter)
    - ML(Kernel__Async__Event)
    - ML(Kernel__Async__Interest)
    - ML(Kernel__Result)
    - ML(Kernel__Async__Source)
    - ML(Kernel__Async__Token)

ML(Kernel__Env)
  deps:
    - ML(Kernel__Env__Aliases)
    - ML(Kernel__Aliases)
    - MLI(Kernel__Env)
    - ML(Kernel__Env__Unix)

ML(Kernel__IO__Buffer)
  deps:
    - MLI(Kernel__IO__Buffer)
    - ML(Kernel__Aliases)
    - ML(Kernel__IO__Aliases)
    - ML(Kernel__Bytes)
    - ML(Kernel__IO__Error)
    - ML(Kernel__IO__IoVec)
    - ML(Kernel__Prelude)
    - ML(Kernel__Result)
    - ML(Kernel__String)

ML(Kernel__Net__Socket_addr)
  deps:
    - ML(Kernel__Net__Socket_addr__Aliases)
    - ML(Kernel__Net__Aliases)
    - ML(Kernel__Aliases)
    - MLI(Kernel__Net__Socket_addr)
    - ML(Kernel__Int)
    - ML(Kernel__Net__Ip_addr)
    - ML(Kernel__Prelude)
    - ML(Kernel__Result)
    - ML(Kernel__String)

ML(Kernel__Async__Poll)
  deps:
    - MLI(Kernel__Async__Poll)
    - ML(Kernel__Aliases)
    - ML(Kernel__Async__Aliases)
    - ML(Kernel__Async__Adapter)
    - ML(Kernel__Async__Common)
    - ML(Kernel__Result)
    - ML(Kernel__Async__Source)

MLI(Kernel__Net__Addr__Unix)
  deps:
    - ML(Kernel__Aliases)
    - ML(Kernel__Net__Aliases)
    - ML(Kernel__Net__Addr__Aliases)
    - ML(Kernel__Result)
    - ML(Kernel__Net__Socket_addr)
    - ML(Kernel__System_error)

MLI(Kernel__Async)
  deps:
    - ML(Kernel__Async__Aliases)
    - ML(Kernel__Aliases)
    - ML(Kernel__Async__Common)
    - MLI(Kernel__Async__Common)
    - ML(Kernel__Async__Event)
    - MLI(Kernel__Async__Event)
    - ML(Kernel__Async__Interest)
    - MLI(Kernel__Async__Interest)
    - ML(Kernel__Async__Libc)
    - MLI(Kernel__Async__Libc)
    - ML(Kernel__Async__Non_zero_int)
    - MLI(Kernel__Async__Non_zero_int)
    - ML(Kernel__Async__Poll)
    - MLI(Kernel__Async__Poll)
    - ML(Kernel__Async__Source)
    - MLI(Kernel__Async__Source)
    - ML(Kernel__Async__Token)
    - MLI(Kernel__Async__Token)
    - ML(Kernel__Result)
    - ML(Kernel__System_error)

ML(Kernel__Net__Addr__Unix)
  deps:
    - MLI(Kernel__Net__Addr__Unix)
    - ML(Kernel__Aliases)
    - ML(Kernel__Net__Aliases)
    - ML(Kernel__Net__Addr__Aliases)
    - ML(Kernel__Array)
    - ML(Kernel__Int)
    - ML(Kernel__Net__Ip_addr)
    - ML(Kernel__Prelude)
    - ML(Kernel__Result)
    - ML(Kernel__Net__Socket_addr)
    - ML(Kernel__String)
    - ML(Kernel__System_error)

ML(Kernel__Async)
  deps:
    - ML(Kernel__Async__Aliases)
    - ML(Kernel__Aliases)
    - MLI(Kernel__Async)
    - ML(Kernel__Async__Adapter)
    - ML(Kernel__Async__Event)
    - ML(Kernel__Int)
    - ML(Kernel__Async__Interest)
    - ML(Kernel__Async__Poll)
    - ML(Kernel__Async__Source)
    - ML(Kernel__String)
    - ML(Kernel__System_error)
    - ML(Kernel__Async__Token)

MLI(Kernel__Net__Addr)
  deps:
    - ML(Kernel__Net__Addr__Aliases)
    - ML(Kernel__Net__Aliases)
    - ML(Kernel__Aliases)
    - ML(Kernel__Net__Addr__Unix)
    - MLI(Kernel__Net__Addr__Unix)
    - ML(Kernel__Result)
    - ML(Kernel__Net__Socket_addr)
    - ML(Kernel__System_error)

ML(Kernel__IO__Stdio)
  deps:
    - ML(Kernel__Aliases)
    - ML(Kernel__IO__Aliases)
    - ML(Kernel__Async)
    - ML(Kernel__Bytes)
    - ML(Kernel__Int)
    - ML(Kernel__IO__IoVec)
    - ML(Kernel__Prelude)
    - ML(Kernel__Result)
    - ML(Kernel__String)
    - ML(Kernel__System_error)

MLI(Kernel__Fs__Events__Unix)
  deps:
    - ML(Kernel__Aliases)
    - ML(Kernel__Fs__Aliases)
    - ML(Kernel__Fs__Events__Aliases)
    - ML(Kernel__Async)
    - ML(Kernel__Path)
    - ML(Kernel__Result)
    - ML(Kernel__System_error)

MLI(Kernel__Net__Udp_socket__Unix)
  deps:
    - ML(Kernel__Aliases)
    - ML(Kernel__Net__Aliases)
    - ML(Kernel__Net__Udp_socket__Aliases)
    - ML(Kernel__Async)
    - ML(Kernel__Result)
    - ML(Kernel__Net__Socket_addr)
    - ML(Kernel__System_error)

MLI(Kernel__Time__Timer)
  deps:
    - ML(Kernel__Time__Timer__Aliases)
    - ML(Kernel__Time__Aliases)
    - ML(Kernel__Aliases)
    - ML(Kernel__Async)
    - ML(Kernel__Result)

ML(Kernel__Net__Addr)
  deps:
    - ML(Kernel__Net__Addr__Aliases)
    - ML(Kernel__Net__Aliases)
    - ML(Kernel__Aliases)
    - MLI(Kernel__Net__Addr)
    - ML(Kernel__Net__Addr__Unix)

MLI(Kernel__IO)
  deps:
    - ML(Kernel__IO__Aliases)
    - ML(Kernel__Aliases)
    - ML(Kernel__IO__Buffer)
    - MLI(Kernel__IO__Buffer)
    - ML(Kernel__IO__Error)
    - MLI(Kernel__IO__Error)
    - ML(Kernel__IO__Stdio)
    - ML(Kernel__Async)
    - ML(Kernel__Result)
    - ML(Kernel__System_error)

ML(Kernel__Fs__Events__Unix)
  deps:
    - MLI(Kernel__Fs__Events__Unix)
    - ML(Kernel__Aliases)
    - ML(Kernel__Fs__Aliases)
    - ML(Kernel__Fs__Events__Aliases)
    - ML(Kernel__Array)
    - ML(Kernel__Async)
    - ML(Kernel__Int32)
    - ML(Kernel__Path)
    - ML(Kernel__Prelude)
    - ML(Kernel__Result)
    - ML(Kernel__System_error)

ML(Kernel__Net__Udp_socket__Unix)
  deps:
    - MLI(Kernel__Net__Udp_socket__Unix)
    - ML(Kernel__Aliases)
    - ML(Kernel__Net__Aliases)
    - ML(Kernel__Net__Udp_socket__Aliases)
    - ML(Kernel__Async)
    - ML(Kernel__Bytes)
    - ML(Kernel__Int)
    - ML(Kernel__Net__Ip_addr)
    - ML(Kernel__Option)
    - ML(Kernel__Prelude)
    - ML(Kernel__Result)
    - ML(Kernel__Net__Socket_addr)
    - ML(Kernel__String)
    - ML(Kernel__System_error)

ML(Kernel__Time__Timer)
  deps:
    - ML(Kernel__Time__Timer__Aliases)
    - ML(Kernel__Time__Aliases)
    - ML(Kernel__Aliases)
    - MLI(Kernel__Time__Timer)
    - ML(Kernel__Async)
    - ML(Kernel__Time__Common)
    - ML(Kernel__Prelude)
    - ML(Kernel__Result)

ML(Kernel__IO)
  deps:
    - ML(Kernel__IO__Aliases)
    - ML(Kernel__Aliases)
    - MLI(Kernel__IO)
    - ML(Kernel__IO__Buffer)
    - ML(Kernel__IO__Error)
    - ML(Kernel__IO__IoVec)
    - ML(Kernel__IO__Stdio)

MLI(Kernel__Fs__Events)
  deps:
    - ML(Kernel__Fs__Events__Aliases)
    - ML(Kernel__Fs__Aliases)
    - ML(Kernel__Aliases)
    - ML(Kernel__Fs__Events__Unix)
    - MLI(Kernel__Fs__Events__Unix)

MLI(Kernel__Net__Udp_socket)
  deps:
    - ML(Kernel__Net__Udp_socket__Aliases)
    - ML(Kernel__Net__Aliases)
    - ML(Kernel__Aliases)
    - ML(Kernel__Net__Udp_socket__Unix)
    - MLI(Kernel__Net__Udp_socket__Unix)
    - ML(Kernel__Async)
    - ML(Kernel__Result)
    - ML(Kernel__Net__Socket_addr)
    - ML(Kernel__System_error)

MLI(Kernel__Time)
  deps:
    - ML(Kernel__Time__Aliases)
    - ML(Kernel__Aliases)
    - ML(Kernel__Time__Common)
    - MLI(Kernel__Time__Common)
    - ML(Kernel__Time__Monotonic)
    - ML(Kernel__Time__System_time)
    - ML(Kernel__Time__Timer)

MLI(Kernel__Fs__File__Unix)
  deps:
    - ML(Kernel__Aliases)
    - ML(Kernel__Fs__Aliases)
    - ML(Kernel__Fs__File__Aliases)
    - ML(Kernel__Async)
    - ML(Kernel__IO)
    - ML(Kernel__Path)
    - ML(Kernel__Result)
    - ML(Kernel__System_error)

MLI(Kernel__Net__Tcp_stream__Unix)
  deps:
    - ML(Kernel__Aliases)
    - ML(Kernel__Net__Aliases)
    - ML(Kernel__Net__Tcp_stream__Aliases)
    - ML(Kernel__Async)
    - ML(Kernel__IO)
    - ML(Kernel__Result)
    - ML(Kernel__Net__Socket_addr)
    - ML(Kernel__System_error)

ML(Kernel__Fs__Events)
  deps:
    - ML(Kernel__Fs__Events__Aliases)
    - ML(Kernel__Fs__Aliases)
    - ML(Kernel__Aliases)
    - MLI(Kernel__Fs__Events)
    - ML(Kernel__Fs__Events__Unix)

ML(Kernel__Net__Udp_socket)
  deps:
    - ML(Kernel__Net__Udp_socket__Aliases)
    - ML(Kernel__Net__Aliases)
    - ML(Kernel__Aliases)
    - MLI(Kernel__Net__Udp_socket)
    - ML(Kernel__Net__Udp_socket__Unix)

ML(Kernel__Time)
  deps:
    - ML(Kernel__Time__Aliases)
    - ML(Kernel__Aliases)
    - MLI(Kernel__Time)
    - ML(Kernel__Time__Monotonic)
    - ML(Kernel__Time__System_time)
    - ML(Kernel__Time__Timer)

ML(Kernel__Fs__File__Unix)
  deps:
    - MLI(Kernel__Fs__File__Unix)
    - ML(Kernel__Aliases)
    - ML(Kernel__Fs__Aliases)
    - ML(Kernel__Fs__File__Aliases)
    - ML(Kernel__Async)
    - ML(Kernel__Bytes)
    - ML(Kernel__IO)
    - ML(Kernel__Int)
    - ML(Kernel__Path)
    - ML(Kernel__Prelude)
    - ML(Kernel__Result)
    - ML(Kernel__String)
    - ML(Kernel__System_error)

ML(Kernel__Net__Tcp_stream__Unix)
  deps:
    - MLI(Kernel__Net__Tcp_stream__Unix)
    - ML(Kernel__Aliases)
    - ML(Kernel__Net__Aliases)
    - ML(Kernel__Net__Tcp_stream__Aliases)
    - ML(Kernel__Async)
    - ML(Kernel__Bytes)
    - ML(Kernel__IO)
    - ML(Kernel__Int)
    - ML(Kernel__Net__Ip_addr)
    - ML(Kernel__Option)
    - ML(Kernel__Prelude)
    - ML(Kernel__Result)
    - ML(Kernel__Net__Socket_addr)
    - ML(Kernel__String)
    - ML(Kernel__System_error)

MLI(Kernel__Fs__File)
  deps:
    - ML(Kernel__Fs__File__Aliases)
    - ML(Kernel__Fs__Aliases)
    - ML(Kernel__Aliases)
    - ML(Kernel__Fs__File__Unix)
    - MLI(Kernel__Fs__File__Unix)

MLI(Kernel__Net__Tcp_stream)
  deps:
    - ML(Kernel__Net__Tcp_stream__Aliases)
    - ML(Kernel__Net__Aliases)
    - ML(Kernel__Aliases)
    - ML(Kernel__Net__Tcp_stream__Unix)
    - MLI(Kernel__Net__Tcp_stream__Unix)
    - ML(Kernel__Async)
    - ML(Kernel__IO)
    - ML(Kernel__Result)
    - ML(Kernel__Net__Socket_addr)
    - ML(Kernel__System_error)

ML(Kernel__Fs__File)
  deps:
    - ML(Kernel__Fs__File__Aliases)
    - ML(Kernel__Fs__Aliases)
    - ML(Kernel__Aliases)
    - MLI(Kernel__Fs__File)
    - ML(Kernel__Fs__File__Unix)

ML(Kernel__Net__Tcp_stream)
  deps:
    - ML(Kernel__Net__Tcp_stream__Aliases)
    - ML(Kernel__Net__Aliases)
    - ML(Kernel__Aliases)
    - MLI(Kernel__Net__Tcp_stream)
    - ML(Kernel__Net__Tcp_stream__Unix)

MLI(Kernel__Fs__Read_dir)
  deps:
    - ML(Kernel__Fs__Read_dir__Aliases)
    - ML(Kernel__Fs__Aliases)
    - ML(Kernel__Aliases)
    - ML(Kernel__Fs__File)
    - ML(Kernel__Path)
    - ML(Kernel__Result)

MLI(Kernel__Net__Tcp_listener__Unix)
  deps:
    - ML(Kernel__Aliases)
    - ML(Kernel__Net__Aliases)
    - ML(Kernel__Net__Tcp_listener__Aliases)
    - ML(Kernel__Async)
    - ML(Kernel__Result)
    - ML(Kernel__Net__Socket_addr)
    - ML(Kernel__System_error)
    - ML(Kernel__Net__Tcp_stream)

ML(Kernel__Fs__Read_dir)
  deps:
    - ML(Kernel__Fs__Read_dir__Aliases)
    - ML(Kernel__Fs__Aliases)
    - ML(Kernel__Aliases)
    - MLI(Kernel__Fs__Read_dir)
    - ML(Kernel__Array)
    - ML(Kernel__Fs__File)
    - ML(Kernel__Path)
    - ML(Kernel__Prelude)
    - ML(Kernel__Result)
    - ML(Kernel__String)

ML(Kernel__Net__Tcp_listener__Unix)
  deps:
    - MLI(Kernel__Net__Tcp_listener__Unix)
    - ML(Kernel__Aliases)
    - ML(Kernel__Net__Aliases)
    - ML(Kernel__Net__Tcp_listener__Aliases)
    - ML(Kernel__Async)
    - ML(Kernel__Int)
    - ML(Kernel__Net__Ip_addr)
    - ML(Kernel__Prelude)
    - ML(Kernel__Result)
    - ML(Kernel__Net__Socket_addr)
    - ML(Kernel__String)
    - ML(Kernel__System_error)
    - ML(Kernel__Net__Tcp_stream)

MLI(Kernel__Fs)
  deps:
    - ML(Kernel__Fs__Aliases)
    - ML(Kernel__Aliases)
    - ML(Kernel__Fs__Events)
    - ML(Kernel__Fs__File)
    - ML(Kernel__Fs__Read_dir)

MLI(Kernel__Net__Tcp_listener)
  deps:
    - ML(Kernel__Net__Tcp_listener__Aliases)
    - ML(Kernel__Net__Aliases)
    - ML(Kernel__Aliases)
    - ML(Kernel__Net__Tcp_listener__Unix)
    - MLI(Kernel__Net__Tcp_listener__Unix)
    - ML(Kernel__Async)
    - ML(Kernel__Result)
    - ML(Kernel__Net__Socket_addr)
    - ML(Kernel__System_error)
    - ML(Kernel__Net__Tcp_stream)

ML(Kernel__Fs)
  deps:
    - ML(Kernel__Fs__Aliases)
    - ML(Kernel__Aliases)
    - MLI(Kernel__Fs)
    - ML(Kernel__Fs__Events)
    - ML(Kernel__Fs__File)
    - ML(Kernel__Fs__Read_dir)

ML(Kernel__Net__Tcp_listener)
  deps:
    - ML(Kernel__Net__Tcp_listener__Aliases)
    - ML(Kernel__Net__Aliases)
    - ML(Kernel__Aliases)
    - MLI(Kernel__Net__Tcp_listener)
    - ML(Kernel__Net__Tcp_listener__Unix)

MLI(Kernel__Process__Unix)
  deps:
    - ML(Kernel__Aliases)
    - ML(Kernel__Process__Aliases)
    - ML(Kernel__Async)
    - ML(Kernel__Fs)
    - ML(Kernel__Path)
    - ML(Kernel__Result)
    - ML(Kernel__System_error)

MLI(Kernel__Net)
  deps:
    - ML(Kernel__Net__Aliases)
    - ML(Kernel__Aliases)
    - ML(Kernel__Net__Addr)
    - ML(Kernel__Net__Ip_addr)
    - ML(Kernel__Net__Socket_addr)
    - ML(Kernel__Net__Tcp_listener)
    - ML(Kernel__Net__Tcp_stream)
    - ML(Kernel__Net__Udp_socket)

ML(Kernel__Process__Unix)
  deps:
    - MLI(Kernel__Process__Unix)
    - ML(Kernel__Aliases)
    - ML(Kernel__Process__Aliases)
    - ML(Kernel__Async)
    - ML(Kernel__Fs)
    - ML(Kernel__Int)
    - ML(Kernel__Option)
    - ML(Kernel__Path)
    - ML(Kernel__Prelude)
    - ML(Kernel__Result)
    - ML(Kernel__String)
    - ML(Kernel__System_error)

ML(Kernel__Net)
  deps:
    - ML(Kernel__Net__Aliases)
    - ML(Kernel__Aliases)
    - MLI(Kernel__Net)
    - ML(Kernel__Net__Addr)
    - ML(Kernel__Net__Ip_addr)
    - ML(Kernel__Net__Socket_addr)
    - ML(Kernel__Net__Tcp_listener)
    - ML(Kernel__Net__Tcp_stream)
    - ML(Kernel__Net__Udp_socket)

MLI(Kernel__Process)
  deps:
    - ML(Kernel__Process__Aliases)
    - ML(Kernel__Aliases)
    - ML(Kernel__Process__Unix)
    - MLI(Kernel__Process__Unix)
    - ML(Kernel__Async)
    - ML(Kernel__Fs)
    - ML(Kernel__Path)
    - ML(Kernel__Result)
    - ML(Kernel__System_error)

ML(Kernel__Process)
  deps:
    - ML(Kernel__Process__Aliases)
    - ML(Kernel__Aliases)
    - MLI(Kernel__Process)
    - ML(Kernel__Process__Unix)

MLI(Kernel__Error)
  deps:
    - ML(Kernel__Aliases)
    - ML(Kernel__Async)
    - ML(Kernel__Env)
    - ML(Kernel__Fs)
    - ML(Kernel__Net)
    - ML(Kernel__Process)
    - ML(Kernel__System_error)
    - ML(Kernel__Time)

ML(Kernel__Error)
  deps:
    - MLI(Kernel__Error)
    - ML(Kernel__Aliases)
    - ML(Kernel__Async)
    - ML(Kernel__Env)
    - ML(Kernel__Fs)
    - ML(Kernel__Net)
    - ML(Kernel__Prelude)
    - ML(Kernel__Process)
    - ML(Kernel__String)
    - ML(Kernel__Time)

MLI(Kernel)
  deps:
    - ML(Kernel__Aliases)
    - ML(Kernel__Array)
    - MLI(Kernel__Array)
    - ML(Kernel__Bool)
    - MLI(Kernel__Bool)
    - ML(Kernel__Bytes)
    - MLI(Kernel__Bytes)
    - ML(Kernel__Caml_runtime)
    - MLI(Kernel__Caml_runtime)
    - ML(Kernel__Char)
    - MLI(Kernel__Char)
    - ML(Kernel__Effect)
    - MLI(Kernel__Effect)
    - ML(Kernel__Error)
    - MLI(Kernel__Error)
    - ML(Kernel__Exception)
    - MLI(Kernel__Exception)
    - ML(Kernel__Float)
    - MLI(Kernel__Float)
    - ML(Kernel__Gc)
    - MLI(Kernel__Gc)
    - ML(Kernel__Int)
    - MLI(Kernel__Int)
    - ML(Kernel__Int32)
    - MLI(Kernel__Int32)
    - ML(Kernel__Int64)
    - MLI(Kernel__Int64)
    - ML(Kernel__List)
    - MLI(Kernel__List)
    - ML(Kernel__Option)
    - MLI(Kernel__Option)
    - ML(Kernel__Order)
    - MLI(Kernel__Order)
    - ML(Kernel__Path)
    - MLI(Kernel__Path)
    - ML(Kernel__Prelude)
    - MLI(Kernel__Prelude)
    - ML(Kernel__Ptr)
    - MLI(Kernel__Ptr)
    - ML(Kernel__Queue)
    - MLI(Kernel__Queue)
    - ML(Kernel__Result)
    - MLI(Kernel__Result)
    - ML(Kernel__String)
    - MLI(Kernel__String)
    - ML(Kernel__System_error)
    - MLI(Kernel__System_error)
    - ML(Kernel__System_error_code)
    - MLI(Kernel__System_error_code)
    - ML(Kernel__Async)
    - ML(Kernel__Env)
    - ML(Kernel__Fs)
    - ML(Kernel__IO)
    - ML(Kernel__Net)
    - ML(Kernel__Process)
    - ML(Kernel__Random)
    - ML(Kernel__Regex)
    - ML(Kernel__Sync)
    - ML(Kernel__System)
    - ML(Kernel__Thread)
    - ML(Kernel__Time)
    - ML(Kernel__Unicode)

ML(Kernel)
  deps:
    - ML(Kernel__Aliases)
    - MLI(Kernel)
    - ML(Kernel__Array)
    - ML(Kernel__Async)
    - ML(Kernel__Bool)
    - ML(Kernel__Bytes)
    - ML(Kernel__Char)
    - ML(Kernel__Effect)
    - ML(Kernel__Env)
    - ML(Kernel__Error)
    - ML(Kernel__Exception)
    - ML(Kernel__Float)
    - ML(Kernel__Fs)
    - ML(Kernel__Gc)
    - ML(Kernel__IO)
    - ML(Kernel__Int)
    - ML(Kernel__Int32)
    - ML(Kernel__Int64)
    - ML(Kernel__List)
    - ML(Kernel__Net)
    - ML(Kernel__Option)
    - ML(Kernel__Order)
    - ML(Kernel__Path)
    - ML(Kernel__Prelude)
    - ML(Kernel__Process)
    - ML(Kernel__Ptr)
    - ML(Kernel__Queue)
    - ML(Kernel__Random)
    - ML(Kernel__Regex)
    - ML(Kernel__Result)
    - ML(Kernel__String)
    - ML(Kernel__Sync)
    - ML(Kernel__System)
    - ML(Kernel__System_error)
    - ML(Kernel__Thread)
    - ML(Kernel__Time)
    - ML(Kernel__Unicode)

Library(kernel)
  deps:
    - ML(Kernel__Aliases)
    - ML(Kernel__IO__Aliases)
    - ML(Kernel__IO__IoVec__Aliases)
    - ML(Kernel__Async__Aliases)
    - ML(Kernel__Async__Adapter__Aliases)
    - ML(Kernel__Domain__Aliases)
    - ML(Kernel__Env__Aliases)
    - ML(Kernel__Fs__Aliases)
    - ML(Kernel__Fs__Events__Aliases)
    - ML(Kernel__Fs__File__Aliases)
    - ML(Kernel__Fs__Read_dir__Aliases)
    - ML(Kernel__Net__Aliases)
    - ML(Kernel__Net__Addr__Aliases)
    - ML(Kernel__Net__Ip_addr__Aliases)
    - ML(Kernel__Net__Socket_addr__Aliases)
    - ML(Kernel__Net__Tcp_listener__Aliases)
    - ML(Kernel__Net__Tcp_stream__Aliases)
    - ML(Kernel__Net__Udp_socket__Aliases)
    - ML(Kernel__Process__Aliases)
    - ML(Kernel__Random__Aliases)
    - ML(Kernel__Random__Source__Aliases)
    - ML(Kernel__Regex__Aliases)
    - ML(Kernel__Sync__Aliases)
    - ML(Kernel__System__Aliases)
    - ML(Kernel__Thread__Aliases)
    - ML(Kernel__Time__Aliases)
    - ML(Kernel__Time__Monotonic__Aliases)
    - ML(Kernel__Time__System_time__Aliases)
    - ML(Kernel__Time__Timer__Aliases)
    - ML(Kernel__Unicode__Aliases)
    - Native(native/kernel_new_async_unix.c, native/kernel_new_errors.h, native/kernel_new_exception.c, native/kernel_new_fsevents.c, native/kernel_new_host.c, native/kernel_new_random_source.c, native/kernel_new_runtime.c, native/kernel_new_unix_env.c, native/kernel_new_unix_io.c, native/kernel_new_unix_net.c, native/kernel_new_unix_process.c, native/kernel_new_unix_time.c, native/kernel_regex.c, native/kernel_time.c)
    - MLI(Kernel__Array)
    - MLI(Kernel__Caml_runtime)
    - MLI(Kernel__Exception)
    - MLI(Kernel__Gc)
    - MLI(Kernel__Option)
    - MLI(Kernel__Order)
    - MLI(Kernel__Path)
    - MLI(Kernel__Ptr)
    - MLI(Kernel__Queue)
    - MLI(Kernel__System_error)
    - MLI(Kernel__IO__Error)
    - MLI(Kernel__Async__Libc)
    - MLI(Kernel__Async__Non_zero_int)
    - MLI(Kernel__Async__Token)
    - MLI(Kernel__Sync__Atomic)
    - MLI(Kernel__Sync__Mutex)
    - MLI(Kernel__Thread__Unix)
    - ML(Kernel__Caml_runtime)
    - ML(Kernel__Option)
    - ML(Kernel__System_error)
    - ML(Kernel__Async__Libc)
    - ML(Kernel__Sync__Atomic)
    - ML(Kernel__Sync__Mutex)
    - ML(Kernel__Gc)
    - ML(Kernel__Order)
    - ML(Kernel__Ptr)
    - MLI(Kernel__System_error_code)
    - MLI(Kernel__Sync__Condition)
    - MLI(Kernel__Bool)
    - MLI(Kernel__Char)
    - MLI(Kernel__Float)
    - MLI(Kernel__Int)
    - MLI(Kernel__Int32)
    - MLI(Kernel__Int64)
    - MLI(Kernel__List)
    - MLI(Kernel__Prelude)
    - ML(Kernel__System_error_code)
    - ML(Kernel__Sync__Condition)
    - ML(Kernel__Int32)
    - ML(Kernel__Int64)
    - ML(Kernel__Prelude)
    - MLI(Kernel__Sync)
    - MLI(Kernel__Bytes)
    - MLI(Kernel__Result)
    - ML(Kernel__Bool)
    - ML(Kernel__Char)
    - ML(Kernel__Int)
    - ML(Kernel__Async__Non_zero_int)
    - ML(Kernel__Regex__Regex_stubs)
    - ML(Kernel__Thread__Unix)
    - MLI(Kernel__Unicode__Rune)
    - ML(Kernel__Sync)
    - ML(Kernel__Bytes)
    - ML(Kernel__Result)
    - ML(Kernel__Array)
    - ML(Kernel__List)
    - ML(Kernel__IO__Error)
    - ML(Kernel__Async__Token)
    - MLI(Kernel__Async__Interest)
    - MLI(Kernel__Regex)
    - MLI(Kernel__Thread)
    - ML(Kernel__Unicode__Rune)
    - MLI(Kernel__Async__Common)
    - MLI(Kernel__Net__Ip_addr__Unix)
    - MLI(Kernel__Random__Source__Unix)
    - MLI(Kernel__System__Unix)
    - MLI(Kernel__Time__Common)
    - MLI(Kernel__Time__Monotonic__Unix)
    - MLI(Kernel__Time__System_time__Unix)
    - ML(Kernel__Queue)
    - MLI(Kernel__IO__IoVec__Io_slice)
    - MLI(Kernel__Async__Event)
    - ML(Kernel__Async__Interest)
    - ML(Kernel__Regex)
    - MLI(Kernel__Unicode)
    - ML(Kernel__Async__Common)
    - ML(Kernel__Random__Source__Unix)
    - ML(Kernel__Time__Common)
    - ML(Kernel__Async__Event)
    - ML(Kernel__Unicode)
    - MLI(Kernel__Random__Source)
    - MLI(Kernel__Async__Adapter__Unix)
    - MLI(Kernel__String)
    - ML(Kernel__Random__Source)
    - ML(Kernel__Async__Adapter__Unix)
    - ML(Kernel__String)
    - MLI(Kernel__Random)
    - MLI(Kernel__Async__Adapter)
    - ML(Kernel__Exception)
    - ML(Kernel__Float)
    - ML(Kernel__Path)
    - ML(Kernel__IO__IoVec__Io_slice)
    - ML(Kernel__Net__Ip_addr__Unix)
    - ML(Kernel__System__Unix)
    - ML(Kernel__Time__Monotonic__Unix)
    - ML(Kernel__Time__System_time__Unix)
    - ML(Kernel__Random)
    - ML(Kernel__Async__Adapter)
    - MLI(Kernel__Effect)
    - ML(Kernel__Thread)
    - MLI(Kernel__Env__Unix)
    - MLI(Kernel__IO__IoVec)
    - MLI(Kernel__Net__Ip_addr)
    - MLI(Kernel__System)
    - MLI(Kernel__Time__Monotonic)
    - MLI(Kernel__Time__System_time)
    - MLI(Kernel__Async__Source)
    - ML(Kernel__Effect)
    - MLI(Kernel__Domain)
    - ML(Kernel__Env__Unix)
    - ML(Kernel__IO__IoVec)
    - ML(Kernel__Net__Ip_addr)
    - ML(Kernel__System)
    - ML(Kernel__Time__Monotonic)
    - ML(Kernel__Time__System_time)
    - ML(Kernel__Async__Source)
    - ML(Kernel__Domain)
    - MLI(Kernel__Env)
    - MLI(Kernel__IO__Buffer)
    - MLI(Kernel__Net__Socket_addr)
    - MLI(Kernel__Async__Poll)
    - ML(Kernel__Env)
    - ML(Kernel__IO__Buffer)
    - ML(Kernel__Net__Socket_addr)
    - ML(Kernel__Async__Poll)
    - MLI(Kernel__Net__Addr__Unix)
    - MLI(Kernel__Async)
    - ML(Kernel__Net__Addr__Unix)
    - ML(Kernel__Async)
    - MLI(Kernel__Net__Addr)
    - ML(Kernel__IO__Stdio)
    - MLI(Kernel__Fs__Events__Unix)
    - MLI(Kernel__Net__Udp_socket__Unix)
    - MLI(Kernel__Time__Timer)
    - ML(Kernel__Net__Addr)
    - MLI(Kernel__IO)
    - ML(Kernel__Fs__Events__Unix)
    - ML(Kernel__Net__Udp_socket__Unix)
    - ML(Kernel__Time__Timer)
    - ML(Kernel__IO)
    - MLI(Kernel__Fs__Events)
    - MLI(Kernel__Net__Udp_socket)
    - MLI(Kernel__Time)
    - MLI(Kernel__Fs__File__Unix)
    - MLI(Kernel__Net__Tcp_stream__Unix)
    - ML(Kernel__Fs__Events)
    - ML(Kernel__Net__Udp_socket)
    - ML(Kernel__Time)
    - ML(Kernel__Fs__File__Unix)
    - ML(Kernel__Net__Tcp_stream__Unix)
    - MLI(Kernel__Fs__File)
    - MLI(Kernel__Net__Tcp_stream)
    - ML(Kernel__Fs__File)
    - ML(Kernel__Net__Tcp_stream)
    - MLI(Kernel__Fs__Read_dir)
    - MLI(Kernel__Net__Tcp_listener__Unix)
    - ML(Kernel__Fs__Read_dir)
    - ML(Kernel__Net__Tcp_listener__Unix)
    - MLI(Kernel__Fs)
    - MLI(Kernel__Net__Tcp_listener)
    - ML(Kernel__Fs)
    - ML(Kernel__Net__Tcp_listener)
    - MLI(Kernel__Process__Unix)
    - MLI(Kernel__Net)
    - ML(Kernel__Process__Unix)
    - ML(Kernel__Net)
    - MLI(Kernel__Process)
    - ML(Kernel__Process)
    - MLI(Kernel__Error)
    - ML(Kernel__Error)
    - MLI(Kernel)
    - ML(Kernel)

CREATE LIBRARY OBJECTS

- Kernel__Aliases.cmx
- Kernel__IO__Aliases.cmx
- Kernel__IO__IoVec__Aliases.cmx
- Kernel__Async__Aliases.cmx
- Kernel__Async__Adapter__Aliases.cmx
- Kernel__Env__Aliases.cmx
- Kernel__Fs__Aliases.cmx
- Kernel__Fs__Events__Aliases.cmx
- Kernel__Fs__File__Aliases.cmx
- Kernel__Fs__Read_dir__Aliases.cmx
- Kernel__Net__Aliases.cmx
- Kernel__Net__Addr__Aliases.cmx
- Kernel__Net__Ip_addr__Aliases.cmx
- Kernel__Net__Socket_addr__Aliases.cmx
- Kernel__Net__Tcp_listener__Aliases.cmx
- Kernel__Net__Tcp_stream__Aliases.cmx
- Kernel__Net__Udp_socket__Aliases.cmx
- Kernel__Process__Aliases.cmx
- Kernel__Random__Aliases.cmx
- Kernel__Random__Source__Aliases.cmx
- Kernel__Regex__Aliases.cmx
- Kernel__Sync__Aliases.cmx
- Kernel__System__Aliases.cmx
- Kernel__Thread__Aliases.cmx
- Kernel__Time__Aliases.cmx
- Kernel__Time__Monotonic__Aliases.cmx
- Kernel__Time__System_time__Aliases.cmx
- Kernel__Time__Timer__Aliases.cmx
- Kernel__Unicode__Aliases.cmx
- kernel_new_async_unix.o
- kernel_new_exception.o
- kernel_new_fsevents.o
- kernel_new_host.o
- kernel_new_random_source.o
- kernel_new_runtime.o
- kernel_new_unix_env.o
- kernel_new_unix_io.o
- kernel_new_unix_net.o
- kernel_new_unix_process.o
- kernel_new_unix_time.o
- kernel_regex.o
- kernel_time.o
- Kernel__Caml_runtime.cmx
- Kernel__Option.cmx
- Kernel__System_error.cmx
- Kernel__Async__Libc.cmx
- Kernel__Sync__Atomic.cmx
- Kernel__Sync__Mutex.cmx
- Kernel__Gc.cmx
- Kernel__Order.cmx
- Kernel__Ptr.cmx
- Kernel__System_error_code.cmx
- Kernel__Sync__Condition.cmx
- Kernel__Int32.cmx
- Kernel__Int64.cmx
- Kernel__Prelude.cmx
- Kernel__Bool.cmx
- Kernel__Char.cmx
- Kernel__Int.cmx
- Kernel__Async__Non_zero_int.cmx
- Kernel__Regex__Regex_stubs.cmx
- Kernel__Sync.cmx
- Kernel__Bytes.cmx
- Kernel__Result.cmx
- Kernel__Array.cmx
- Kernel__List.cmx
- Kernel__IO__Error.cmx
- Kernel__Async__Token.cmx
- Kernel__Unicode__Rune.cmx
- Kernel__Queue.cmx
- Kernel__Async__Interest.cmx
- Kernel__Regex.cmx
- Kernel__Async__Common.cmx
- Kernel__Random__Source__Unix.cmx
- Kernel__Time__Common.cmx
- Kernel__Async__Event.cmx
- Kernel__Unicode.cmx
- Kernel__Random__Source.cmx
- Kernel__Async__Adapter__Unix.cmx
- Kernel__String.cmx
- Kernel__Exception.cmx
- Kernel__Float.cmx
- Kernel__Path.cmx
- Kernel__IO__IoVec__Io_slice.cmx
- Kernel__Net__Ip_addr__Unix.cmx
- Kernel__System__Unix.cmx
- Kernel__Time__Monotonic__Unix.cmx
- Kernel__Time__System_time__Unix.cmx
- Kernel__Random.cmx
- Kernel__Async__Adapter.cmx
- Kernel__Thread.cmx
- Kernel__Effect.cmx
- Kernel__Env__Unix.cmx
- Kernel__IO__IoVec.cmx
- Kernel__Net__Ip_addr.cmx
- Kernel__System.cmx
- Kernel__Time__Monotonic.cmx
- Kernel__Time__System_time.cmx
- Kernel__Async__Source.cmx
- Kernel__Env.cmx
- Kernel__IO__Buffer.cmx
- Kernel__Net__Socket_addr.cmx
- Kernel__Async__Poll.cmx
- Kernel__Net__Addr__Unix.cmx
- Kernel__Async.cmx
- Kernel__IO__Stdio.cmx
- Kernel__Net__Addr.cmx
- Kernel__Fs__Events__Unix.cmx
- Kernel__Net__Udp_socket__Unix.cmx
- Kernel__Time__Timer.cmx
- Kernel__IO.cmx
- Kernel__Fs__Events.cmx
- Kernel__Net__Udp_socket.cmx
- Kernel__Time.cmx
- Kernel__Fs__File__Unix.cmx
- Kernel__Net__Tcp_stream__Unix.cmx
- Kernel__Fs__File.cmx
- Kernel__Net__Tcp_stream.cmx
- Kernel__Fs__Read_dir.cmx
- Kernel__Net__Tcp_listener__Unix.cmx
- Kernel__Fs.cmx
- Kernel__Net__Tcp_listener.cmx
- Kernel__Process__Unix.cmx
- Kernel__Net.cmx
- Kernel__Process.cmx
- Kernel__Error.cmx
- Kernel.cmx
