---
source: tests/fixtures.rs
assertion_line: 1482
expression: transcript
---
fixture: tests/fixtures/diagnostics/types/generic_variant_payload_binding_mismatch.ml

compile:
status: failure(1)
stdout:
<empty>
stderr:
Error: stage0::source

  × string_concat argument has the wrong type
   ╭─[tests/fixtures/diagnostics/types/generic_variant_payload_binding_mismatch.ml:5:34]
 4 │   match item {
 5 │     Some(value) -> string_concat(value, ""),
   ·                                  ──┬──
   ·                                    ╰── expected `String`, found `i64`
 6 │     None -> "none"
   ╰────
  help: check the call argument type
