[
  {
    "kind": {
      "expected": "boolean expression after when",
      "fix": "add a boolean expression after 'when'",
      "found": {
        "kind": "->",
        "text": "->"
      },
      "hint": "Match guards require an expression after the 'when' keyword.\n\nIn OCaml, match guards have the syntax: | pattern when condition -> result\n  ```ocaml\n  (* Correct syntax *)\n  let x = match n with x when x > 0 -> \"positive\" | _ -> \"not positive\"\n  \n  (* Missing guard expression *)\n  let y = match n with x when -> \"result\"  (* error: missing condition after 'when' *)\n  ```\n\nFix: add a boolean expression after 'when'.\n",
      "id": "E0031",
      "name": "match-guard-missing-expr"
    },
    "span": {
      "end": 27,
      "start": 27
    }
  }
]
