---
source: target/debug/build/tinyml-3635f5e80bf3d5dc/out/corpus_tests_generated.rs
expression: "check_snapshot(\"tests/fixtures/0003_use_qualified.ml\")"
---
ModuleSummary {
    tst: Module {
        items: [
            LetDecl(
                Const {
                    binding: BindingId(
                        0,
                    ),
                    entity: EntityId(
                        0,
                    ),
                    name: Name {
                        name: "x",
                        span: Span {
                            start: 33,
                            end: 34,
                        },
                    },
                    hint: None,
                    body: Expr {
                        ty: Apply {
                            ident: Name {
                                name: "i32",
                                span: Span {
                                    start: 0,
                                    end: 0,
                                },
                            },
                            arguments: [],
                        },
                        kind: Literal {
                            value: Int(
                                "1",
                            ),
                        },
                        span: Span {
                            start: 37,
                            end: 38,
                        },
                    },
                    scheme: Scheme {
                        quantifier: [],
                        body: Apply {
                            ident: Name {
                                name: "i32",
                                span: Span {
                                    start: 0,
                                    end: 0,
                                },
                            },
                            arguments: [],
                        },
                    },
                    span: Span {
                        start: 29,
                        end: 38,
                    },
                },
            ),
        ],
    },
    interface: ModuleInterface {
        values: [
            ValueDescription {
                name: Name {
                    name: "x",
                    span: Span {
                        start: 33,
                        end: 34,
                    },
                },
                scheme: Scheme {
                    quantifier: [],
                    body: Apply {
                        ident: Name {
                            name: "i32",
                            span: Span {
                                start: 0,
                                end: 0,
                            },
                        },
                        arguments: [],
                    },
                },
            },
        ],
        constructors: [],
        record_fields: [],
        types: [],
        modules: [],
    },
    diagnostics: [
        UnsupportedUseDeclaration,
        UnsupportedUseDeclaration,
    ],
}
