{
  "items": [
    {
      "item": {
        "and_binding": null,
        "attributes": [],
        "binding_pattern": {
          "syntax_node": {
            "kind": "WILDCARD_PATTERN",
            "span": {
              "end": 5,
              "start": 3
            }
          },
          "tag": "wildcard"
        },
        "equals_token": {
          "kind": "IDENT_EXPR",
          "span": {
            "end": 7,
            "start": 6
          },
          "text": "="
        },
        "is_recursive": false,
        "keyword_token": {
          "kind": "IDENT_EXPR",
          "span": {
            "end": 3,
            "start": 0
          },
          "text": "let"
        },
        "parameters": [],
        "rec_token": null,
        "syntax_node": {
          "kind": "LET_BINDING",
          "span": {
            "end": 26,
            "start": 0
          }
        },
        "value": {
          "attributes": [
            {
              "name": {
                "name_token": {
                  "kind": "IDENT_EXPR",
                  "span": {
                    "end": 19,
                    "start": 16
                  },
                  "text": "foo"
                },
                "syntax_node": {
                  "kind": "ATTRIBUTE_EXPR",
                  "span": {
                    "end": 26,
                    "start": 13
                  }
                },
                "tag": "ident"
              },
              "payload": {
                "tag": "opaque",
                "tokens": [
                  {
                    "kind": "INT_LITERAL",
                    "span": {
                      "end": 21,
                      "start": 20
                    },
                    "text": "1"
                  },
                  {
                    "kind": "IDENT_EXPR",
                    "span": {
                      "end": 23,
                      "start": 22
                    },
                    "text": "+"
                  },
                  {
                    "kind": "INT_LITERAL",
                    "span": {
                      "end": 25,
                      "start": 24
                    },
                    "text": "2"
                  }
                ]
              },
              "sigil_tokens": [
                {
                  "kind": "IDENT_EXPR",
                  "span": {
                    "end": 16,
                    "start": 15
                  },
                  "text": "@"
                }
              ],
              "syntax_node": {
                "kind": "ATTRIBUTE_EXPR",
                "span": {
                  "end": 26,
                  "start": 13
                }
              }
            }
          ],
          "path": {
            "name_token": {
              "kind": "IDENT_EXPR",
              "span": {
                "end": 13,
                "start": 8
              },
              "text": "value"
            },
            "syntax_node": {
              "kind": "IDENT_EXPR",
              "span": {
                "end": 13,
                "start": 7
              }
            },
            "tag": "ident"
          },
          "syntax_node": {
            "kind": "IDENT_EXPR",
            "span": {
              "end": 13,
              "start": 7
            }
          },
          "tag": "path"
        }
      },
      "tag": "let_binding"
    }
  ],
  "kind": "implementation",
  "syntax_node": {
    "kind": "SOURCE_FILE",
    "span": {
      "end": 26,
      "start": 0
    }
  }
}